2025-11-21T23:29:33.588897805Z ==========
2025-11-21T23:29:33.588898917Z == CUDA ==
2025-11-21T23:29:33.588901912Z ==========
2025-11-21T23:29:33.590351403Z CUDA Version 12.9.1
2025-11-21T23:29:33.590834346Z Container image Copyright (c) 2016-2023, NVIDIA CORPORATION & AFFILIATES. All rights reserved.
2025-11-21T23:29:33.591298314Z This container image and its contents are governed by the NVIDIA Deep Learning Container License.
2025-11-21T23:29:33.591299286Z By pulling and using the container, you accept the terms and conditions of this license:
2025-11-21T23:29:33.591300088Z https://developer.nvidia.com/ngc/nvidia-deep-learning-container-license
2025-11-21T23:29:33.591301220Z A copy of this license is made available in this container at /NGC-DL-CONTAINER-LICENSE for your convenience.
2025-11-21T23:29:33.670926262Z Writing to /root/.config/pip/pip.conf
2025-11-21T23:29:33.755276030Z Writing to /root/.config/pip/pip.conf
2025-11-21T23:29:33.767194348Z Cloning into 'AReaL'...
2025-11-21T23:29:35.045860231Z Checking AReaL installation...
2025-11-21T23:29:35.076259690Z AReaL already installed. Skipping installation.
2025-11-21T23:29:35.076275679Z Cleaning up any leftover GPU processes...
2025-11-21T23:29:35.076294404Z Installing cleanup tools (psmisc, lsof)...
2025-11-21T23:29:35.267882683Z Get:2 https://developer.download.nvidia.com/compute/cuda/repos/ubuntu2204/x86_64  InRelease [1,581 B]
2025-11-21T23:29:35.376675911Z Get:3 https://ppa.launchpadcontent.net/deadsnakes/ppa/ubuntu jammy InRelease [18.1 kB]
2025-11-21T23:29:35.454597458Z Get:4 https://ppa.launchpadcontent.net/deadsnakes/ppa/ubuntu jammy/main amd64 Packages [38.5 kB]
2025-11-21T23:29:36.228850375Z Get:5 https://developer.download.nvidia.com/compute/cuda/repos/ubuntu2204/x86_64  Packages [2,151 kB]
2025-11-21T23:29:36.700649722Z Hit:6 https://mirrors.tuna.tsinghua.edu.cn/ubuntu jammy InRelease
2025-11-21T23:29:37.238467114Z Get:7 https://mirrors.tuna.tsinghua.edu.cn/ubuntu jammy-updates InRelease [128 kB]
2025-11-21T23:29:37.304104029Z Ign:1 https://developer.download.nvidia.com/devtools/repos/ubuntu2004/amd64  InRelease
2025-11-21T23:29:38.105298167Z Get:9 https://mirrors.tuna.tsinghua.edu.cn/ubuntu jammy-backports InRelease [127 kB]
2025-11-21T23:29:38.426427914Z Get:8 https://developer.download.nvidia.com/devtools/repos/ubuntu2004/amd64  Release [496 B]
2025-11-21T23:29:38.499414642Z Get:10 https://mirrors.tuna.tsinghua.edu.cn/ubuntu jammy-security InRelease [129 kB]
2025-11-21T23:29:38.874178968Z Get:11 https://mirrors.tuna.tsinghua.edu.cn/ubuntu jammy-updates/universe amd64 Packages [1,595 kB]
2025-11-21T23:29:39.358160977Z Get:12 https://developer.download.nvidia.com/devtools/repos/ubuntu2004/amd64  Release.gpg [833 B]
2025-11-21T23:29:39.680212438Z Get:13 https://mirrors.tuna.tsinghua.edu.cn/ubuntu jammy-updates/restricted amd64 Packages [6,214 kB]
2025-11-21T23:29:40.174852989Z Get:14 https://developer.download.nvidia.com/devtools/repos/ubuntu2004/amd64  Packages [18.8 kB]
2025-11-21T23:29:40.296976696Z Get:15 https://mirrors.tuna.tsinghua.edu.cn/ubuntu jammy-updates/main amd64 Packages [3,873 kB]
2025-11-21T23:29:40.563012785Z Get:16 https://mirrors.tuna.tsinghua.edu.cn/ubuntu jammy-updates/multiverse amd64 Packages [69.2 kB]
2025-11-21T23:29:40.564512560Z Get:17 https://mirrors.tuna.tsinghua.edu.cn/ubuntu jammy-backports/universe amd64 Packages [35.2 kB]
2025-11-21T23:29:40.565521246Z Get:18 https://mirrors.tuna.tsinghua.edu.cn/ubuntu jammy-backports/main amd64 Packages [83.9 kB]
2025-11-21T23:29:40.567800549Z Get:19 https://mirrors.tuna.tsinghua.edu.cn/ubuntu jammy-security/multiverse amd64 Packages [60.9 kB]
2025-11-21T23:29:40.568802302Z Get:20 https://mirrors.tuna.tsinghua.edu.cn/ubuntu jammy-security/restricted amd64 Packages [5,988 kB]
2025-11-21T23:29:41.053305005Z Get:21 https://mirrors.tuna.tsinghua.edu.cn/ubuntu jammy-security/universe amd64 Packages [1,290 kB]
2025-11-21T23:29:41.190125886Z Get:22 https://mirrors.tuna.tsinghua.edu.cn/ubuntu jammy-security/main amd64 Packages [3,532 kB]
2025-11-21T23:29:41.519202504Z Fetched 25.4 MB in 6s (3,955 kB/s)
2025-11-21T23:29:41.940678183Z Reading package lists...
2025-11-21T23:29:41.947338037Z W: http://developer.download.nvidia.com/devtools/repos/ubuntu2004/amd64/Release.gpg: Key is stored in legacy trusted.gpg keyring (/etc/apt/trusted.gpg), see the DEPRECATION section in apt-key(8) for details.
2025-11-21T23:29:42.380602311Z Reading package lists...
2025-11-21T23:29:42.502487593Z Building dependency tree...
2025-11-21T23:29:42.502792172Z Reading state information...
2025-11-21T23:29:42.596767480Z lsof is already the newest version (4.93.2+dfsg-1.1build2).
2025-11-21T23:29:42.596796214Z The following NEW packages will be installed:
2025-11-21T23:29:42.596798238Z   psmisc
2025-11-21T23:29:45.294672805Z 0 upgraded, 1 newly installed, 0 to remove and 62 not upgraded.
2025-11-21T23:29:45.294691821Z Need to get 119 kB of archives.
2025-11-21T23:29:45.294693644Z After this operation, 463 kB of additional disk space will be used.
2025-11-21T23:29:45.294694957Z Get:1 https://mirrors.tuna.tsinghua.edu.cn/ubuntu jammy/main amd64 psmisc amd64 23.4-2build3 [119 kB]
2025-11-21T23:29:45.858894876Z debconf: delaying package configuration, since apt-utils is not installed
2025-11-21T23:29:45.875220255Z Fetched 119 kB in 3s (37.4 kB/s)
2025-11-21T23:29:45.886866554Z Selecting previously unselected package psmisc.
2025-11-21T23:29:45.900378913Z (Reading database ... (Reading database ... 5%(Reading database ... 10%(Reading database ... 15%(Reading database ... 20%(Reading database ... 25%(Reading database ... 30%(Reading database ... 35%(Reading database ... 40%(Reading database ... 45%(Reading database ... 50%(Reading database ... 55%(Reading database ... 60%(Reading database ... 65%(Reading database ... 70%(Reading database ... 75%(Reading database ... 80%(Reading database ... 85%(Reading database ... 90%(Reading database ... 95%(Reading database ... 100%(Reading database ... 70438 files and directories currently installed.)
2025-11-21T23:29:45.901277073Z Preparing to unpack .../psmisc_23.4-2build3_amd64.deb ...
2025-11-21T23:29:45.902182666Z Unpacking psmisc (23.4-2build3) ...
2025-11-21T23:29:45.922299956Z Setting up psmisc (23.4-2build3) ...
2025-11-21T23:29:45.925809890Z Processing triggers for man-db (2.10.2-1) ...
2025-11-21T23:29:48.979028467Z Checking for processes holding GPU device files...
2025-11-21T23:29:49.104767595Z Found processes holding GPU devices: 1
2025-11-21T23:29:49.104777504Z 20
2025-11-21T23:29:49.104778535Z 552
2025-11-21T23:29:49.104779056Z 553
2025-11-21T23:29:49.104779607Z Killing process 1...
2025-11-21T23:29:49.104780118Z Killing process 552...
2025-11-21T23:29:49.104824081Z Killing process 553...
2025-11-21T23:29:51.105805608Z Using fuser to kill processes on GPU devices...
2025-11-21T23:29:53.111900667Z Checking GPU...
2025-11-21T23:29:53.126899656Z NVIDIA GeForce RTX 5090, 32607 MiB
2025-11-21T23:29:53.131888495Z Set PYTORCH_CUDA_ALLOC_CONF=expandable_segments:True for better memory management
2025-11-21T23:29:53.131910547Z Detected 1 GPU(s)
2025-11-21T23:29:53.131912460Z Checking GPU status...
2025-11-21T23:29:53.142339309Z index, name, utilization.gpu [%], memory.used [MiB], compute_mode
2025-11-21T23:29:53.144017798Z 0, NVIDIA GeForce RTX 5090, 0, 2, Default
2025-11-21T23:29:53.160002269Z Verifying GPU accessibility...
2025-11-21T23:29:53.417129589Z /usr/local/lib/python3.12/dist-packages/torch/cuda/__init__.py:63: FutureWarning: The pynvml package is deprecated. Please install nvidia-ml-py instead. If you did not install pynvml directly, please report this to the maintainers of the package that installed pynvml for you.
2025-11-21T23:29:53.417137424Z   import pynvml  # type: ignore[import]
2025-11-21T23:29:53.944061186Z GPU accessibility verified on attempt 1
2025-11-21T23:29:54.178279495Z Starting training...
2025-11-21T23:29:57.179784366Z Using REASONING FAST training configuration (20-30 minutes)
2025-11-21T23:29:57.179815314Z Note: Trains reasoning model with XML format
2025-11-21T23:29:57.180892218Z ==========================================
2025-11-21T23:29:57.180893480Z Starting GRPO Training (Cloud)
2025-11-21T23:29:57.180894212Z ==========================================
2025-11-21T23:29:57.180894843Z Config: reasoning_fast
2025-11-21T23:29:57.180905573Z Config file: examples/cloud_gsm8k/gsm8k_grpo_reasoning_fast.yaml
2025-11-21T23:29:57.180906886Z Training script: examples/cloud_gsm8k/gsm8k_grpo_train.py
2025-11-21T23:29:57.180907366Z Experiment: gsm8k-grpo-reasoning-fast
2025-11-21T23:29:57.180907867Z Trial: trial_20251121_232957
2025-11-21T23:29:57.180908338Z GPU: NVIDIA GeForce RTX 5090 (32607 MB)
2025-11-21T23:29:57.180910212Z WandB API key: e1adc5be02...
2025-11-21T23:29:57.180910773Z ==========================================
2025-11-21T23:29:57.527048446Z /usr/local/lib/python3.12/dist-packages/torch/cuda/__init__.py:63: FutureWarning: The pynvml package is deprecated. Please install nvidia-ml-py instead. If you did not install pynvml directly, please report this to the maintainers of the package that installed pynvml for you.
2025-11-21T23:29:57.527075446Z   import pynvml  # type: ignore[import]
2025-11-21T23:29:59.559228335Z [37m20251121-23:29:59.559 Platform init INFO: Detected CUDA device: NVIDIA GEFORCE RTX 5090[0m
2025-11-21T23:29:59.559251008Z [37m20251121-23:29:59.559 Platform init INFO: Initializing CUDA platform (NVIDIA).[0m
2025-11-21T23:29:59.559425093Z [37m20251121-23:29:59.559 name-resolve INFO: No such name resolve path: ./tmp/areal/name_resolve/root/gsm8k-grpo-reasoning-fast/trial_20251121_232957[0m
2025-11-21T23:29:59.617571169Z [37m20251121-23:29:59.617 Local Scheduler INFO: LocalLauncher: experiment_name=gsm8k-grpo-reasoning-fast, trial_name=trial_20251121_232957, fileroot=/workspace/outputs/grpo, run_id=0, is_recover_run=False[0m
2025-11-21T23:29:59.622225703Z [37m20251121-23:29:59.622 Local Scheduler INFO: Starting local process with command: TOKENIZERS_PARALLELISM=true PYTORCH_KERNEL_CACHE_PATH=/tmp/areal/.cache/root/torch/kernels/ TRITON_CACHE_DIR=/tmp/areal/.cache/root/triton/ VLLM_CACHE_ROOT=/tmp/areal/.cache/root/vllm/ CUDA_DEVICE_MAX_CONNECTIONS=1 PYTHONPATH=/workspace/AReaL:/workspace/AReaL CUDA_VISIBLE_DEVICES=0 stdbuf -oL python3 -m areal.launcher.sglang_server examples/cloud_gsm8k/gsm8k_grpo_train.py --config examples/cloud_gsm8k/gsm8k_grpo_reasoning_fast.yaml experiment_name=gsm8k-grpo-reasoning-fast trial_name=trial_20251121_232957 sglang.random_seed=1 2>&1 | tee -a /workspace/outputs/grpo/logs/root/gsm8k-grpo-reasoning-fast/trial_20251121_232957/llm_server.log[0m
2025-11-21T23:30:00.022728642Z /usr/local/lib/python3.12/dist-packages/torch/cuda/__init__.py:63: FutureWarning: The pynvml package is deprecated. Please install nvidia-ml-py instead. If you did not install pynvml directly, please report this to the maintainers of the package that installed pynvml for you.
2025-11-21T23:30:00.022757646Z   import pynvml  # type: ignore[import]
2025-11-21T23:30:00.765171053Z [37m20251121-23:30:00.765 Platform init INFO: Detected CUDA device: NVIDIA GEFORCE RTX 5090[0m
2025-11-21T23:30:00.765493206Z [37m20251121-23:30:00.765 Platform init INFO: Initializing CUDA platform (NVIDIA).[0m
2025-11-21T23:30:00.830337598Z [37m20251121-23:30:00.830 SGLangServer Wrapper INFO: Launch command: python3 -m sglang.launch_server --host 172.18.0.2 --port 31931 --tokenizer-path Qwen/Qwen2.5-0.5B-Instruct --tokenizer-mode auto --load-format auto --trust-remote-code --device cuda --tp-size 1 --base-gpu-id 0 --nnodes 1 --node-rank 0 --dist-init-addr localhost:40659 --model-path Qwen/Qwen2.5-0.5B-Instruct --random-seed 1 --skip-tokenizer-init --disable-radix-cache --torch-compile-max-bs 32 --triton-attention-num-kv-splits 8 --num-continuous-decode-steps 1 --attention-backend triton --context-length 4096 --mem-fraction-static 0.8 --chunked-prefill-size -1 --max-prefill-tokens 32768 --schedule-policy lpm --schedule-conservativeness 1.0 --cpu-offload-gb 0 --dtype bfloat16 --kv-cache-dtype auto --dp-size 1 --ep-size 1 --max-loaded-loras 1 --max-loras-per-batch 1 --lora-backend triton --log-level warning --log-level-http warning --log-requests-level 0 --enable-metrics --decode-log-interval 1[0m
2025-11-21T23:30:01.365222196Z /usr/local/lib/python3.12/dist-packages/torch/cuda/__init__.py:63: FutureWarning: The pynvml package is deprecated. Please install nvidia-ml-py instead. If you did not install pynvml directly, please report this to the maintainers of the package that installed pynvml for you.
2025-11-21T23:30:01.365267681Z   import pynvml  # type: ignore[import]
2025-11-21T23:30:04.496220176Z INFO 11-21 23:30:04 [__init__.py:216] Automatically detected platform cuda.
2025-11-21T23:30:05.205603577Z All deep_gemm operations loaded successfully!
2025-11-21T23:30:05.396913885Z `torch_dtype` is deprecated! Use `dtype` instead!
2025-11-21T23:30:05.762682900Z /usr/local/lib/python3.12/dist-packages/torch/cuda/__init__.py:63: FutureWarning: The pynvml package is deprecated. Please install nvidia-ml-py instead. If you did not install pynvml directly, please report this to the maintainers of the package that installed pynvml for you.
2025-11-21T23:30:05.762700824Z   import pynvml  # type: ignore[import]
2025-11-21T23:30:05.763052742Z /usr/local/lib/python3.12/dist-packages/torch/cuda/__init__.py:63: FutureWarning: The pynvml package is deprecated. Please install nvidia-ml-py instead. If you did not install pynvml directly, please report this to the maintainers of the package that installed pynvml for you.
2025-11-21T23:30:05.763060837Z   import pynvml  # type: ignore[import]
2025-11-21T23:30:08.889824528Z INFO 11-21 23:30:08 [__init__.py:216] Automatically detected platform cuda.
2025-11-21T23:30:08.889851158Z INFO 11-21 23:30:08 [__init__.py:216] Automatically detected platform cuda.
2025-11-21T23:30:09.544160568Z `torch_dtype` is deprecated! Use `dtype` instead!
2025-11-21T23:30:09.898230294Z [Gloo] Rank 0 is connected to 0 peer ranks. Expected number of connected peer ranks is : 0
2025-11-21T23:30:09.903836918Z [Gloo] Rank 0 is connected to 0 peer ranks. Expected number of connected peer ranks is : 0
2025-11-21T23:30:09.904100301Z [Gloo] Rank 0 is connected to 0 peer ranks. Expected number of connected peer ranks is : 0
2025-11-21T23:30:09.904435698Z [Gloo] Rank 0 is connected to 0 peer ranks. Expected number of connected peer ranks is : 0
2025-11-21T23:30:09.937604195Z [2025-11-21 23:30:09] MOE_RUNNER_BACKEND is not initialized, using triton backend
2025-11-21T23:30:10.198194671Z /usr/local/lib/python3.12/dist-packages/pydantic/_internal/_generate_schema.py:2249: UnsupportedFieldAttributeWarning: The 'repr' attribute with value False was provided to the `Field()` function, which has no effect in the context it was used. 'repr' is field-specific metadata, and can only be attached to a model field using `Annotated` metadata or by assignment. This may have happened because an `Annotated` type alias using the `type` statement was used, or if the `Field()` function was attached to a single member of a union type.
2025-11-21T23:30:10.198216121Z   warnings.warn(
2025-11-21T23:30:10.198218005Z /usr/local/lib/python3.12/dist-packages/pydantic/_internal/_generate_schema.py:2249: UnsupportedFieldAttributeWarning: The 'frozen' attribute with value True was provided to the `Field()` function, which has no effect in the context it was used. 'frozen' is field-specific metadata, and can only be attached to a model field using `Annotated` metadata or by assignment. This may have happened because an `Annotated` type alias using the `type` statement was used, or if the `Field()` function was attached to a single member of a union type.
2025-11-21T23:30:10.198219237Z   warnings.warn(
2025-11-21T23:30:13.605645782Z All deep_gemm operations loaded successfully!
2025-11-21T23:30:13.605968275Z Loading safetensors checkpoint shards:   0% Completed | 0/1 [00:00<?, ?it/s]
2025-11-21T23:30:13.696515733Z Loading safetensors checkpoint shards: 100% Completed | 1/1 [00:00<00:00, 11.02it/s]
2025-11-21T23:30:24.202296545Z   0%|          | 0/4 [00:00<?, ?it/s]Capturing batches (bs=8 avail_mem=6.00 GB):   0%|          | 0/4 [00:00<?, ?it/s]Capturing batches (bs=8 avail_mem=6.00 GB):  25%|â–ˆâ–ˆâ–Œ       | 1/4 [00:09<00:29,  9.92s/it]Capturing batches (bs=4 avail_mem=5.95 GB):  25%|â–ˆâ–ˆâ–Œ       | 1/4 [00:09<00:29,  9.92s/it]Capturing batches (bs=2 avail_mem=5.95 GB):  25%|â–ˆâ–ˆâ–Œ       | 1/4 [00:09<00:29,  9.92s/it]Capturing batches (bs=1 avail_mem=5.94 GB):  25%|â–ˆâ–ˆâ–Œ       | 1/4 [00:09<00:29,  9.92s/it]Capturing batches (bs=1 avail_mem=5.94 GB): 100%|â–ˆâ–ˆâ–ˆâ–ˆâ–ˆâ–ˆâ–ˆâ–ˆâ–ˆâ–ˆ| 4/4 [00:09<00:00,  2.49s/it]
2025-11-21T23:30:29.854043121Z [37m20251121-23:30:29.853 SGLangServer Wrapper INFO: SGLang server launched at: http://172.18.0.2:31931[0m
2025-11-21T23:30:30.626859312Z [37m20251121-23:30:30.626 Launcher Utils INFO: Found 1 rollout servers: 172.18.0.2:31931[0m
2025-11-21T23:30:30.626899678Z [37m20251121-23:30:30.626 Local Scheduler INFO: LLM inference server launched at: AREAL_LLM_SERVER_ADDRS=172.18.0.2:31931[0m
2025-11-21T23:30:30.628729179Z [37m20251121-23:30:30.628 Local Scheduler INFO: Starting local process with command: TOKENIZERS_PARALLELISM=true PYTORCH_KERNEL_CACHE_PATH=/tmp/areal/.cache/root/torch/kernels/ TRITON_CACHE_DIR=/tmp/areal/.cache/root/triton/ VLLM_CACHE_ROOT=/tmp/areal/.cache/root/vllm/ CUDA_DEVICE_MAX_CONNECTIONS=1 PYTHONPATH=/workspace/AReaL:/workspace/AReaL AREAL_LLM_SERVER_ADDRS=172.18.0.2:31931 AREAL_RECOVER_RUN=0 NCCL_CUMEM_ENABLE=0 NCCL_NVLS_ENABLE=0 CUDA_VISIBLE_DEVICES=0 stdbuf -oL torchrun --nnodes 1 --nproc-per-node 1 --master-addr localhost --master-port 30150 examples/cloud_gsm8k/gsm8k_grpo_train.py --config examples/cloud_gsm8k/gsm8k_grpo_reasoning_fast.yaml experiment_name=gsm8k-grpo-reasoning-fast trial_name=trial_20251121_232957 2>&1 | tee -a /workspace/outputs/grpo/logs/root/gsm8k-grpo-reasoning-fast/trial_20251121_232957/trainer.log[0m
2025-11-21T23:30:30.628941476Z [37m20251121-23:30:30.628 Local Scheduler INFO: Waiting for 2 local running processes, pids: 700 1354[0m
2025-11-21T23:30:30.919056365Z /usr/local/lib/python3.12/dist-packages/torch/cuda/__init__.py:63: FutureWarning: The pynvml package is deprecated. Please install nvidia-ml-py instead. If you did not install pynvml directly, please report this to the maintainers of the package that installed pynvml for you.
2025-11-21T23:30:30.919087162Z   import pynvml  # type: ignore[import]
2025-11-21T23:30:31.524500873Z /usr/local/lib/python3.12/dist-packages/torch/cuda/__init__.py:63: FutureWarning: The pynvml package is deprecated. Please install nvidia-ml-py instead. If you did not install pynvml directly, please report this to the maintainers of the package that installed pynvml for you.
2025-11-21T23:30:31.524536700Z   import pynvml  # type: ignore[import]
2025-11-21T23:30:35.587527209Z /usr/local/lib/python3.12/dist-packages/pydantic/_internal/_generate_schema.py:2249: UnsupportedFieldAttributeWarning: The 'repr' attribute with value False was provided to the `Field()` function, which has no effect in the context it was used. 'repr' is field-specific metadata, and can only be attached to a model field using `Annotated` metadata or by assignment. This may have happened because an `Annotated` type alias using the `type` statement was used, or if the `Field()` function was attached to a single member of a union type.
2025-11-21T23:30:35.587547256Z   warnings.warn(
2025-11-21T23:30:35.587826819Z /usr/local/lib/python3.12/dist-packages/pydantic/_internal/_generate_schema.py:2249: UnsupportedFieldAttributeWarning: The 'frozen' attribute with value True was provided to the `Field()` function, which has no effect in the context it was used. 'frozen' is field-specific metadata, and can only be attached to a model field using `Annotated` metadata or by assignment. This may have happened because an `Annotated` type alias using the `type` statement was used, or if the `Field()` function was attached to a single member of a union type.
2025-11-21T23:30:35.587828783Z   warnings.warn(
2025-11-21T23:30:37.938995272Z [37m20251121-23:30:37.938 Platform init INFO: Detected CUDA device: NVIDIA GEFORCE RTX 5090[0m
2025-11-21T23:30:37.939447798Z [37m20251121-23:30:37.938 Platform init INFO: Initializing CUDA platform (NVIDIA).[0m
2025-11-21T23:30:38.162630570Z [37m20251121-23:30:38.162 [FSDP Engine Rank 0] INFO: Initializing device mesh with parallel dims (dp=1, sp=1, tp=1, ep=1, etp=1, world_size=1).[0m
2025-11-21T23:30:38.164067067Z [37m20251121-23:30:38.163 [FSDP Engine Rank 0] INFO: Data parallel head 0 and rank 0[0m
2025-11-21T23:30:42.169022006Z Generating train split:   0%|          | 0/7473 [00:00<?, ? examples/s]Generating train split: 100%|â–ˆâ–ˆâ–ˆâ–ˆâ–ˆâ–ˆâ–ˆâ–ˆâ–ˆâ–ˆ| 7473/7473 [00:00<00:00, 714149.78 examples/s]
2025-11-21T23:30:42.170784512Z Generating test split:   0%|          | 0/1319 [00:00<?, ? examples/s]Generating test split: 100%|â–ˆâ–ˆâ–ˆâ–ˆâ–ˆâ–ˆâ–ˆâ–ˆâ–ˆâ–ˆ| 1319/1319 [00:00<00:00, 807869.01 examples/s]
2025-11-21T23:30:42.531966369Z Map:   0%|          | 0/7473 [00:00<?, ? examples/s]Map:  65%|â–ˆâ–ˆâ–ˆâ–ˆâ–ˆâ–ˆâ–Œ   | 4869/7473 [00:00<00:00, 14707.33 examples/s]Map: 100%|â–ˆâ–ˆâ–ˆâ–ˆâ–ˆâ–ˆâ–ˆâ–ˆâ–ˆâ–ˆ| 7473/7473 [00:00<00:00, 20807.78 examples/s]
2025-11-21T23:30:43.148944436Z Filter:   0%|          | 0/7473 [00:00<?, ? examples/s]Filter:  27%|â–ˆâ–ˆâ–‹       | 2000/7473 [00:00<00:00, 12216.34 examples/s]Filter:  54%|â–ˆâ–ˆâ–ˆâ–ˆâ–ˆâ–Ž    | 4000/7473 [00:00<00:00, 12764.46 examples/s]Filter:  80%|â–ˆâ–ˆâ–ˆâ–ˆâ–ˆâ–ˆâ–ˆâ–ˆ  | 6000/7473 [00:00<00:00, 12948.36 examples/s]Filter: 100%|â–ˆâ–ˆâ–ˆâ–ˆâ–ˆâ–ˆâ–ˆâ–ˆâ–ˆâ–ˆ| 7473/7473 [00:00<00:00, 13023.94 examples/s]Filter: 100%|â–ˆâ–ˆâ–ˆâ–ˆâ–ˆâ–ˆâ–ˆâ–ˆâ–ˆâ–ˆ| 7473/7473 [00:00<00:00, 12889.30 examples/s]
2025-11-21T23:30:44.199818439Z Map:   0%|          | 0/1319 [00:00<?, ? examples/s]Map: 100%|â–ˆâ–ˆâ–ˆâ–ˆâ–ˆâ–ˆâ–ˆâ–ˆâ–ˆâ–ˆ| 1319/1319 [00:00<00:00, 96364.52 examples/s]
2025-11-21T23:30:44.338684344Z Filter:   0%|          | 0/1319 [00:00<?, ? examples/s]Filter: 100%|â–ˆâ–ˆâ–ˆâ–ˆâ–ˆâ–ˆâ–ˆâ–ˆâ–ˆâ–ˆ| 1319/1319 [00:00<00:00, 12607.85 examples/s]Filter: 100%|â–ˆâ–ˆâ–ˆâ–ˆâ–ˆâ–ˆâ–ˆâ–ˆâ–ˆâ–ˆ| 1319/1319 [00:00<00:00, 12537.16 examples/s]
2025-11-21T23:30:44.339113858Z [REASONING-FAST] Limiting dataset from 7473 to 200 samples
2025-11-21T23:30:44.340256825Z [37m20251121-23:30:44.340 Launcher Utils INFO: Found 1 rollout servers: 172.18.0.2:31931[0m
2025-11-21T23:30:44.340585540Z [37m20251121-23:30:44.340 [Remote Inference Engine Rank 0] INFO: Get server addresses from name_resolve.[0m
2025-11-21T23:30:44.340587253Z [37m20251121-23:30:44.340 [Remote Inference Engine Rank 0] INFO: Waiting for server ready...[0m
2025-11-21T23:30:45.341606916Z [37m20251121-23:30:45.341 [Remote Inference Engine Rank 0] INFO: Servers are all ready![0m
2025-11-21T23:30:45.342733232Z [37m20251121-23:30:45.342 Launcher Utils INFO: Found 1 rollout servers: 172.18.0.2:31931[0m
2025-11-21T23:30:45.343365985Z [37m20251121-23:30:45.342 [Remote Inference Engine Rank 0] INFO: Get server addresses from name_resolve.[0m
2025-11-21T23:30:45.343368580Z [37m20251121-23:30:45.342 [Remote Inference Engine Rank 0] INFO: Waiting for server ready...[0m
2025-11-21T23:30:46.343618032Z [37m20251121-23:30:46.343 [Remote Inference Engine Rank 0] INFO: Servers are all ready![0m
2025-11-21T23:30:47.167214706Z [37m20251121-23:30:47.167 [FSDP Engine Rank 0] INFO: Model creation and loading time: 0.765029227361083[0m
2025-11-21T23:30:47.202245686Z [37m20251121-23:30:47.202 [FSDP Engine Rank 0] INFO: Applying FSDP2 with N-D parallelism for 0.03 seconds[0m
2025-11-21T23:30:47.203600098Z [37m20251121-23:30:47.202 [FSDP Engine Rank 0] INFO: Create optimizer time: 0.00031169503927230835[0m
2025-11-21T23:30:47.323606345Z swanlab: SwanLab run disabled, the data will not be saved or uploaded.
2025-11-21T23:30:47.556508613Z ================================================================================
2025-11-21T23:30:47.556516939Z [REASONING-FAST MODE]
2025-11-21T23:30:47.556518632Z   Dataset size: 200 samples (limited from 7473)
2025-11-21T23:30:47.556520466Z   Batch size: 8
2025-11-21T23:30:47.556521648Z   Steps per epoch: 25
2025-11-21T23:30:47.556522710Z   Total epochs: 1
2025-11-21T23:30:47.556523942Z   Total steps: 25
2025-11-21T23:30:47.556524984Z   Estimated time: ~25 minutes (~0.4 hours) at ~1 step/min
2025-11-21T23:30:47.556526246Z   Circuit breaker: Enabled (threshold: 10 consecutive zero rewards)
2025-11-21T23:30:47.556527278Z ================================================================================
2025-11-21T23:30:49.853518046Z /workspace/AReaL/areal/reward/math_parser.py:290: SyntaxWarning: invalid escape sequence '\%'
2025-11-21T23:30:49.853543344Z   string = string.replace("\%", "")
2025-11-21T23:30:49.857089144Z [31m20251121-23:30:49.856 Reward API ERROR: Unexpected error in reward computation: expected an indented block after 'if' statement on line 377 (math_parser.py, line 378)[0m
2025-11-21T23:30:49.857487359Z [37m20251121-23:30:49.857 Reward API INFO: Retrying... (attempt 1/4)[0m
2025-11-21T23:30:49.857789484Z /workspace/AReaL/areal/reward/math_parser.py:290: SyntaxWarning: invalid escape sequence '\%'
2025-11-21T23:30:49.857791989Z   string = string.replace("\%", "")
2025-11-21T23:30:49.858390708Z /workspace/AReaL/areal/reward/math_parser.py:290: SyntaxWarning: invalid escape sequence '\%'
2025-11-21T23:30:49.858391690Z   string = string.replace("\%", "")
2025-11-21T23:30:49.859579912Z [31m20251121-23:30:49.859 Reward API ERROR: Unexpected error in reward computation: expected an indented block after 'if' statement on line 377 (math_parser.py, line 378)[0m
2025-11-21T23:30:49.859794023Z [37m20251121-23:30:49.859 Reward API INFO: Retrying... (attempt 1/4)[0m
2025-11-21T23:30:49.860353008Z [31m20251121-23:30:49.860 Reward API ERROR: Unexpected error in reward computation: expected an indented block after 'if' statement on line 377 (math_parser.py, line 378)[0m
2025-11-21T23:30:49.860353950Z [37m20251121-23:30:49.860 Reward API INFO: Retrying... (attempt 2/4)[0m
2025-11-21T23:30:49.860967968Z /workspace/AReaL/areal/reward/math_parser.py:290: SyntaxWarning: invalid escape sequence '\%'
2025-11-21T23:30:49.860969010Z   string = string.replace("\%", "")
2025-11-21T23:30:49.861436815Z /workspace/AReaL/areal/reward/math_parser.py:290: SyntaxWarning: invalid escape sequence '\%'
2025-11-21T23:30:49.861437667Z   string = string.replace("\%", "")
2025-11-21T23:30:49.862628153Z [31m20251121-23:30:49.862 Reward API ERROR: Unexpected error in reward computation: expected an indented block after 'if' statement on line 377 (math_parser.py, line 378)[0m
2025-11-21T23:30:49.862811866Z [37m20251121-23:30:49.862 Reward API INFO: Retrying... (attempt 2/4)[0m
2025-11-21T23:30:49.863107279Z [31m20251121-23:30:49.863 Reward API ERROR: Unexpected error in reward computation: expected an indented block after 'if' statement on line 377 (math_parser.py, line 378)[0m
2025-11-21T23:30:49.863356976Z [37m20251121-23:30:49.863 Reward API INFO: Retrying... (attempt 3/4)[0m
2025-11-21T23:30:49.863990581Z /workspace/AReaL/areal/reward/math_parser.py:290: SyntaxWarning: invalid escape sequence '\%'
2025-11-21T23:30:49.863992324Z   string = string.replace("\%", "")
2025-11-21T23:30:49.864439811Z /workspace/AReaL/areal/reward/math_parser.py:290: SyntaxWarning: invalid escape sequence '\%'
2025-11-21T23:30:49.864440732Z   string = string.replace("\%", "")
2025-11-21T23:30:49.865613135Z [31m20251121-23:30:49.865 Reward API ERROR: Unexpected error in reward computation: expected an indented block after 'if' statement on line 377 (math_parser.py, line 378)[0m
2025-11-21T23:30:49.865891876Z [37m20251121-23:30:49.865 Reward API INFO: Retrying... (attempt 3/4)[0m
2025-11-21T23:30:49.866210211Z [31m20251121-23:30:49.866 Reward API ERROR: Unexpected error in reward computation: expected an indented block after 'if' statement on line 377 (math_parser.py, line 378)[0m
2025-11-21T23:30:49.866210953Z [31m20251121-23:30:49.866 Reward API ERROR: Max retries exceeded for unexpected error.[0m
2025-11-21T23:30:49.866624376Z concurrent.futures.process._RemoteTraceback:
2025-11-21T23:30:49.866625017Z """
2025-11-21T23:30:49.866626039Z Traceback (most recent call last):
2025-11-21T23:30:49.866626620Z   File "/usr/lib/python3.12/concurrent/futures/process.py", line 264, in _process_worker
2025-11-21T23:30:49.866627552Z     r = call_item.fn(*call_item.args, **call_item.kwargs)
2025-11-21T23:30:49.866628523Z         ^^^^^^^^^^^^^^^^^^^^^^^^^^^^^^^^^^^^^^^^^^^^^^^^^
2025-11-21T23:30:49.866628984Z   File "/workspace/AReaL/examples/cloud_gsm8k/gsm8k_grpo_train.py", line 45, in gsm8k_reward_fn
2025-11-21T23:30:49.866629485Z     from areal.reward.math_parser import process_results
2025-11-21T23:30:49.866630006Z   File "/workspace/AReaL/areal/reward/math_parser.py", line 378
2025-11-21T23:30:49.866630487Z     if "final answer is $" in pred_str and "$. I hope" in pred_str:
2025-11-21T23:30:49.866640306Z     ^^
2025-11-21T23:30:49.866640977Z IndentationError: expected an indented block after 'if' statement on line 377
2025-11-21T23:30:49.866641628Z """
2025-11-21T23:30:49.867143066Z /workspace/AReaL/areal/reward/math_parser.py:290: SyntaxWarning: invalid escape sequence '\%'
2025-11-21T23:30:49.867150941Z   string = string.replace("\%", "")
2025-11-21T23:30:49.867152303Z The above exception was the direct cause of the following exception:
2025-11-21T23:30:49.867153455Z Traceback (most recent call last):
2025-11-21T23:30:49.867153976Z   File "/workspace/AReaL/areal/api/reward_api.py", line 122, in __call__
2025-11-21T23:30:49.867154507Z     reward = await asyncio.wait_for(
2025-11-21T23:30:49.867155028Z              ^^^^^^^^^^^^^^^^^^^^^^^
2025-11-21T23:30:49.867155539Z   File "/usr/lib/python3.12/asyncio/tasks.py", line 520, in wait_for
2025-11-21T23:30:49.867156060Z     return await fut
2025-11-21T23:30:49.867156932Z            ^^^^^^^^^
2025-11-21T23:30:49.867157403Z   File "/workspace/AReaL/areal/reward/math_parser.py", line 378
2025-11-21T23:30:49.867157994Z     if "final answer is $" in pred_str and "$. I hope" in pred_str:
2025-11-21T23:30:49.867158485Z     ^^
2025-11-21T23:30:49.867159016Z IndentationError: expected an indented block after 'if' statement on line 377
2025-11-21T23:30:49.867476800Z [31m20251121-23:30:49.867 [Remote Inference Engine Rank 0] ERROR: AsyncTaskRunner: Task 6 failed with exception: expected an indented block after 'if' statement on line 377 (math_parser.py, line 378) [0m
2025-11-21T23:30:49.867478142Z concurrent.futures.process._RemoteTraceback:
2025-11-21T23:30:49.867478784Z """
2025-11-21T23:30:49.867479275Z Traceback (most recent call last):
2025-11-21T23:30:49.867479816Z   File "/usr/lib/python3.12/concurrent/futures/process.py", line 264, in _process_worker
2025-11-21T23:30:49.867480537Z     r = call_item.fn(*call_item.args, **call_item.kwargs)
2025-11-21T23:30:49.867481018Z         ^^^^^^^^^^^^^^^^^^^^^^^^^^^^^^^^^^^^^^^^^^^^^^^^^
2025-11-21T23:30:49.867481579Z   File "/workspace/AReaL/examples/cloud_gsm8k/gsm8k_grpo_train.py", line 45, in gsm8k_reward_fn
2025-11-21T23:30:49.867482070Z     from areal.reward.math_parser import process_results
2025-11-21T23:30:49.867482551Z   File "/workspace/AReaL/areal/reward/math_parser.py", line 378
2025-11-21T23:30:49.867483032Z     if "final answer is $" in pred_str and "$. I hope" in pred_str:
2025-11-21T23:30:49.867483563Z     ^^
2025-11-21T23:30:49.867484044Z IndentationError: expected an indented block after 'if' statement on line 377
2025-11-21T23:30:49.867484514Z """
2025-11-21T23:30:49.867485516Z The above exception was the direct cause of the following exception:
2025-11-21T23:30:49.867486468Z Traceback (most recent call last):
2025-11-21T23:30:49.867486949Z   File "/workspace/AReaL/areal/core/async_task_runner.py", line 319, in _run_async_loop
2025-11-21T23:30:49.867487490Z     result = await async_task
2025-11-21T23:30:49.867488642Z              ^^^^^^^^^^^^^^^^
2025-11-21T23:30:49.867489113Z   File "/workspace/AReaL/areal/core/workflow_executor.py", line 367, in _execute_workflow
2025-11-21T23:30:49.867489634Z     traj = await task_input.workflow.arun_episode(
2025-11-21T23:30:49.867490125Z            ^^^^^^^^^^^^^^^^^^^^^^^^^^^^^^^^^^^^^^^
2025-11-21T23:30:49.867490606Z   File "/workspace/AReaL/areal/workflow/rlvr.py", line 93, in arun_episode
2025-11-21T23:30:49.867491087Z     reward = await self.async_reward_fn(
2025-11-21T23:30:49.867491558Z              ^^^^^^^^^^^^^^^^^^^^^^^^^^^
2025-11-21T23:30:49.867492018Z   File "/workspace/AReaL/areal/api/reward_api.py", line 163, in __call__
2025-11-21T23:30:49.867492529Z     raise e
2025-11-21T23:30:49.867493020Z   File "/workspace/AReaL/areal/api/reward_api.py", line 122, in __call__
2025-11-21T23:30:49.867493491Z     reward = await asyncio.wait_for(
2025-11-21T23:30:49.867493962Z              ^^^^^^^^^^^^^^^^^^^^^^^
2025-11-21T23:30:49.867494433Z   File "/usr/lib/python3.12/asyncio/tasks.py", line 520, in wait_for
2025-11-21T23:30:49.867494914Z     return await fut
2025-11-21T23:30:49.867495465Z            ^^^^^^^^^
2025-11-21T23:30:49.867496687Z   File "/workspace/AReaL/areal/reward/math_parser.py", line 378
2025-11-21T23:30:49.867497268Z     if "final answer is $" in pred_str and "$. I hope" in pred_str:
2025-11-21T23:30:49.867497839Z     ^^
2025-11-21T23:30:49.867498330Z IndentationError: expected an indented block after 'if' statement on line 377
2025-11-21T23:30:49.868665834Z [31m20251121-23:30:49.868 Reward API ERROR: Unexpected error in reward computation: expected an indented block after 'if' statement on line 377 (math_parser.py, line 378)[0m
2025-11-21T23:30:49.868836182Z [31m20251121-23:30:49.868 Reward API ERROR: Max retries exceeded for unexpected error.[0m
2025-11-21T23:30:49.868837194Z concurrent.futures.process._RemoteTraceback:
2025-11-21T23:30:49.868837775Z """
2025-11-21T23:30:49.868838607Z Traceback (most recent call last):
2025-11-21T23:30:49.868839138Z   File "/usr/lib/python3.12/concurrent/futures/process.py", line 264, in _process_worker
2025-11-21T23:30:49.868839669Z     r = call_item.fn(*call_item.args, **call_item.kwargs)
2025-11-21T23:30:49.868840731Z         ^^^^^^^^^^^^^^^^^^^^^^^^^^^^^^^^^^^^^^^^^^^^^^^^^
2025-11-21T23:30:49.868841191Z   File "/workspace/AReaL/examples/cloud_gsm8k/gsm8k_grpo_train.py", line 45, in gsm8k_reward_fn
2025-11-21T23:30:49.868841712Z     from areal.reward.math_parser import process_results
2025-11-21T23:30:49.868842173Z   File "/workspace/AReaL/areal/reward/math_parser.py", line 378
2025-11-21T23:30:49.868842704Z     if "final answer is $" in pred_str and "$. I hope" in pred_str:
2025-11-21T23:30:49.868843616Z     ^^
2025-11-21T23:30:49.868844127Z IndentationError: expected an indented block after 'if' statement on line 377
2025-11-21T23:30:49.868844608Z """
2025-11-21T23:30:49.868845520Z The above exception was the direct cause of the following exception:
2025-11-21T23:30:49.868846582Z Traceback (most recent call last):
2025-11-21T23:30:49.868847072Z   File "/workspace/AReaL/areal/api/reward_api.py", line 122, in __call__
2025-11-21T23:30:49.868847543Z     reward = await asyncio.wait_for(
2025-11-21T23:30:49.868848104Z              ^^^^^^^^^^^^^^^^^^^^^^^
2025-11-21T23:30:49.868848575Z   File "/usr/lib/python3.12/asyncio/tasks.py", line 520, in wait_for
2025-11-21T23:30:49.868849066Z     return await fut
2025-11-21T23:30:49.868849878Z            ^^^^^^^^^
2025-11-21T23:30:49.868850339Z   File "/workspace/AReaL/areal/reward/math_parser.py", line 378
2025-11-21T23:30:49.868850840Z     if "final answer is $" in pred_str and "$. I hope" in pred_str:
2025-11-21T23:30:49.868851340Z     ^^
2025-11-21T23:30:49.868851831Z IndentationError: expected an indented block after 'if' statement on line 377
2025-11-21T23:30:50.140456755Z /workspace/AReaL/areal/reward/math_parser.py:290: SyntaxWarning: invalid escape sequence '\%'
2025-11-21T23:30:50.140467435Z   string = string.replace("\%", "")
2025-11-21T23:30:50.142411570Z [31m20251121-23:30:50.142 Reward API ERROR: Unexpected error in reward computation: expected an indented block after 'if' statement on line 377 (math_parser.py, line 378)[0m
2025-11-21T23:30:50.142608459Z [37m20251121-23:30:50.142 Reward API INFO: Retrying... (attempt 1/4)[0m
2025-11-21T23:30:50.143722813Z /workspace/AReaL/areal/reward/math_parser.py:290: SyntaxWarning: invalid escape sequence '\%'
2025-11-21T23:30:50.143736739Z   string = string.replace("\%", "")
2025-11-21T23:30:50.145580667Z [31m20251121-23:30:50.145 Reward API ERROR: Unexpected error in reward computation: expected an indented block after 'if' statement on line 377 (math_parser.py, line 378)[0m
2025-11-21T23:30:50.145837768Z [37m20251121-23:30:50.145 Reward API INFO: Retrying... (attempt 2/4)[0m
2025-11-21T23:30:50.146840623Z /workspace/AReaL/areal/reward/math_parser.py:290: SyntaxWarning: invalid escape sequence '\%'
2025-11-21T23:30:50.146851313Z   string = string.replace("\%", "")
2025-11-21T23:30:50.148468918Z [31m20251121-23:30:50.148 Reward API ERROR: Unexpected error in reward computation: expected an indented block after 'if' statement on line 377 (math_parser.py, line 378)[0m
2025-11-21T23:30:50.148744483Z [37m20251121-23:30:50.148 Reward API INFO: Retrying... (attempt 3/4)[0m
2025-11-21T23:30:50.149683459Z /workspace/AReaL/areal/reward/math_parser.py:290: SyntaxWarning: invalid escape sequence '\%'
2025-11-21T23:30:50.149686595Z   string = string.replace("\%", "")
2025-11-21T23:30:50.151381174Z [31m20251121-23:30:50.151 Reward API ERROR: Unexpected error in reward computation: expected an indented block after 'if' statement on line 377 (math_parser.py, line 378)[0m
2025-11-21T23:30:50.151600715Z [31m20251121-23:30:50.151 Reward API ERROR: Max retries exceeded for unexpected error.[0m
2025-11-21T23:30:50.151602879Z concurrent.futures.process._RemoteTraceback:
2025-11-21T23:30:50.151604342Z """
2025-11-21T23:30:50.151607838Z Traceback (most recent call last):
2025-11-21T23:30:50.151609000Z   File "/usr/lib/python3.12/concurrent/futures/process.py", line 264, in _process_worker
2025-11-21T23:30:50.151610022Z     r = call_item.fn(*call_item.args, **call_item.kwargs)
2025-11-21T23:30:50.151611154Z         ^^^^^^^^^^^^^^^^^^^^^^^^^^^^^^^^^^^^^^^^^^^^^^^^^
2025-11-21T23:30:50.151612086Z   File "/workspace/AReaL/examples/cloud_gsm8k/gsm8k_grpo_train.py", line 45, in gsm8k_reward_fn
2025-11-21T23:30:50.151613058Z     from areal.reward.math_parser import process_results
2025-11-21T23:30:50.151614300Z   File "/workspace/AReaL/areal/reward/math_parser.py", line 378
2025-11-21T23:30:50.151615382Z     if "final answer is $" in pred_str and "$. I hope" in pred_str:
2025-11-21T23:30:50.151616735Z     ^^
2025-11-21T23:30:50.151617817Z IndentationError: expected an indented block after 'if' statement on line 377
2025-11-21T23:30:50.151618809Z """
2025-11-21T23:30:50.151620882Z The above exception was the direct cause of the following exception:
2025-11-21T23:30:50.151622906Z Traceback (most recent call last):
2025-11-21T23:30:50.151865610Z   File "/workspace/AReaL/areal/api/reward_api.py", line 122, in __call__
2025-11-21T23:30:50.151869838Z     reward = await asyncio.wait_for(
2025-11-21T23:30:50.151870980Z              ^^^^^^^^^^^^^^^^^^^^^^^
2025-11-21T23:30:50.151872002Z   File "/usr/lib/python3.12/asyncio/tasks.py", line 520, in wait_for
2025-11-21T23:30:50.151873014Z     return await fut
2025-11-21T23:30:50.151874296Z            ^^^^^^^^^
2025-11-21T23:30:50.151875268Z   File "/workspace/AReaL/areal/reward/math_parser.py", line 378
2025-11-21T23:30:50.151876290Z     if "final answer is $" in pred_str and "$. I hope" in pred_str:
2025-11-21T23:30:50.151877402Z     ^^
2025-11-21T23:30:50.151878544Z IndentationError: expected an indented block after 'if' statement on line 377
2025-11-21T23:30:50.368085651Z [31m20251121-23:30:50.367 [Remote Inference Engine Rank 0] ERROR: AsyncTaskRunner: Task 0 failed with exception: expected an indented block after 'if' statement on line 377 (math_parser.py, line 378) [0m
2025-11-21T23:30:50.368103906Z concurrent.futures.process._RemoteTraceback:
2025-11-21T23:30:50.368105799Z """
2025-11-21T23:30:50.368107452Z Traceback (most recent call last):
2025-11-21T23:30:50.368108564Z   File "/usr/lib/python3.12/concurrent/futures/process.py", line 264, in _process_worker
2025-11-21T23:30:50.368110037Z     r = call_item.fn(*call_item.args, **call_item.kwargs)
2025-11-21T23:30:50.368111319Z         ^^^^^^^^^^^^^^^^^^^^^^^^^^^^^^^^^^^^^^^^^^^^^^^^^
2025-11-21T23:30:50.368112562Z   File "/workspace/AReaL/examples/cloud_gsm8k/gsm8k_grpo_train.py", line 45, in gsm8k_reward_fn
2025-11-21T23:30:50.368113754Z     from areal.reward.math_parser import process_results
2025-11-21T23:30:50.368114776Z   File "/workspace/AReaL/areal/reward/math_parser.py", line 378
2025-11-21T23:30:50.368115708Z     if "final answer is $" in pred_str and "$. I hope" in pred_str:
2025-11-21T23:30:50.368117040Z     ^^
2025-11-21T23:30:50.368118042Z IndentationError: expected an indented block after 'if' statement on line 377
2025-11-21T23:30:50.368119064Z """
2025-11-21T23:30:50.368121078Z The above exception was the direct cause of the following exception:
2025-11-21T23:30:50.368123081Z Traceback (most recent call last):
2025-11-21T23:30:50.368124043Z   File "/workspace/AReaL/areal/core/async_task_runner.py", line 319, in _run_async_loop
2025-11-21T23:30:50.368125286Z     result = await async_task
2025-11-21T23:30:50.368137448Z              ^^^^^^^^^^^^^^^^
2025-11-21T23:30:50.368138641Z   File "/workspace/AReaL/areal/core/workflow_executor.py", line 367, in _execute_workflow
2025-11-21T23:30:50.368139873Z     traj = await task_input.workflow.arun_episode(
2025-11-21T23:30:50.368140845Z            ^^^^^^^^^^^^^^^^^^^^^^^^^^^^^^^^^^^^^^^
2025-11-21T23:30:50.368141766Z   File "/workspace/AReaL/areal/workflow/rlvr.py", line 93, in arun_episode
2025-11-21T23:30:50.368142718Z     reward = await self.async_reward_fn(
2025-11-21T23:30:50.368143670Z              ^^^^^^^^^^^^^^^^^^^^^^^^^^^
2025-11-21T23:30:50.368144582Z   File "/workspace/AReaL/areal/api/reward_api.py", line 163, in __call__
2025-11-21T23:30:50.368145574Z     raise e
2025-11-21T23:30:50.368146555Z   File "/workspace/AReaL/areal/api/reward_api.py", line 122, in __call__
2025-11-21T23:30:50.368147497Z     reward = await asyncio.wait_for(
2025-11-21T23:30:50.368148449Z              ^^^^^^^^^^^^^^^^^^^^^^^
2025-11-21T23:30:50.368149411Z   File "/usr/lib/python3.12/asyncio/tasks.py", line 520, in wait_for
2025-11-21T23:30:50.368150352Z     return await fut
2025-11-21T23:30:50.368151575Z            ^^^^^^^^^
2025-11-21T23:30:50.368152516Z   File "/workspace/AReaL/areal/reward/math_parser.py", line 378
2025-11-21T23:30:50.368153458Z     if "final answer is $" in pred_str and "$. I hope" in pred_str:
2025-11-21T23:30:50.368154450Z     ^^
2025-11-21T23:30:50.368155432Z IndentationError: expected an indented block after 'if' statement on line 377
2025-11-21T23:30:50.368734244Z [31m20251121-23:30:50.368 [Remote Inference Engine Rank 0] ERROR: AsyncTaskRunner: Task 14 failed with exception: expected an indented block after 'if' statement on line 377 (math_parser.py, line 378) [0m
2025-11-21T23:30:50.368740676Z concurrent.futures.process._RemoteTraceback:
2025-11-21T23:30:50.368742299Z """
2025-11-21T23:30:50.368743722Z Traceback (most recent call last):
2025-11-21T23:30:50.368745205Z   File "/usr/lib/python3.12/concurrent/futures/process.py", line 264, in _process_worker
2025-11-21T23:30:50.368747108Z     r = call_item.fn(*call_item.args, **call_item.kwargs)
2025-11-21T23:30:50.368748080Z         ^^^^^^^^^^^^^^^^^^^^^^^^^^^^^^^^^^^^^^^^^^^^^^^^^
2025-11-21T23:30:50.368749282Z   File "/workspace/AReaL/examples/cloud_gsm8k/gsm8k_grpo_train.py", line 45, in gsm8k_reward_fn
2025-11-21T23:30:50.368750344Z     from areal.reward.math_parser import process_results
2025-11-21T23:30:50.368751356Z   File "/workspace/AReaL/areal/reward/math_parser.py", line 378
2025-11-21T23:30:50.368752468Z     if "final answer is $" in pred_str and "$. I hope" in pred_str:
2025-11-21T23:30:50.368753450Z     ^^
2025-11-21T23:30:50.368754462Z IndentationError: expected an indented block after 'if' statement on line 377
2025-11-21T23:30:50.368755504Z """
2025-11-21T23:30:50.368757358Z The above exception was the direct cause of the following exception:
2025-11-21T23:30:50.368759141Z Traceback (most recent call last):
2025-11-21T23:30:50.368760073Z   File "/workspace/AReaL/areal/core/async_task_runner.py", line 319, in _run_async_loop
2025-11-21T23:30:50.368761044Z     result = await async_task
2025-11-21T23:30:50.368762006Z              ^^^^^^^^^^^^^^^^
2025-11-21T23:30:50.368762968Z   File "/workspace/AReaL/areal/core/workflow_executor.py", line 367, in _execute_workflow
2025-11-21T23:30:50.368763940Z     traj = await task_input.workflow.arun_episode(
2025-11-21T23:30:50.368764872Z            ^^^^^^^^^^^^^^^^^^^^^^^^^^^^^^^^^^^^^^^
2025-11-21T23:30:50.368765793Z   File "/workspace/AReaL/areal/workflow/rlvr.py", line 93, in arun_episode
2025-11-21T23:30:50.368766715Z     reward = await self.async_reward_fn(
2025-11-21T23:30:50.368767617Z              ^^^^^^^^^^^^^^^^^^^^^^^^^^^
2025-11-21T23:30:50.368768939Z   File "/workspace/AReaL/areal/api/reward_api.py", line 163, in __call__
2025-11-21T23:30:50.368769891Z     raise e
2025-11-21T23:30:50.368770943Z   File "/workspace/AReaL/areal/api/reward_api.py", line 122, in __call__
2025-11-21T23:30:50.368771885Z     reward = await asyncio.wait_for(
2025-11-21T23:30:50.368772766Z              ^^^^^^^^^^^^^^^^^^^^^^^
2025-11-21T23:30:50.368773678Z   File "/usr/lib/python3.12/asyncio/tasks.py", line 520, in wait_for
2025-11-21T23:30:50.368778156Z     return await fut
2025-11-21T23:30:50.368779238Z            ^^^^^^^^^
2025-11-21T23:30:50.368780140Z   File "/workspace/AReaL/areal/reward/math_parser.py", line 378
2025-11-21T23:30:50.368781052Z     if "final answer is $" in pred_str and "$. I hope" in pred_str:
2025-11-21T23:30:50.368782004Z     ^^
2025-11-21T23:30:50.368782955Z IndentationError: expected an indented block after 'if' statement on line 377
2025-11-21T23:30:50.387137389Z /workspace/AReaL/areal/reward/math_parser.py:290: SyntaxWarning: invalid escape sequence '\%'
2025-11-21T23:30:50.387144031Z   string = string.replace("\%", "")
2025-11-21T23:30:50.389007466Z [31m20251121-23:30:50.388 Reward API ERROR: Unexpected error in reward computation: expected an indented block after 'if' statement on line 377 (math_parser.py, line 378)[0m
2025-11-21T23:30:50.389270398Z [37m20251121-23:30:50.388 Reward API INFO: Retrying... (attempt 1/4)[0m
2025-11-21T23:30:50.390314080Z /workspace/AReaL/areal/reward/math_parser.py:290: SyntaxWarning: invalid escape sequence '\%'
2025-11-21T23:30:50.390319640Z   string = string.replace("\%", "")
2025-11-21T23:30:50.392059965Z [31m20251121-23:30:50.391 Reward API ERROR: Unexpected error in reward computation: expected an indented block after 'if' statement on line 377 (math_parser.py, line 378)[0m
2025-11-21T23:30:50.392295094Z [37m20251121-23:30:50.392 Reward API INFO: Retrying... (attempt 2/4)[0m
2025-11-21T23:30:50.393774992Z /workspace/AReaL/areal/reward/math_parser.py:290: SyntaxWarning: invalid escape sequence '\%'
2025-11-21T23:30:50.393776444Z   string = string.replace("\%", "")
2025-11-21T23:30:50.395354906Z [31m20251121-23:30:50.395 Reward API ERROR: Unexpected error in reward computation: expected an indented block after 'if' statement on line 377 (math_parser.py, line 378)[0m
2025-11-21T23:30:50.395687017Z [37m20251121-23:30:50.395 Reward API INFO: Retrying... (attempt 3/4)[0m
2025-11-21T23:30:50.396533240Z /workspace/AReaL/areal/reward/math_parser.py:290: SyntaxWarning: invalid escape sequence '\%'
2025-11-21T23:30:50.396534853Z   string = string.replace("\%", "")
2025-11-21T23:30:50.398166244Z [31m20251121-23:30:50.398 Reward API ERROR: Unexpected error in reward computation: expected an indented block after 'if' statement on line 377 (math_parser.py, line 378)[0m
2025-11-21T23:30:50.398412133Z [31m20251121-23:30:50.398 Reward API ERROR: Max retries exceeded for unexpected error.[0m
2025-11-21T23:30:50.398413386Z concurrent.futures.process._RemoteTraceback:
2025-11-21T23:30:50.398413997Z """
2025-11-21T23:30:50.398414899Z Traceback (most recent call last):
2025-11-21T23:30:50.398415570Z   File "/usr/lib/python3.12/concurrent/futures/process.py", line 264, in _process_worker
2025-11-21T23:30:50.398416141Z     r = call_item.fn(*call_item.args, **call_item.kwargs)
2025-11-21T23:30:50.398416862Z         ^^^^^^^^^^^^^^^^^^^^^^^^^^^^^^^^^^^^^^^^^^^^^^^^^
2025-11-21T23:30:50.398417343Z   File "/workspace/AReaL/examples/cloud_gsm8k/gsm8k_grpo_train.py", line 45, in gsm8k_reward_fn
2025-11-21T23:30:50.398417874Z     from areal.reward.math_parser import process_results
2025-11-21T23:30:50.398418365Z   File "/workspace/AReaL/areal/reward/math_parser.py", line 378
2025-11-21T23:30:50.398418846Z     if "final answer is $" in pred_str and "$. I hope" in pred_str:
2025-11-21T23:30:50.398419738Z     ^^
2025-11-21T23:30:50.398420419Z IndentationError: expected an indented block after 'if' statement on line 377
2025-11-21T23:30:50.398420930Z """
2025-11-21T23:30:50.398421972Z The above exception was the direct cause of the following exception:
2025-11-21T23:30:50.398422994Z Traceback (most recent call last):
2025-11-21T23:30:50.398423495Z   File "/workspace/AReaL/areal/api/reward_api.py", line 122, in __call__
2025-11-21T23:30:50.398424006Z     reward = await asyncio.wait_for(
2025-11-21T23:30:50.398424527Z              ^^^^^^^^^^^^^^^^^^^^^^^
2025-11-21T23:30:50.398425268Z   File "/usr/lib/python3.12/asyncio/tasks.py", line 520, in wait_for
2025-11-21T23:30:50.398425759Z     return await fut
2025-11-21T23:30:50.398426580Z            ^^^^^^^^^
2025-11-21T23:30:50.398427061Z   File "/workspace/AReaL/areal/reward/math_parser.py", line 378
2025-11-21T23:30:50.398434936Z     if "final answer is $" in pred_str and "$. I hope" in pred_str:
2025-11-21T23:30:50.398435537Z     ^^
2025-11-21T23:30:50.398436078Z IndentationError: expected an indented block after 'if' statement on line 377
2025-11-21T23:30:50.428173969Z /workspace/AReaL/areal/reward/math_parser.py:290: SyntaxWarning: invalid escape sequence '\%'
2025-11-21T23:30:50.428186583Z   string = string.replace("\%", "")
2025-11-21T23:30:50.429864090Z [31m20251121-23:30:50.429 Reward API ERROR: Unexpected error in reward computation: expected an indented block after 'if' statement on line 377 (math_parser.py, line 378)[0m
2025-11-21T23:30:50.430323269Z [37m20251121-23:30:50.429 Reward API INFO: Retrying... (attempt 1/4)[0m
2025-11-21T23:30:50.431311316Z /workspace/AReaL/areal/reward/math_parser.py:290: SyntaxWarning: invalid escape sequence '\%'
2025-11-21T23:30:50.431314472Z   string = string.replace("\%", "")
2025-11-21T23:30:50.432921668Z [31m20251121-23:30:50.432 Reward API ERROR: Unexpected error in reward computation: expected an indented block after 'if' statement on line 377 (math_parser.py, line 378)[0m
2025-11-21T23:30:50.433190400Z [37m20251121-23:30:50.432 Reward API INFO: Retrying... (attempt 2/4)[0m
2025-11-21T23:30:50.434118656Z /workspace/AReaL/areal/reward/math_parser.py:290: SyntaxWarning: invalid escape sequence '\%'
2025-11-21T23:30:50.434119999Z   string = string.replace("\%", "")
2025-11-21T23:30:50.435808797Z [31m20251121-23:30:50.435 Reward API ERROR: Unexpected error in reward computation: expected an indented block after 'if' statement on line 377 (math_parser.py, line 378)[0m
2025-11-21T23:30:50.435999283Z [37m20251121-23:30:50.435 Reward API INFO: Retrying... (attempt 3/4)[0m
2025-11-21T23:30:50.436984726Z /workspace/AReaL/areal/reward/math_parser.py:290: SyntaxWarning: invalid escape sequence '\%'
2025-11-21T23:30:50.436985848Z   string = string.replace("\%", "")
2025-11-21T23:30:50.438572385Z [31m20251121-23:30:50.438 Reward API ERROR: Unexpected error in reward computation: expected an indented block after 'if' statement on line 377 (math_parser.py, line 378)[0m
2025-11-21T23:30:50.438855064Z [31m20251121-23:30:50.438 Reward API ERROR: Max retries exceeded for unexpected error.[0m
2025-11-21T23:30:50.438857298Z concurrent.futures.process._RemoteTraceback:
2025-11-21T23:30:50.438857989Z """
2025-11-21T23:30:50.438858510Z Traceback (most recent call last):
2025-11-21T23:30:50.438859412Z   File "/usr/lib/python3.12/concurrent/futures/process.py", line 264, in _process_worker
2025-11-21T23:30:50.438860253Z     r = call_item.fn(*call_item.args, **call_item.kwargs)
2025-11-21T23:30:50.438860884Z         ^^^^^^^^^^^^^^^^^^^^^^^^^^^^^^^^^^^^^^^^^^^^^^^^^
2025-11-21T23:30:50.438861355Z   File "/workspace/AReaL/examples/cloud_gsm8k/gsm8k_grpo_train.py", line 45, in gsm8k_reward_fn
2025-11-21T23:30:50.438861876Z     from areal.reward.math_parser import process_results
2025-11-21T23:30:50.438862357Z   File "/workspace/AReaL/areal/reward/math_parser.py", line 378
2025-11-21T23:30:50.438862828Z     if "final answer is $" in pred_str and "$. I hope" in pred_str:
2025-11-21T23:30:50.438863339Z     ^^
2025-11-21T23:30:50.438864030Z IndentationError: expected an indented block after 'if' statement on line 377
2025-11-21T23:30:50.438864511Z """
2025-11-21T23:30:50.438865523Z The above exception was the direct cause of the following exception:
2025-11-21T23:30:50.438866575Z Traceback (most recent call last):
2025-11-21T23:30:50.438867076Z   File "/workspace/AReaL/areal/api/reward_api.py", line 122, in __call__
2025-11-21T23:30:50.438867557Z     reward = await asyncio.wait_for(
2025-11-21T23:30:50.438868038Z              ^^^^^^^^^^^^^^^^^^^^^^^
2025-11-21T23:30:50.438868579Z   File "/usr/lib/python3.12/asyncio/tasks.py", line 520, in wait_for
2025-11-21T23:30:50.438869070Z     return await fut
2025-11-21T23:30:50.438869981Z            ^^^^^^^^^
2025-11-21T23:30:50.438870462Z   File "/workspace/AReaL/areal/reward/math_parser.py", line 378
2025-11-21T23:30:50.438870953Z     if "final answer is $" in pred_str and "$. I hope" in pred_str:
2025-11-21T23:30:50.438878067Z     ^^
2025-11-21T23:30:50.438878678Z IndentationError: expected an indented block after 'if' statement on line 377
2025-11-21T23:30:50.467318401Z /workspace/AReaL/areal/reward/math_parser.py:290: SyntaxWarning: invalid escape sequence '\%'
2025-11-21T23:30:50.467326206Z   string = string.replace("\%", "")
2025-11-21T23:30:50.469114370Z [31m20251121-23:30:50.469 Reward API ERROR: Unexpected error in reward computation: expected an indented block after 'if' statement on line 377 (math_parser.py, line 378)[0m
2025-11-21T23:30:50.469329101Z [37m20251121-23:30:50.469 Reward API INFO: Retrying... (attempt 1/4)[0m
2025-11-21T23:30:50.470334011Z /workspace/AReaL/areal/reward/math_parser.py:290: SyntaxWarning: invalid escape sequence '\%'
2025-11-21T23:30:50.470335223Z   string = string.replace("\%", "")
2025-11-21T23:30:50.472027507Z [31m20251121-23:30:50.471 Reward API ERROR: Unexpected error in reward computation: expected an indented block after 'if' statement on line 377 (math_parser.py, line 378)[0m
2025-11-21T23:30:50.472321728Z [37m20251121-23:30:50.472 Reward API INFO: Retrying... (attempt 2/4)[0m
2025-11-21T23:30:50.473213375Z /workspace/AReaL/areal/reward/math_parser.py:290: SyntaxWarning: invalid escape sequence '\%'
2025-11-21T23:30:50.473218855Z   string = string.replace("\%", "")
2025-11-21T23:30:50.474908265Z [31m20251121-23:30:50.474 Reward API ERROR: Unexpected error in reward computation: expected an indented block after 'if' statement on line 377 (math_parser.py, line 378)[0m
2025-11-21T23:30:50.475318041Z [37m20251121-23:30:50.474 Reward API INFO: Retrying... (attempt 3/4)[0m
2025-11-21T23:30:50.476058235Z /workspace/AReaL/areal/reward/math_parser.py:290: SyntaxWarning: invalid escape sequence '\%'
2025-11-21T23:30:50.476059938Z   string = string.replace("\%", "")
2025-11-21T23:30:50.477605198Z [31m20251121-23:30:50.477 Reward API ERROR: Unexpected error in reward computation: expected an indented block after 'if' statement on line 377 (math_parser.py, line 378)[0m
2025-11-21T23:30:50.477766931Z [31m20251121-23:30:50.477 Reward API ERROR: Max retries exceeded for unexpected error.[0m
2025-11-21T23:30:50.477769395Z concurrent.futures.process._RemoteTraceback:
2025-11-21T23:30:50.477769966Z """
2025-11-21T23:30:50.477770527Z Traceback (most recent call last):
2025-11-21T23:30:50.477771088Z   File "/usr/lib/python3.12/concurrent/futures/process.py", line 264, in _process_worker
2025-11-21T23:30:50.477771719Z     r = call_item.fn(*call_item.args, **call_item.kwargs)
2025-11-21T23:30:50.477772441Z         ^^^^^^^^^^^^^^^^^^^^^^^^^^^^^^^^^^^^^^^^^^^^^^^^^
2025-11-21T23:30:50.477772912Z   File "/workspace/AReaL/examples/cloud_gsm8k/gsm8k_grpo_train.py", line 45, in gsm8k_reward_fn
2025-11-21T23:30:50.477773373Z     from areal.reward.math_parser import process_results
2025-11-21T23:30:50.477773843Z   File "/workspace/AReaL/areal/reward/math_parser.py", line 378
2025-11-21T23:30:50.477774324Z     if "final answer is $" in pred_str and "$. I hope" in pred_str:
2025-11-21T23:30:50.477774966Z     ^^
2025-11-21T23:30:50.477775607Z IndentationError: expected an indented block after 'if' statement on line 377
2025-11-21T23:30:50.477776108Z """
2025-11-21T23:30:50.477777110Z The above exception was the direct cause of the following exception:
2025-11-21T23:30:50.477778332Z Traceback (most recent call last):
2025-11-21T23:30:50.477778823Z   File "/workspace/AReaL/areal/api/reward_api.py", line 122, in __call__
2025-11-21T23:30:50.477779324Z     reward = await asyncio.wait_for(
2025-11-21T23:30:50.477779965Z              ^^^^^^^^^^^^^^^^^^^^^^^
2025-11-21T23:30:50.477780456Z   File "/usr/lib/python3.12/asyncio/tasks.py", line 520, in wait_for
2025-11-21T23:30:50.477780947Z     return await fut
2025-11-21T23:30:50.477781778Z            ^^^^^^^^^
2025-11-21T23:30:50.477782249Z   File "/workspace/AReaL/areal/reward/math_parser.py", line 378
2025-11-21T23:30:50.477782730Z     if "final answer is $" in pred_str and "$. I hope" in pred_str:
2025-11-21T23:30:50.477783221Z     ^^
2025-11-21T23:30:50.477783712Z IndentationError: expected an indented block after 'if' statement on line 377
2025-11-21T23:30:50.487071080Z /workspace/AReaL/areal/reward/math_parser.py:290: SyntaxWarning: invalid escape sequence '\%'
2025-11-21T23:30:50.487083914Z   string = string.replace("\%", "")
2025-11-21T23:30:50.488738478Z [31m20251121-23:30:50.488 Reward API ERROR: Unexpected error in reward computation: expected an indented block after 'if' statement on line 377 (math_parser.py, line 378)[0m
2025-11-21T23:30:50.489001980Z [37m20251121-23:30:50.488 Reward API INFO: Retrying... (attempt 1/4)[0m
2025-11-21T23:30:50.489862019Z /workspace/AReaL/areal/reward/math_parser.py:290: SyntaxWarning: invalid escape sequence '\%'
2025-11-21T23:30:50.489863732Z   string = string.replace("\%", "")
2025-11-21T23:30:50.491568420Z [31m20251121-23:30:50.491 Reward API ERROR: Unexpected error in reward computation: expected an indented block after 'if' statement on line 377 (math_parser.py, line 378)[0m
2025-11-21T23:30:50.492075859Z [37m20251121-23:30:50.491 Reward API INFO: Retrying... (attempt 2/4)[0m
2025-11-21T23:30:50.492729461Z /workspace/AReaL/areal/reward/math_parser.py:290: SyntaxWarning: invalid escape sequence '\%'
2025-11-21T23:30:50.492732006Z   string = string.replace("\%", "")
2025-11-21T23:30:50.494291953Z [31m20251121-23:30:50.494 Reward API ERROR: Unexpected error in reward computation: expected an indented block after 'if' statement on line 377 (math_parser.py, line 378)[0m
2025-11-21T23:30:50.494535799Z [37m20251121-23:30:50.494 Reward API INFO: Retrying... (attempt 3/4)[0m
2025-11-21T23:30:50.495472721Z /workspace/AReaL/areal/reward/math_parser.py:290: SyntaxWarning: invalid escape sequence '\%'
2025-11-21T23:30:50.495473763Z   string = string.replace("\%", "")
2025-11-21T23:30:50.497121484Z [31m20251121-23:30:50.497 Reward API ERROR: Unexpected error in reward computation: expected an indented block after 'if' statement on line 377 (math_parser.py, line 378)[0m
2025-11-21T23:30:50.497353047Z [31m20251121-23:30:50.497 Reward API ERROR: Max retries exceeded for unexpected error.[0m
2025-11-21T23:30:50.497353789Z concurrent.futures.process._RemoteTraceback:
2025-11-21T23:30:50.497354330Z """
2025-11-21T23:30:50.497355332Z Traceback (most recent call last):
2025-11-21T23:30:50.497355913Z   File "/usr/lib/python3.12/concurrent/futures/process.py", line 264, in _process_worker
2025-11-21T23:30:50.497356414Z     r = call_item.fn(*call_item.args, **call_item.kwargs)
2025-11-21T23:30:50.497357165Z         ^^^^^^^^^^^^^^^^^^^^^^^^^^^^^^^^^^^^^^^^^^^^^^^^^
2025-11-21T23:30:50.497357666Z   File "/workspace/AReaL/examples/cloud_gsm8k/gsm8k_grpo_train.py", line 45, in gsm8k_reward_fn
2025-11-21T23:30:50.497358187Z     from areal.reward.math_parser import process_results
2025-11-21T23:30:50.497358658Z   File "/workspace/AReaL/areal/reward/math_parser.py", line 378
2025-11-21T23:30:50.497359129Z     if "final answer is $" in pred_str and "$. I hope" in pred_str:
2025-11-21T23:30:50.497359610Z     ^^
2025-11-21T23:30:50.497360121Z IndentationError: expected an indented block after 'if' statement on line 377
2025-11-21T23:30:50.497360652Z """
2025-11-21T23:30:50.497361643Z The above exception was the direct cause of the following exception:
2025-11-21T23:30:50.497362635Z Traceback (most recent call last):
2025-11-21T23:30:50.497363156Z   File "/workspace/AReaL/areal/api/reward_api.py", line 122, in __call__
2025-11-21T23:30:50.497363687Z     reward = await asyncio.wait_for(
2025-11-21T23:30:50.497364148Z              ^^^^^^^^^^^^^^^^^^^^^^^
2025-11-21T23:30:50.497367194Z   File "/usr/lib/python3.12/asyncio/tasks.py", line 520, in wait_for
2025-11-21T23:30:50.497368967Z     return await fut
2025-11-21T23:30:50.497370029Z            ^^^^^^^^^
2025-11-21T23:30:50.497370520Z   File "/workspace/AReaL/areal/reward/math_parser.py", line 378
2025-11-21T23:30:50.497371031Z     if "final answer is $" in pred_str and "$. I hope" in pred_str:
2025-11-21T23:30:50.497371552Z     ^^
2025-11-21T23:30:50.497372023Z IndentationError: expected an indented block after 'if' statement on line 377
2025-11-21T23:30:50.533423531Z /workspace/AReaL/areal/reward/math_parser.py:290: SyntaxWarning: invalid escape sequence '\%'
2025-11-21T23:30:50.533430835Z   string = string.replace("\%", "")
2025-11-21T23:30:50.535192789Z [31m20251121-23:30:50.535 Reward API ERROR: Unexpected error in reward computation: expected an indented block after 'if' statement on line 377 (math_parser.py, line 378)[0m
2025-11-21T23:30:50.535501226Z [37m20251121-23:30:50.535 Reward API INFO: Retrying... (attempt 1/4)[0m
2025-11-21T23:30:50.536317022Z /workspace/AReaL/areal/reward/math_parser.py:290: SyntaxWarning: invalid escape sequence '\%'
2025-11-21T23:30:50.536319186Z   string = string.replace("\%", "")
2025-11-21T23:30:50.537917795Z [31m20251121-23:30:50.537 Reward API ERROR: Unexpected error in reward computation: expected an indented block after 'if' statement on line 377 (math_parser.py, line 378)[0m
2025-11-21T23:30:50.538242953Z [37m20251121-23:30:50.537 Reward API INFO: Retrying... (attempt 2/4)[0m
2025-11-21T23:30:50.539184384Z /workspace/AReaL/areal/reward/math_parser.py:290: SyntaxWarning: invalid escape sequence '\%'
2025-11-21T23:30:50.539185586Z   string = string.replace("\%", "")
2025-11-21T23:30:50.540680742Z [31m20251121-23:30:50.540 Reward API ERROR: Unexpected error in reward computation: expected an indented block after 'if' statement on line 377 (math_parser.py, line 378)[0m
2025-11-21T23:30:50.540966216Z [37m20251121-23:30:50.540 Reward API INFO: Retrying... (attempt 3/4)[0m
2025-11-21T23:30:50.542032630Z /workspace/AReaL/areal/reward/math_parser.py:290: SyntaxWarning: invalid escape sequence '\%'
2025-11-21T23:30:50.542033512Z   string = string.replace("\%", "")
2025-11-21T23:30:50.543358780Z [31m20251121-23:30:50.543 Reward API ERROR: Unexpected error in reward computation: expected an indented block after 'if' statement on line 377 (math_parser.py, line 378)[0m
2025-11-21T23:30:50.543671685Z [31m20251121-23:30:50.543 Reward API ERROR: Max retries exceeded for unexpected error.[0m
2025-11-21T23:30:50.543672978Z concurrent.futures.process._RemoteTraceback:
2025-11-21T23:30:50.543673549Z """
2025-11-21T23:30:50.543674230Z Traceback (most recent call last):
2025-11-21T23:30:50.543674801Z   File "/usr/lib/python3.12/concurrent/futures/process.py", line 264, in _process_worker
2025-11-21T23:30:50.543675422Z     r = call_item.fn(*call_item.args, **call_item.kwargs)
2025-11-21T23:30:50.543676394Z         ^^^^^^^^^^^^^^^^^^^^^^^^^^^^^^^^^^^^^^^^^^^^^^^^^
2025-11-21T23:30:50.543676965Z   File "/workspace/AReaL/examples/cloud_gsm8k/gsm8k_grpo_train.py", line 45, in gsm8k_reward_fn
2025-11-21T23:30:50.543677446Z     from areal.reward.math_parser import process_results
2025-11-21T23:30:50.543677927Z   File "/workspace/AReaL/areal/reward/math_parser.py", line 378
2025-11-21T23:30:50.543678458Z     if "final answer is $" in pred_str and "$. I hope" in pred_str:
2025-11-21T23:30:50.543679340Z     ^^
2025-11-21T23:30:50.543680001Z IndentationError: expected an indented block after 'if' statement on line 377
2025-11-21T23:30:50.543680482Z """
2025-11-21T23:30:50.543681524Z The above exception was the direct cause of the following exception:
2025-11-21T23:30:50.543682546Z Traceback (most recent call last):
2025-11-21T23:30:50.543683087Z   File "/workspace/AReaL/areal/api/reward_api.py", line 122, in __call__
2025-11-21T23:30:50.543683568Z     reward = await asyncio.wait_for(
2025-11-21T23:30:50.543684028Z              ^^^^^^^^^^^^^^^^^^^^^^^
2025-11-21T23:30:50.543684499Z   File "/usr/lib/python3.12/asyncio/tasks.py", line 520, in wait_for
2025-11-21T23:30:50.543684980Z     return await fut
2025-11-21T23:30:50.543686162Z            ^^^^^^^^^
2025-11-21T23:30:50.543686643Z   File "/workspace/AReaL/areal/reward/math_parser.py", line 378
2025-11-21T23:30:50.543687174Z     if "final answer is $" in pred_str and "$. I hope" in pred_str:
2025-11-21T23:30:50.543687645Z     ^^
2025-11-21T23:30:50.543688266Z IndentationError: expected an indented block after 'if' statement on line 377
2025-11-21T23:30:50.594933147Z /workspace/AReaL/areal/reward/math_parser.py:290: SyntaxWarning: invalid escape sequence '\%'
2025-11-21T23:30:50.594943326Z   string = string.replace("\%", "")
2025-11-21T23:30:50.595805378Z [31m20251121-23:30:50.595 Reward API ERROR: Unexpected error in reward computation: expected an indented block after 'if' statement on line 377 (math_parser.py, line 378)[0m
2025-11-21T23:30:50.596020220Z [37m20251121-23:30:50.595 Reward API INFO: Retrying... (attempt 1/4)[0m
2025-11-21T23:30:50.596520856Z /workspace/AReaL/areal/reward/math_parser.py:290: SyntaxWarning: invalid escape sequence '\%'
2025-11-21T23:30:50.596524172Z   string = string.replace("\%", "")
2025-11-21T23:30:50.597374071Z [31m20251121-23:30:50.597 Reward API ERROR: Unexpected error in reward computation: expected an indented block after 'if' statement on line 377 (math_parser.py, line 378)[0m
2025-11-21T23:30:50.597565760Z [37m20251121-23:30:50.597 Reward API INFO: Retrying... (attempt 2/4)[0m
2025-11-21T23:30:50.598024688Z /workspace/AReaL/areal/reward/math_parser.py:290: SyntaxWarning: invalid escape sequence '\%'
2025-11-21T23:30:50.598026191Z   string = string.replace("\%", "")
2025-11-21T23:30:50.598850392Z [31m20251121-23:30:50.598 Reward API ERROR: Unexpected error in reward computation: expected an indented block after 'if' statement on line 377 (math_parser.py, line 378)[0m
2025-11-21T23:30:50.599064052Z [37m20251121-23:30:50.598 Reward API INFO: Retrying... (attempt 3/4)[0m
2025-11-21T23:30:50.599515516Z /workspace/AReaL/areal/reward/math_parser.py:290: SyntaxWarning: invalid escape sequence '\%'
2025-11-21T23:30:50.599516107Z   string = string.replace("\%", "")
2025-11-21T23:30:50.600405831Z [31m20251121-23:30:50.600 Reward API ERROR: Unexpected error in reward computation: expected an indented block after 'if' statement on line 377 (math_parser.py, line 378)[0m
2025-11-21T23:30:50.603626694Z [31m20251121-23:30:50.600 Reward API ERROR: Max retries exceeded for unexpected error.[0m
2025-11-21T23:30:50.603628317Z concurrent.futures.process._RemoteTraceback:
2025-11-21T23:30:50.603629389Z """
2025-11-21T23:30:50.603630682Z Traceback (most recent call last):
2025-11-21T23:30:50.603631703Z   File "/usr/lib/python3.12/concurrent/futures/process.py", line 264, in _process_worker
2025-11-21T23:30:50.603632665Z     r = call_item.fn(*call_item.args, **call_item.kwargs)
2025-11-21T23:30:50.603633647Z         ^^^^^^^^^^^^^^^^^^^^^^^^^^^^^^^^^^^^^^^^^^^^^^^^^
2025-11-21T23:30:50.603634589Z   File "/workspace/AReaL/examples/cloud_gsm8k/gsm8k_grpo_train.py", line 45, in gsm8k_reward_fn
2025-11-21T23:30:50.603635601Z     from areal.reward.math_parser import process_results
2025-11-21T23:30:50.603636532Z   File "/workspace/AReaL/areal/reward/math_parser.py", line 378
2025-11-21T23:30:50.603637464Z     if "final answer is $" in pred_str and "$. I hope" in pred_str:
2025-11-21T23:30:50.603638486Z     ^^
2025-11-21T23:30:50.603639518Z IndentationError: expected an indented block after 'if' statement on line 377
2025-11-21T23:30:50.603640480Z """
2025-11-21T23:30:50.603642474Z The above exception was the direct cause of the following exception:
2025-11-21T23:30:50.603644447Z Traceback (most recent call last):
2025-11-21T23:30:50.603646391Z   File "/workspace/AReaL/areal/api/reward_api.py", line 122, in __call__
2025-11-21T23:30:50.603647343Z     reward = await asyncio.wait_for(
2025-11-21T23:30:50.603648274Z              ^^^^^^^^^^^^^^^^^^^^^^^
2025-11-21T23:30:50.603649226Z   File "/usr/lib/python3.12/asyncio/tasks.py", line 520, in wait_for
2025-11-21T23:30:50.603650198Z     return await fut
2025-11-21T23:30:50.603651621Z            ^^^^^^^^^
2025-11-21T23:30:50.603652592Z   File "/workspace/AReaL/areal/reward/math_parser.py", line 378
2025-11-21T23:30:50.603653544Z     if "final answer is $" in pred_str and "$. I hope" in pred_str:
2025-11-21T23:30:50.603654506Z     ^^
2025-11-21T23:30:50.603655448Z IndentationError: expected an indented block after 'if' statement on line 377
2025-11-21T23:30:50.614821459Z /workspace/AReaL/areal/reward/math_parser.py:290: SyntaxWarning: invalid escape sequence '\%'
2025-11-21T23:30:50.614829574Z   string = string.replace("\%", "")
2025-11-21T23:30:50.615709820Z [31m20251121-23:30:50.615 Reward API ERROR: Unexpected error in reward computation: expected an indented block after 'if' statement on line 377 (math_parser.py, line 378)[0m
2025-11-21T23:30:50.615873326Z [37m20251121-23:30:50.615 Reward API INFO: Retrying... (attempt 1/4)[0m
2025-11-21T23:30:50.616362821Z /workspace/AReaL/areal/reward/math_parser.py:290: SyntaxWarning: invalid escape sequence '\%'
2025-11-21T23:30:50.616363723Z   string = string.replace("\%", "")
2025-11-21T23:30:50.617258356Z [31m20251121-23:30:50.617 Reward API ERROR: Unexpected error in reward computation: expected an indented block after 'if' statement on line 377 (math_parser.py, line 378)[0m
2025-11-21T23:30:50.617536366Z [37m20251121-23:30:50.617 Reward API INFO: Retrying... (attempt 2/4)[0m
2025-11-21T23:30:50.617926305Z /workspace/AReaL/areal/reward/math_parser.py:290: SyntaxWarning: invalid escape sequence '\%'
2025-11-21T23:30:50.617927527Z   string = string.replace("\%", "")
2025-11-21T23:30:50.618781504Z [31m20251121-23:30:50.618 Reward API ERROR: Unexpected error in reward computation: expected an indented block after 'if' statement on line 377 (math_parser.py, line 378)[0m
2025-11-21T23:30:50.619005964Z [37m20251121-23:30:50.618 Reward API INFO: Retrying... (attempt 3/4)[0m
2025-11-21T23:30:50.619408877Z /workspace/AReaL/areal/reward/math_parser.py:290: SyntaxWarning: invalid escape sequence '\%'
2025-11-21T23:30:50.619410380Z   string = string.replace("\%", "")
2025-11-21T23:30:50.620266070Z [31m20251121-23:30:50.620 Reward API ERROR: Unexpected error in reward computation: expected an indented block after 'if' statement on line 377 (math_parser.py, line 378)[0m
2025-11-21T23:30:50.620508143Z [31m20251121-23:30:50.620 Reward API ERROR: Max retries exceeded for unexpected error.[0m
2025-11-21T23:30:50.620508935Z concurrent.futures.process._RemoteTraceback:
2025-11-21T23:30:50.620509486Z """
2025-11-21T23:30:50.620510077Z Traceback (most recent call last):
2025-11-21T23:30:50.620510668Z   File "/usr/lib/python3.12/concurrent/futures/process.py", line 264, in _process_worker
2025-11-21T23:30:50.620511159Z     r = call_item.fn(*call_item.args, **call_item.kwargs)
2025-11-21T23:30:50.620511700Z         ^^^^^^^^^^^^^^^^^^^^^^^^^^^^^^^^^^^^^^^^^^^^^^^^^
2025-11-21T23:30:50.620512161Z   File "/workspace/AReaL/examples/cloud_gsm8k/gsm8k_grpo_train.py", line 45, in gsm8k_reward_fn
2025-11-21T23:30:50.620512672Z     from areal.reward.math_parser import process_results
2025-11-21T23:30:50.620513152Z   File "/workspace/AReaL/areal/reward/math_parser.py", line 378
2025-11-21T23:30:50.620513744Z     if "final answer is $" in pred_str and "$. I hope" in pred_str:
2025-11-21T23:30:50.620514375Z     ^^
2025-11-21T23:30:50.620514886Z IndentationError: expected an indented block after 'if' statement on line 377
2025-11-21T23:30:50.620515357Z """
2025-11-21T23:30:50.620516358Z The above exception was the direct cause of the following exception:
2025-11-21T23:30:50.620517350Z Traceback (most recent call last):
2025-11-21T23:30:50.620517851Z   File "/workspace/AReaL/areal/api/reward_api.py", line 122, in __call__
2025-11-21T23:30:50.620518332Z     reward = await asyncio.wait_for(
2025-11-21T23:30:50.620518843Z              ^^^^^^^^^^^^^^^^^^^^^^^
2025-11-21T23:30:50.620519294Z   File "/usr/lib/python3.12/asyncio/tasks.py", line 520, in wait_for
2025-11-21T23:30:50.620519775Z     return await fut
2025-11-21T23:30:50.620520266Z            ^^^^^^^^^
2025-11-21T23:30:50.620520737Z   File "/workspace/AReaL/areal/reward/math_parser.py", line 378
2025-11-21T23:30:50.620521248Z     if "final answer is $" in pred_str and "$. I hope" in pred_str:
2025-11-21T23:30:50.620521718Z     ^^
2025-11-21T23:30:50.620522199Z IndentationError: expected an indented block after 'if' statement on line 377
2025-11-21T23:30:50.661765035Z /workspace/AReaL/areal/reward/math_parser.py:290: SyntaxWarning: invalid escape sequence '\%'
2025-11-21T23:30:50.661771017Z   string = string.replace("\%", "")
2025-11-21T23:30:50.663223352Z [31m20251121-23:30:50.663 Reward API ERROR: Unexpected error in reward computation: expected an indented block after 'if' statement on line 377 (math_parser.py, line 378)[0m
2025-11-21T23:30:50.663554291Z [37m20251121-23:30:50.663 Reward API INFO: Retrying... (attempt 1/4)[0m
2025-11-21T23:30:50.663948809Z /workspace/AReaL/areal/reward/math_parser.py:290: SyntaxWarning: invalid escape sequence '\%'
2025-11-21T23:30:50.663963306Z   string = string.replace("\%", "")
2025-11-21T23:30:50.664792958Z [31m20251121-23:30:50.664 Reward API ERROR: Unexpected error in reward computation: expected an indented block after 'if' statement on line 377 (math_parser.py, line 378)[0m
2025-11-21T23:30:50.665348146Z [37m20251121-23:30:50.664 Reward API INFO: Retrying... (attempt 2/4)[0m
2025-11-21T23:30:50.665638489Z /workspace/AReaL/areal/reward/math_parser.py:290: SyntaxWarning: invalid escape sequence '\%'
2025-11-21T23:30:50.665640773Z   string = string.replace("\%", "")
2025-11-21T23:30:50.666384344Z [31m20251121-23:30:50.666 Reward API ERROR: Unexpected error in reward computation: expected an indented block after 'if' statement on line 377 (math_parser.py, line 378)[0m
2025-11-21T23:30:50.666676520Z [37m20251121-23:30:50.666 Reward API INFO: Retrying... (attempt 3/4)[0m
2025-11-21T23:30:50.666850576Z /workspace/AReaL/areal/reward/math_parser.py:290: SyntaxWarning: invalid escape sequence '\%'
2025-11-21T23:30:50.666857759Z   string = string.replace("\%", "")
2025-11-21T23:30:50.667169953Z /workspace/AReaL/areal/reward/math_parser.py:290: SyntaxWarning: invalid escape sequence '\%'
2025-11-21T23:30:50.667173499Z   string = string.replace("\%", "")
2025-11-21T23:30:50.667681970Z [31m20251121-23:30:50.667 Reward API ERROR: Unexpected error in reward computation: expected an indented block after 'if' statement on line 377 (math_parser.py, line 378)[0m
2025-11-21T23:30:50.667994264Z [37m20251121-23:30:50.667 Reward API INFO: Retrying... (attempt 1/4)[0m
2025-11-21T23:30:50.667997210Z [31m20251121-23:30:50.667 Reward API ERROR: Unexpected error in reward computation: expected an indented block after 'if' statement on line 377 (math_parser.py, line 378)[0m
2025-11-21T23:30:50.667998362Z [31m20251121-23:30:50.667 Reward API ERROR: Max retries exceeded for unexpected error.[0m
2025-11-21T23:30:50.668406756Z concurrent.futures.process._RemoteTraceback:
2025-11-21T23:30:50.668407337Z """
2025-11-21T23:30:50.668407898Z Traceback (most recent call last):
2025-11-21T23:30:50.668408479Z   File "/usr/lib/python3.12/concurrent/futures/process.py", line 264, in _process_worker
2025-11-21T23:30:50.668409240Z     r = call_item.fn(*call_item.args, **call_item.kwargs)
2025-11-21T23:30:50.668409902Z         ^^^^^^^^^^^^^^^^^^^^^^^^^^^^^^^^^^^^^^^^^^^^^^^^^
2025-11-21T23:30:50.668410372Z   File "/workspace/AReaL/examples/cloud_gsm8k/gsm8k_grpo_train.py", line 45, in gsm8k_reward_fn
2025-11-21T23:30:50.668410883Z     from areal.reward.math_parser import process_results
2025-11-21T23:30:50.668411334Z   File "/workspace/AReaL/areal/reward/math_parser.py", line 378
2025-11-21T23:30:50.668411805Z     if "final answer is $" in pred_str and "$. I hope" in pred_str:
2025-11-21T23:30:50.668412376Z     ^^
2025-11-21T23:30:50.668412967Z IndentationError: expected an indented block after 'if' statement on line 377
2025-11-21T23:30:50.668413498Z """
2025-11-21T23:30:50.668414500Z The above exception was the direct cause of the following exception:
2025-11-21T23:30:50.668415472Z Traceback (most recent call last):
2025-11-21T23:30:50.668418207Z   File "/workspace/AReaL/areal/api/reward_api.py", line 122, in __call__
2025-11-21T23:30:50.668418798Z     reward = await asyncio.wait_for(
2025-11-21T23:30:50.668419319Z              ^^^^^^^^^^^^^^^^^^^^^^^
2025-11-21T23:30:50.668419860Z   File "/usr/lib/python3.12/asyncio/tasks.py", line 520, in wait_for
2025-11-21T23:30:50.668420732Z     return await fut
2025-11-21T23:30:50.668421383Z            ^^^^^^^^^
2025-11-21T23:30:50.668421844Z   File "/workspace/AReaL/areal/reward/math_parser.py", line 378
2025-11-21T23:30:50.668422325Z     if "final answer is $" in pred_str and "$. I hope" in pred_str:
2025-11-21T23:30:50.668422796Z     ^^
2025-11-21T23:30:50.668423267Z IndentationError: expected an indented block after 'if' statement on line 377
2025-11-21T23:30:50.668423747Z /workspace/AReaL/areal/reward/math_parser.py:290: SyntaxWarning: invalid escape sequence '\%'
2025-11-21T23:30:50.668424288Z   string = string.replace("\%", "")
2025-11-21T23:30:50.669166216Z [31m20251121-23:30:50.669 Reward API ERROR: Unexpected error in reward computation: expected an indented block after 'if' statement on line 377 (math_parser.py, line 378)[0m
2025-11-21T23:30:50.669457400Z [37m20251121-23:30:50.669 Reward API INFO: Retrying... (attempt 2/4)[0m
2025-11-21T23:30:50.669793549Z /workspace/AReaL/areal/reward/math_parser.py:290: SyntaxWarning: invalid escape sequence '\%'
2025-11-21T23:30:50.669795062Z   string = string.replace("\%", "")
2025-11-21T23:30:50.670616177Z [31m20251121-23:30:50.670 Reward API ERROR: Unexpected error in reward computation: expected an indented block after 'if' statement on line 377 (math_parser.py, line 378)[0m
2025-11-21T23:30:50.670830248Z [37m20251121-23:30:50.670 Reward API INFO: Retrying... (attempt 3/4)[0m
2025-11-21T23:30:50.671237139Z /workspace/AReaL/areal/reward/math_parser.py:290: SyntaxWarning: invalid escape sequence '\%'
2025-11-21T23:30:50.671237710Z   string = string.replace("\%", "")
2025-11-21T23:30:50.672078843Z [31m20251121-23:30:50.672 Reward API ERROR: Unexpected error in reward computation: expected an indented block after 'if' statement on line 377 (math_parser.py, line 378)[0m
2025-11-21T23:30:50.672341123Z [31m20251121-23:30:50.672 Reward API ERROR: Max retries exceeded for unexpected error.[0m
2025-11-21T23:30:50.672341704Z concurrent.futures.process._RemoteTraceback:
2025-11-21T23:30:50.672342235Z """
2025-11-21T23:30:50.672342786Z Traceback (most recent call last):
2025-11-21T23:30:50.672343307Z   File "/usr/lib/python3.12/concurrent/futures/process.py", line 264, in _process_worker
2025-11-21T23:30:50.672343968Z     r = call_item.fn(*call_item.args, **call_item.kwargs)
2025-11-21T23:30:50.672344449Z         ^^^^^^^^^^^^^^^^^^^^^^^^^^^^^^^^^^^^^^^^^^^^^^^^^
2025-11-21T23:30:50.672344930Z   File "/workspace/AReaL/examples/cloud_gsm8k/gsm8k_grpo_train.py", line 45, in gsm8k_reward_fn
2025-11-21T23:30:50.672345441Z     from areal.reward.math_parser import process_results
2025-11-21T23:30:50.672345932Z   File "/workspace/AReaL/areal/reward/math_parser.py", line 378
2025-11-21T23:30:50.672346473Z     if "final answer is $" in pred_str and "$. I hope" in pred_str:
2025-11-21T23:30:50.672346994Z     ^^
2025-11-21T23:30:50.672347565Z IndentationError: expected an indented block after 'if' statement on line 377
2025-11-21T23:30:50.672348076Z """
2025-11-21T23:30:50.672349098Z The above exception was the direct cause of the following exception:
2025-11-21T23:30:50.672350070Z Traceback (most recent call last):
2025-11-21T23:30:50.672350571Z   File "/workspace/AReaL/areal/api/reward_api.py", line 122, in __call__
2025-11-21T23:30:50.672351072Z     reward = await asyncio.wait_for(
2025-11-21T23:30:50.672351533Z              ^^^^^^^^^^^^^^^^^^^^^^^
2025-11-21T23:30:50.672352274Z   File "/usr/lib/python3.12/asyncio/tasks.py", line 520, in wait_for
2025-11-21T23:30:50.672352785Z     return await fut
2025-11-21T23:30:50.672353266Z            ^^^^^^^^^
2025-11-21T23:30:50.672353747Z   File "/workspace/AReaL/areal/reward/math_parser.py", line 378
2025-11-21T23:30:50.672354248Z     if "final answer is $" in pred_str and "$. I hope" in pred_str:
2025-11-21T23:30:50.672354729Z     ^^
2025-11-21T23:30:50.672355210Z IndentationError: expected an indented block after 'if' statement on line 377
2025-11-21T23:30:50.673963657Z /workspace/AReaL/areal/reward/math_parser.py:290: SyntaxWarning: invalid escape sequence '\%'
2025-11-21T23:30:50.673971212Z   string = string.replace("\%", "")
2025-11-21T23:30:50.674872998Z [31m20251121-23:30:50.674 Reward API ERROR: Unexpected error in reward computation: expected an indented block after 'if' statement on line 377 (math_parser.py, line 378)[0m
2025-11-21T23:30:50.675614254Z [37m20251121-23:30:50.674 Reward API INFO: Retrying... (attempt 1/4)[0m
2025-11-21T23:30:50.675618532Z /workspace/AReaL/areal/reward/math_parser.py:290: SyntaxWarning: invalid escape sequence '\%'
2025-11-21T23:30:50.675619263Z   string = string.replace("\%", "")
2025-11-21T23:30:50.676350220Z [31m20251121-23:30:50.676 Reward API ERROR: Unexpected error in reward computation: expected an indented block after 'if' statement on line 377 (math_parser.py, line 378)[0m
2025-11-21T23:30:50.676536248Z [37m20251121-23:30:50.676 Reward API INFO: Retrying... (attempt 2/4)[0m
2025-11-21T23:30:50.676985338Z /workspace/AReaL/areal/reward/math_parser.py:290: SyntaxWarning: invalid escape sequence '\%'
2025-11-21T23:30:50.676989115Z   string = string.replace("\%", "")
2025-11-21T23:30:50.677870313Z [31m20251121-23:30:50.677 Reward API ERROR: Unexpected error in reward computation: expected an indented block after 'if' statement on line 377 (math_parser.py, line 378)[0m
2025-11-21T23:30:50.678128125Z [37m20251121-23:30:50.677 Reward API INFO: Retrying... (attempt 3/4)[0m
2025-11-21T23:30:50.678507254Z /workspace/AReaL/areal/reward/math_parser.py:290: SyntaxWarning: invalid escape sequence '\%'
2025-11-21T23:30:50.678507905Z   string = string.replace("\%", "")
2025-11-21T23:30:50.679353847Z [31m20251121-23:30:50.679 Reward API ERROR: Unexpected error in reward computation: expected an indented block after 'if' statement on line 377 (math_parser.py, line 378)[0m
2025-11-21T23:30:50.679634522Z [31m20251121-23:30:50.679 Reward API ERROR: Max retries exceeded for unexpected error.[0m
2025-11-21T23:30:50.679635203Z concurrent.futures.process._RemoteTraceback:
2025-11-21T23:30:50.679635754Z """
2025-11-21T23:30:50.679636426Z Traceback (most recent call last):
2025-11-21T23:30:50.679636957Z   File "/usr/lib/python3.12/concurrent/futures/process.py", line 264, in _process_worker
2025-11-21T23:30:50.679637478Z     r = call_item.fn(*call_item.args, **call_item.kwargs)
2025-11-21T23:30:50.679638229Z         ^^^^^^^^^^^^^^^^^^^^^^^^^^^^^^^^^^^^^^^^^^^^^^^^^
2025-11-21T23:30:50.679639101Z   File "/workspace/AReaL/examples/cloud_gsm8k/gsm8k_grpo_train.py", line 45, in gsm8k_reward_fn
2025-11-21T23:30:50.679639632Z     from areal.reward.math_parser import process_results
2025-11-21T23:30:50.679640112Z   File "/workspace/AReaL/areal/reward/math_parser.py", line 378
2025-11-21T23:30:50.679640633Z     if "final answer is $" in pred_str and "$. I hope" in pred_str:
2025-11-21T23:30:50.679641195Z     ^^
2025-11-21T23:30:50.679642196Z IndentationError: expected an indented block after 'if' statement on line 377
2025-11-21T23:30:50.679642717Z """
2025-11-21T23:30:50.679643749Z The above exception was the direct cause of the following exception:
2025-11-21T23:30:50.679644771Z Traceback (most recent call last):
2025-11-21T23:30:50.679645302Z   File "/workspace/AReaL/areal/api/reward_api.py", line 122, in __call__
2025-11-21T23:30:50.679645873Z     reward = await asyncio.wait_for(
2025-11-21T23:30:50.679646444Z              ^^^^^^^^^^^^^^^^^^^^^^^
2025-11-21T23:30:50.679646935Z   File "/usr/lib/python3.12/asyncio/tasks.py", line 520, in wait_for
2025-11-21T23:30:50.679647436Z     return await fut
2025-11-21T23:30:50.679648168Z            ^^^^^^^^^
2025-11-21T23:30:50.679648628Z   File "/workspace/AReaL/areal/reward/math_parser.py", line 378
2025-11-21T23:30:50.679649129Z     if "final answer is $" in pred_str and "$. I hope" in pred_str:
2025-11-21T23:30:50.679651103Z     ^^
2025-11-21T23:30:50.679651644Z IndentationError: expected an indented block after 'if' statement on line 377
2025-11-21T23:30:50.869060317Z [31m20251121-23:30:50.868 [Remote Inference Engine Rank 0] ERROR: AsyncTaskRunner: Task 5 failed with exception: expected an indented block after 'if' statement on line 377 (math_parser.py, line 378) [0m
2025-11-21T23:30:50.869068763Z concurrent.futures.process._RemoteTraceback:
2025-11-21T23:30:50.869070005Z """
2025-11-21T23:30:50.869070867Z Traceback (most recent call last):
2025-11-21T23:30:50.869071618Z   File "/usr/lib/python3.12/concurrent/futures/process.py", line 264, in _process_worker
2025-11-21T23:30:50.869072359Z     r = call_item.fn(*call_item.args, **call_item.kwargs)
2025-11-21T23:30:50.869073121Z         ^^^^^^^^^^^^^^^^^^^^^^^^^^^^^^^^^^^^^^^^^^^^^^^^^
2025-11-21T23:30:50.869073842Z   File "/workspace/AReaL/examples/cloud_gsm8k/gsm8k_grpo_train.py", line 45, in gsm8k_reward_fn
2025-11-21T23:30:50.869074894Z     from areal.reward.math_parser import process_results
2025-11-21T23:30:50.869075766Z   File "/workspace/AReaL/areal/reward/math_parser.py", line 378
2025-11-21T23:30:50.869076668Z     if "final answer is $" in pred_str and "$. I hope" in pred_str:
2025-11-21T23:30:50.869080956Z     ^^
2025-11-21T23:30:50.869081807Z IndentationError: expected an indented block after 'if' statement on line 377
2025-11-21T23:30:50.869082508Z """
2025-11-21T23:30:50.869083921Z The above exception was the direct cause of the following exception:
2025-11-21T23:30:50.869085384Z Traceback (most recent call last):
2025-11-21T23:30:50.869086135Z   File "/workspace/AReaL/areal/core/async_task_runner.py", line 319, in _run_async_loop
2025-11-21T23:30:50.869086817Z     result = await async_task
2025-11-21T23:30:50.869087768Z              ^^^^^^^^^^^^^^^^
2025-11-21T23:30:50.869088510Z   File "/workspace/AReaL/areal/core/workflow_executor.py", line 367, in _execute_workflow
2025-11-21T23:30:50.869089271Z     traj = await task_input.workflow.arun_episode(
2025-11-21T23:30:50.869090403Z            ^^^^^^^^^^^^^^^^^^^^^^^^^^^^^^^^^^^^^^^
2025-11-21T23:30:50.869091145Z   File "/workspace/AReaL/areal/workflow/rlvr.py", line 93, in arun_episode
2025-11-21T23:30:50.869091836Z     reward = await self.async_reward_fn(
2025-11-21T23:30:50.869092597Z              ^^^^^^^^^^^^^^^^^^^^^^^^^^^
2025-11-21T23:30:50.869093319Z   File "/workspace/AReaL/areal/api/reward_api.py", line 163, in __call__
2025-11-21T23:30:50.869094050Z     raise e
2025-11-21T23:30:50.869094771Z   File "/workspace/AReaL/areal/api/reward_api.py", line 122, in __call__
2025-11-21T23:30:50.869095503Z     reward = await asyncio.wait_for(
2025-11-21T23:30:50.869096234Z              ^^^^^^^^^^^^^^^^^^^^^^^
2025-11-21T23:30:50.869096935Z   File "/usr/lib/python3.12/asyncio/tasks.py", line 520, in wait_for
2025-11-21T23:30:50.869099380Z     return await fut
2025-11-21T23:30:50.869100141Z            ^^^^^^^^^
2025-11-21T23:30:50.869100853Z   File "/workspace/AReaL/areal/reward/math_parser.py", line 378
2025-11-21T23:30:50.869101644Z     if "final answer is $" in pred_str and "$. I hope" in pred_str:
2025-11-21T23:30:50.869102456Z     ^^
2025-11-21T23:30:50.869103167Z IndentationError: expected an indented block after 'if' statement on line 377
2025-11-21T23:30:50.869700584Z [31m20251121-23:30:50.869 [Remote Inference Engine Rank 0] ERROR: AsyncTaskRunner: Task 9 failed with exception: expected an indented block after 'if' statement on line 377 (math_parser.py, line 378) [0m
2025-11-21T23:30:50.869706075Z concurrent.futures.process._RemoteTraceback:
2025-11-21T23:30:50.869707377Z """
2025-11-21T23:30:50.869708489Z Traceback (most recent call last):
2025-11-21T23:30:50.869709721Z   File "/usr/lib/python3.12/concurrent/futures/process.py", line 264, in _process_worker
2025-11-21T23:30:50.869710683Z     r = call_item.fn(*call_item.args, **call_item.kwargs)
2025-11-21T23:30:50.869711615Z         ^^^^^^^^^^^^^^^^^^^^^^^^^^^^^^^^^^^^^^^^^^^^^^^^^
2025-11-21T23:30:50.869712507Z   File "/workspace/AReaL/examples/cloud_gsm8k/gsm8k_grpo_train.py", line 45, in gsm8k_reward_fn
2025-11-21T23:30:50.869713438Z     from areal.reward.math_parser import process_results
2025-11-21T23:30:50.869714370Z   File "/workspace/AReaL/areal/reward/math_parser.py", line 378
2025-11-21T23:30:50.869715362Z     if "final answer is $" in pred_str and "$. I hope" in pred_str:
2025-11-21T23:30:50.869716354Z     ^^
2025-11-21T23:30:50.869717426Z IndentationError: expected an indented block after 'if' statement on line 377
2025-11-21T23:30:50.869722605Z """
2025-11-21T23:30:50.869724489Z The above exception was the direct cause of the following exception:
2025-11-21T23:30:50.869726352Z Traceback (most recent call last):
2025-11-21T23:30:50.869727374Z   File "/workspace/AReaL/areal/core/async_task_runner.py", line 319, in _run_async_loop
2025-11-21T23:30:50.869728376Z     result = await async_task
2025-11-21T23:30:50.869731773Z              ^^^^^^^^^^^^^^^^
2025-11-21T23:30:50.869732764Z   File "/workspace/AReaL/areal/core/workflow_executor.py", line 367, in _execute_workflow
2025-11-21T23:30:50.869734027Z     traj = await task_input.workflow.arun_episode(
2025-11-21T23:30:50.869734979Z            ^^^^^^^^^^^^^^^^^^^^^^^^^^^^^^^^^^^^^^^
2025-11-21T23:30:50.869735880Z   File "/workspace/AReaL/areal/workflow/rlvr.py", line 93, in arun_episode
2025-11-21T23:30:50.869736792Z     reward = await self.async_reward_fn(
2025-11-21T23:30:50.869741160Z              ^^^^^^^^^^^^^^^^^^^^^^^^^^^
2025-11-21T23:30:50.869742202Z   File "/workspace/AReaL/areal/api/reward_api.py", line 163, in __call__
2025-11-21T23:30:50.869743174Z     raise e
2025-11-21T23:30:50.869744136Z   File "/workspace/AReaL/areal/api/reward_api.py", line 122, in __call__
2025-11-21T23:30:50.869745087Z     reward = await asyncio.wait_for(
2025-11-21T23:30:50.869746079Z              ^^^^^^^^^^^^^^^^^^^^^^^
2025-11-21T23:30:50.869747061Z   File "/usr/lib/python3.12/asyncio/tasks.py", line 520, in wait_for
2025-11-21T23:30:50.869748033Z     return await fut
2025-11-21T23:30:50.869749015Z            ^^^^^^^^^
2025-11-21T23:30:50.869749967Z   File "/workspace/AReaL/areal/reward/math_parser.py", line 378
2025-11-21T23:30:50.869750989Z     if "final answer is $" in pred_str and "$. I hope" in pred_str:
2025-11-21T23:30:50.869751930Z     ^^
2025-11-21T23:30:50.869752972Z IndentationError: expected an indented block after 'if' statement on line 377
2025-11-21T23:30:50.869754305Z [31m20251121-23:30:50.869 [Remote Inference Engine Rank 0] ERROR: AsyncTaskRunner: Task 15 failed with exception: expected an indented block after 'if' statement on line 377 (math_parser.py, line 378) [0m
2025-11-21T23:30:50.869755367Z concurrent.futures.process._RemoteTraceback:
2025-11-21T23:30:50.869756318Z """
2025-11-21T23:30:50.869757280Z Traceback (most recent call last):
2025-11-21T23:30:50.869758222Z   File "/usr/lib/python3.12/concurrent/futures/process.py", line 264, in _process_worker
2025-11-21T23:30:50.869759184Z     r = call_item.fn(*call_item.args, **call_item.kwargs)
2025-11-21T23:30:50.869760136Z         ^^^^^^^^^^^^^^^^^^^^^^^^^^^^^^^^^^^^^^^^^^^^^^^^^
2025-11-21T23:30:50.869761087Z   File "/workspace/AReaL/examples/cloud_gsm8k/gsm8k_grpo_train.py", line 45, in gsm8k_reward_fn
2025-11-21T23:30:50.869762099Z     from areal.reward.math_parser import process_results
2025-11-21T23:30:50.869763071Z   File "/workspace/AReaL/areal/reward/math_parser.py", line 378
2025-11-21T23:30:50.869764003Z     if "final answer is $" in pred_str and "$. I hope" in pred_str:
2025-11-21T23:30:50.869764965Z     ^^
2025-11-21T23:30:50.869765906Z IndentationError: expected an indented block after 'if' statement on line 377
2025-11-21T23:30:50.869766848Z """
2025-11-21T23:30:50.869768622Z The above exception was the direct cause of the following exception:
2025-11-21T23:30:50.869770445Z Traceback (most recent call last):
2025-11-21T23:30:50.869771387Z   File "/workspace/AReaL/areal/core/async_task_runner.py", line 319, in _run_async_loop
2025-11-21T23:30:50.869772348Z     result = await async_task
2025-11-21T23:30:50.869773270Z              ^^^^^^^^^^^^^^^^
2025-11-21T23:30:50.869774182Z   File "/workspace/AReaL/areal/core/workflow_executor.py", line 367, in _execute_workflow
2025-11-21T23:30:50.869775124Z     traj = await task_input.workflow.arun_episode(
2025-11-21T23:30:50.869776065Z            ^^^^^^^^^^^^^^^^^^^^^^^^^^^^^^^^^^^^^^^
2025-11-21T23:30:50.869776987Z   File "/workspace/AReaL/areal/workflow/rlvr.py", line 93, in arun_episode
2025-11-21T23:30:50.869777909Z     reward = await self.async_reward_fn(
2025-11-21T23:30:50.869778821Z              ^^^^^^^^^^^^^^^^^^^^^^^^^^^
2025-11-21T23:30:50.869779782Z   File "/workspace/AReaL/areal/api/reward_api.py", line 163, in __call__
2025-11-21T23:30:50.869780724Z     raise e
2025-11-21T23:30:50.869781676Z   File "/workspace/AReaL/areal/api/reward_api.py", line 122, in __call__
2025-11-21T23:30:50.869782598Z     reward = await asyncio.wait_for(
2025-11-21T23:30:50.869783519Z              ^^^^^^^^^^^^^^^^^^^^^^^
2025-11-21T23:30:50.869784511Z   File "/usr/lib/python3.12/asyncio/tasks.py", line 520, in wait_for
2025-11-21T23:30:50.869785423Z     return await fut
2025-11-21T23:30:50.869786355Z            ^^^^^^^^^
2025-11-21T23:30:50.869787326Z   File "/workspace/AReaL/areal/reward/math_parser.py", line 378
2025-11-21T23:30:50.869788288Z     if "final answer is $" in pred_str and "$. I hope" in pred_str:
2025-11-21T23:30:50.869789210Z     ^^
2025-11-21T23:30:50.869790122Z IndentationError: expected an indented block after 'if' statement on line 377
2025-11-21T23:30:50.869791244Z [31m20251121-23:30:50.869 [Remote Inference Engine Rank 0] ERROR: AsyncTaskRunner: Task 12 failed with exception: expected an indented block after 'if' statement on line 377 (math_parser.py, line 378) [0m
2025-11-21T23:30:50.869793608Z concurrent.futures.process._RemoteTraceback:
2025-11-21T23:30:50.869794560Z """
2025-11-21T23:30:50.869795502Z Traceback (most recent call last):
2025-11-21T23:30:50.869796464Z   File "/usr/lib/python3.12/concurrent/futures/process.py", line 264, in _process_worker
2025-11-21T23:30:50.869797405Z     r = call_item.fn(*call_item.args, **call_item.kwargs)
2025-11-21T23:30:50.869798337Z         ^^^^^^^^^^^^^^^^^^^^^^^^^^^^^^^^^^^^^^^^^^^^^^^^^
2025-11-21T23:30:50.869799249Z   File "/workspace/AReaL/examples/cloud_gsm8k/gsm8k_grpo_train.py", line 45, in gsm8k_reward_fn
2025-11-21T23:30:50.869800201Z     from areal.reward.math_parser import process_results
2025-11-21T23:30:50.869801142Z   File "/workspace/AReaL/areal/reward/math_parser.py", line 378
2025-11-21T23:30:50.869802084Z     if "final answer is $" in pred_str and "$. I hope" in pred_str:
2025-11-21T23:30:50.869803006Z     ^^
2025-11-21T23:30:50.869803958Z IndentationError: expected an indented block after 'if' statement on line 377
2025-11-21T23:30:50.869804919Z """
2025-11-21T23:30:50.869806673Z The above exception was the direct cause of the following exception:
2025-11-21T23:30:50.869808506Z Traceback (most recent call last):
2025-11-21T23:30:50.869809418Z   File "/workspace/AReaL/areal/core/async_task_runner.py", line 319, in _run_async_loop
2025-11-21T23:30:50.869810299Z     result = await async_task
2025-11-21T23:30:50.869811241Z              ^^^^^^^^^^^^^^^^
2025-11-21T23:30:50.869812163Z   File "/workspace/AReaL/areal/core/workflow_executor.py", line 367, in _execute_workflow
2025-11-21T23:30:50.869813085Z     traj = await task_input.workflow.arun_episode(
2025-11-21T23:30:50.869814077Z            ^^^^^^^^^^^^^^^^^^^^^^^^^^^^^^^^^^^^^^^
2025-11-21T23:30:50.869816110Z   File "/workspace/AReaL/areal/workflow/rlvr.py", line 93, in arun_episode
2025-11-21T23:30:50.869817072Z     reward = await self.async_reward_fn(
2025-11-21T23:30:50.869818014Z              ^^^^^^^^^^^^^^^^^^^^^^^^^^^
2025-11-21T23:30:50.869818936Z   File "/workspace/AReaL/areal/api/reward_api.py", line 163, in __call__
2025-11-21T23:30:50.869819907Z     raise e
2025-11-21T23:30:50.869820849Z   File "/workspace/AReaL/areal/api/reward_api.py", line 122, in __call__
2025-11-21T23:30:50.869821791Z     reward = await asyncio.wait_for(
2025-11-21T23:30:50.869822673Z              ^^^^^^^^^^^^^^^^^^^^^^^
2025-11-21T23:30:50.869823584Z   File "/usr/lib/python3.12/asyncio/tasks.py", line 520, in wait_for
2025-11-21T23:30:50.869824486Z     return await fut
2025-11-21T23:30:50.869825418Z            ^^^^^^^^^
2025-11-21T23:30:50.869826640Z   File "/workspace/AReaL/areal/reward/math_parser.py", line 378
2025-11-21T23:30:50.869827602Z     if "final answer is $" in pred_str and "$. I hope" in pred_str:
2025-11-21T23:30:50.869828544Z     ^^
2025-11-21T23:30:50.869829505Z IndentationError: expected an indented block after 'if' statement on line 377
2025-11-21T23:30:50.870535305Z [31m20251121-23:30:50.869 [Remote Inference Engine Rank 0] ERROR: AsyncTaskRunner: Task 2 failed with exception: expected an indented block after 'if' statement on line 377 (math_parser.py, line 378) [0m
2025-11-21T23:30:50.870538802Z concurrent.futures.process._RemoteTraceback:
2025-11-21T23:30:50.870539734Z """
2025-11-21T23:30:50.870540525Z Traceback (most recent call last):
2025-11-21T23:30:50.870541267Z   File "/usr/lib/python3.12/concurrent/futures/process.py", line 264, in _process_worker
2025-11-21T23:30:50.870542008Z     r = call_item.fn(*call_item.args, **call_item.kwargs)
2025-11-21T23:30:50.870542719Z         ^^^^^^^^^^^^^^^^^^^^^^^^^^^^^^^^^^^^^^^^^^^^^^^^^
2025-11-21T23:30:50.870543451Z   File "/workspace/AReaL/examples/cloud_gsm8k/gsm8k_grpo_train.py", line 45, in gsm8k_reward_fn
2025-11-21T23:30:50.870544202Z     from areal.reward.math_parser import process_results
2025-11-21T23:30:50.870544943Z   File "/workspace/AReaL/areal/reward/math_parser.py", line 378
2025-11-21T23:30:50.870545665Z     if "final answer is $" in pred_str and "$. I hope" in pred_str:
2025-11-21T23:30:50.870549402Z     ^^
2025-11-21T23:30:50.870550293Z IndentationError: expected an indented block after 'if' statement on line 377
2025-11-21T23:30:50.870551095Z """
2025-11-21T23:30:50.870552498Z The above exception was the direct cause of the following exception:
2025-11-21T23:30:50.870553940Z Traceback (most recent call last):
2025-11-21T23:30:50.870554682Z   File "/workspace/AReaL/areal/core/async_task_runner.py", line 319, in _run_async_loop
2025-11-21T23:30:50.870555413Z     result = await async_task
2025-11-21T23:30:50.870556164Z              ^^^^^^^^^^^^^^^^
2025-11-21T23:30:50.870556906Z   File "/workspace/AReaL/areal/core/workflow_executor.py", line 367, in _execute_workflow
2025-11-21T23:30:50.870557757Z     traj = await task_input.workflow.arun_episode(
2025-11-21T23:30:50.870558699Z            ^^^^^^^^^^^^^^^^^^^^^^^^^^^^^^^^^^^^^^^
2025-11-21T23:30:50.870559360Z   File "/workspace/AReaL/areal/workflow/rlvr.py", line 93, in arun_episode
2025-11-21T23:30:50.870560032Z     reward = await self.async_reward_fn(
2025-11-21T23:30:50.870560693Z              ^^^^^^^^^^^^^^^^^^^^^^^^^^^
2025-11-21T23:30:50.870561384Z   File "/workspace/AReaL/areal/api/reward_api.py", line 163, in __call__
2025-11-21T23:30:50.870562186Z     raise e
2025-11-21T23:30:50.870562927Z   File "/workspace/AReaL/areal/api/reward_api.py", line 122, in __call__
2025-11-21T23:30:50.870563678Z     reward = await asyncio.wait_for(
2025-11-21T23:30:50.870564360Z              ^^^^^^^^^^^^^^^^^^^^^^^
2025-11-21T23:30:50.870565041Z   File "/usr/lib/python3.12/asyncio/tasks.py", line 520, in wait_for
2025-11-21T23:30:50.870565792Z     return await fut
2025-11-21T23:30:50.870566544Z            ^^^^^^^^^
2025-11-21T23:30:50.870567265Z   File "/workspace/AReaL/areal/reward/math_parser.py", line 378
2025-11-21T23:30:50.870568047Z     if "final answer is $" in pred_str and "$. I hope" in pred_str:
2025-11-21T23:30:50.870568988Z     ^^
2025-11-21T23:30:50.870569720Z IndentationError: expected an indented block after 'if' statement on line 377
2025-11-21T23:30:50.870570892Z [31m20251121-23:30:50.869 [Remote Inference Engine Rank 0] ERROR: AsyncTaskRunner: Task 7 failed with exception: expected an indented block after 'if' statement on line 377 (math_parser.py, line 378) [0m
2025-11-21T23:30:50.870571724Z concurrent.futures.process._RemoteTraceback:
2025-11-21T23:30:50.870572485Z """
2025-11-21T23:30:50.870573146Z Traceback (most recent call last):
2025-11-21T23:30:50.870573837Z   File "/usr/lib/python3.12/concurrent/futures/process.py", line 264, in _process_worker
2025-11-21T23:30:50.870574539Z     r = call_item.fn(*call_item.args, **call_item.kwargs)
2025-11-21T23:30:50.870575230Z         ^^^^^^^^^^^^^^^^^^^^^^^^^^^^^^^^^^^^^^^^^^^^^^^^^
2025-11-21T23:30:50.870575941Z   File "/workspace/AReaL/examples/cloud_gsm8k/gsm8k_grpo_train.py", line 45, in gsm8k_reward_fn
2025-11-21T23:30:50.870576643Z     from areal.reward.math_parser import process_results
2025-11-21T23:30:50.870577354Z   File "/workspace/AReaL/areal/reward/math_parser.py", line 378
2025-11-21T23:30:50.870578196Z     if "final answer is $" in pred_str and "$. I hope" in pred_str:
2025-11-21T23:30:50.870579187Z     ^^
2025-11-21T23:30:50.870579849Z IndentationError: expected an indented block after 'if' statement on line 377
2025-11-21T23:30:50.870580530Z """
2025-11-21T23:30:50.870581812Z The above exception was the direct cause of the following exception:
2025-11-21T23:30:50.870583145Z Traceback (most recent call last):
2025-11-21T23:30:50.870583846Z   File "/workspace/AReaL/areal/core/async_task_runner.py", line 319, in _run_async_loop
2025-11-21T23:30:50.870586331Z     result = await async_task
2025-11-21T23:30:50.870587062Z              ^^^^^^^^^^^^^^^^
2025-11-21T23:30:50.870588976Z   File "/workspace/AReaL/areal/core/workflow_executor.py", line 367, in _execute_workflow
2025-11-21T23:30:50.870589687Z     traj = await task_input.workflow.arun_episode(
2025-11-21T23:30:50.870590449Z            ^^^^^^^^^^^^^^^^^^^^^^^^^^^^^^^^^^^^^^^
2025-11-21T23:30:50.870591160Z   File "/workspace/AReaL/areal/workflow/rlvr.py", line 93, in arun_episode
2025-11-21T23:30:50.870593093Z     reward = await self.async_reward_fn(
2025-11-21T23:30:50.870593825Z              ^^^^^^^^^^^^^^^^^^^^^^^^^^^
2025-11-21T23:30:50.870595328Z   File "/workspace/AReaL/areal/api/reward_api.py", line 163, in __call__
2025-11-21T23:30:50.870596089Z     raise e
2025-11-21T23:30:50.870596881Z   File "/workspace/AReaL/areal/api/reward_api.py", line 122, in __call__
2025-11-21T23:30:50.870597632Z     reward = await asyncio.wait_for(
2025-11-21T23:30:50.870599936Z              ^^^^^^^^^^^^^^^^^^^^^^^
2025-11-21T23:30:50.870600688Z   File "/usr/lib/python3.12/asyncio/tasks.py", line 520, in wait_for
2025-11-21T23:30:50.870601459Z     return await fut
2025-11-21T23:30:50.870602221Z            ^^^^^^^^^
2025-11-21T23:30:50.870602972Z   File "/workspace/AReaL/areal/reward/math_parser.py", line 378
2025-11-21T23:30:50.870603814Z     if "final answer is $" in pred_str and "$. I hope" in pred_str:
2025-11-21T23:30:50.870604485Z     ^^
2025-11-21T23:30:50.870606208Z IndentationError: expected an indented block after 'if' statement on line 377
2025-11-21T23:30:50.870607090Z [31m20251121-23:30:50.869 [Remote Inference Engine Rank 0] ERROR: AsyncTaskRunner: Task 4 failed with exception: expected an indented block after 'if' statement on line 377 (math_parser.py, line 378) [0m
2025-11-21T23:30:50.870607901Z concurrent.futures.process._RemoteTraceback:
2025-11-21T23:30:50.870608582Z """
2025-11-21T23:30:50.870609254Z Traceback (most recent call last):
2025-11-21T23:30:50.870609995Z   File "/usr/lib/python3.12/concurrent/futures/process.py", line 264, in _process_worker
2025-11-21T23:30:50.870610747Z     r = call_item.fn(*call_item.args, **call_item.kwargs)
2025-11-21T23:30:50.870611468Z         ^^^^^^^^^^^^^^^^^^^^^^^^^^^^^^^^^^^^^^^^^^^^^^^^^
2025-11-21T23:30:50.870612219Z   File "/workspace/AReaL/examples/cloud_gsm8k/gsm8k_grpo_train.py", line 45, in gsm8k_reward_fn
2025-11-21T23:30:50.870613381Z     from areal.reward.math_parser import process_results
2025-11-21T23:30:50.870614323Z   File "/workspace/AReaL/areal/reward/math_parser.py", line 378
2025-11-21T23:30:50.870615014Z     if "final answer is $" in pred_str and "$. I hope" in pred_str:
2025-11-21T23:30:50.870615766Z     ^^
2025-11-21T23:30:50.870616497Z IndentationError: expected an indented block after 'if' statement on line 377
2025-11-21T23:30:50.870617239Z """
2025-11-21T23:30:50.870618611Z The above exception was the direct cause of the following exception:
2025-11-21T23:30:50.870620224Z Traceback (most recent call last):
2025-11-21T23:30:50.870620976Z   File "/workspace/AReaL/areal/core/async_task_runner.py", line 319, in _run_async_loop
2025-11-21T23:30:50.870621817Z     result = await async_task
2025-11-21T23:30:50.870622508Z              ^^^^^^^^^^^^^^^^
2025-11-21T23:30:50.870623661Z   File "/workspace/AReaL/areal/core/workflow_executor.py", line 367, in _execute_workflow
2025-11-21T23:30:50.870624382Z     traj = await task_input.workflow.arun_episode(
2025-11-21T23:30:50.870625113Z            ^^^^^^^^^^^^^^^^^^^^^^^^^^^^^^^^^^^^^^^
2025-11-21T23:30:50.870625845Z   File "/workspace/AReaL/areal/workflow/rlvr.py", line 93, in arun_episode
2025-11-21T23:30:50.870626566Z     reward = await self.async_reward_fn(
2025-11-21T23:30:50.870627287Z              ^^^^^^^^^^^^^^^^^^^^^^^^^^^
2025-11-21T23:30:50.870627939Z   File "/workspace/AReaL/areal/api/reward_api.py", line 163, in __call__
2025-11-21T23:30:50.870628640Z     raise e
2025-11-21T23:30:50.870629341Z   File "/workspace/AReaL/areal/api/reward_api.py", line 122, in __call__
2025-11-21T23:30:50.870630063Z     reward = await asyncio.wait_for(
2025-11-21T23:30:50.870630764Z              ^^^^^^^^^^^^^^^^^^^^^^^
2025-11-21T23:30:50.870631435Z   File "/usr/lib/python3.12/asyncio/tasks.py", line 520, in wait_for
2025-11-21T23:30:50.870632076Z     return await fut
2025-11-21T23:30:50.870632748Z            ^^^^^^^^^
2025-11-21T23:30:50.870633399Z   File "/workspace/AReaL/areal/reward/math_parser.py", line 378
2025-11-21T23:30:50.870634080Z     if "final answer is $" in pred_str and "$. I hope" in pred_str:
2025-11-21T23:30:50.870634741Z     ^^
2025-11-21T23:30:50.870635473Z IndentationError: expected an indented block after 'if' statement on line 377
2025-11-21T23:30:50.870637386Z [31m20251121-23:30:50.870 [Remote Inference Engine Rank 0] ERROR: AsyncTaskRunner: Task 11 failed with exception: expected an indented block after 'if' statement on line 377 (math_parser.py, line 378) [0m
2025-11-21T23:30:50.870638208Z concurrent.futures.process._RemoteTraceback:
2025-11-21T23:30:50.870638899Z """
2025-11-21T23:30:50.870639560Z Traceback (most recent call last):
2025-11-21T23:30:50.870640252Z   File "/usr/lib/python3.12/concurrent/futures/process.py", line 264, in _process_worker
2025-11-21T23:30:50.870641013Z     r = call_item.fn(*call_item.args, **call_item.kwargs)
2025-11-21T23:30:50.870641704Z         ^^^^^^^^^^^^^^^^^^^^^^^^^^^^^^^^^^^^^^^^^^^^^^^^^
2025-11-21T23:30:50.870642466Z   File "/workspace/AReaL/examples/cloud_gsm8k/gsm8k_grpo_train.py", line 45, in gsm8k_reward_fn
2025-11-21T23:30:50.870643207Z     from areal.reward.math_parser import process_results
2025-11-21T23:30:50.870643899Z   File "/workspace/AReaL/areal/reward/math_parser.py", line 378
2025-11-21T23:30:50.870644630Z     if "final answer is $" in pred_str and "$. I hope" in pred_str:
2025-11-21T23:30:50.870645341Z     ^^
2025-11-21T23:30:50.870646093Z IndentationError: expected an indented block after 'if' statement on line 377
2025-11-21T23:30:50.870646854Z """
2025-11-21T23:30:50.870648297Z The above exception was the direct cause of the following exception:
2025-11-21T23:30:50.870649719Z Traceback (most recent call last):
2025-11-21T23:30:50.870650471Z   File "/workspace/AReaL/areal/core/async_task_runner.py", line 319, in _run_async_loop
2025-11-21T23:30:50.870651222Z     result = await async_task
2025-11-21T23:30:50.870651934Z              ^^^^^^^^^^^^^^^^
2025-11-21T23:30:50.870652645Z   File "/workspace/AReaL/areal/core/workflow_executor.py", line 367, in _execute_workflow
2025-11-21T23:30:50.870653386Z     traj = await task_input.workflow.arun_episode(
2025-11-21T23:30:50.870654148Z            ^^^^^^^^^^^^^^^^^^^^^^^^^^^^^^^^^^^^^^^
2025-11-21T23:30:50.870654919Z   File "/workspace/AReaL/areal/workflow/rlvr.py", line 93, in arun_episode
2025-11-21T23:30:50.870655701Z     reward = await self.async_reward_fn(
2025-11-21T23:30:50.870656412Z              ^^^^^^^^^^^^^^^^^^^^^^^^^^^
2025-11-21T23:30:50.870657183Z   File "/workspace/AReaL/areal/api/reward_api.py", line 163, in __call__
2025-11-21T23:30:50.870657945Z     raise e
2025-11-21T23:30:50.870658806Z   File "/workspace/AReaL/areal/api/reward_api.py", line 122, in __call__
2025-11-21T23:30:50.870659548Z     reward = await asyncio.wait_for(
2025-11-21T23:30:50.870660249Z              ^^^^^^^^^^^^^^^^^^^^^^^
2025-11-21T23:30:50.870660990Z   File "/usr/lib/python3.12/asyncio/tasks.py", line 520, in wait_for
2025-11-21T23:30:50.870661722Z     return await fut
2025-11-21T23:30:50.870662393Z            ^^^^^^^^^
2025-11-21T23:30:50.870663034Z   File "/workspace/AReaL/areal/reward/math_parser.py", line 378
2025-11-21T23:30:50.870663746Z     if "final answer is $" in pred_str and "$. I hope" in pred_str:
2025-11-21T23:30:50.870664427Z     ^^
2025-11-21T23:30:50.870665188Z IndentationError: expected an indented block after 'if' statement on line 377
2025-11-21T23:30:50.871079473Z [31m20251121-23:30:50.870 [Remote Inference Engine Rank 0] ERROR: AsyncTaskRunner: Task 17 failed with exception: expected an indented block after 'if' statement on line 377 (math_parser.py, line 378) [0m
2025-11-21T23:30:50.871082920Z concurrent.futures.process._RemoteTraceback:
2025-11-21T23:30:50.871084042Z """
2025-11-21T23:30:50.871085053Z Traceback (most recent call last):
2025-11-21T23:30:50.871086055Z   File "/usr/lib/python3.12/concurrent/futures/process.py", line 264, in _process_worker
2025-11-21T23:30:50.871087067Z     r = call_item.fn(*call_item.args, **call_item.kwargs)
2025-11-21T23:30:50.871087989Z         ^^^^^^^^^^^^^^^^^^^^^^^^^^^^^^^^^^^^^^^^^^^^^^^^^
2025-11-21T23:30:50.871088981Z   File "/workspace/AReaL/examples/cloud_gsm8k/gsm8k_grpo_train.py", line 45, in gsm8k_reward_fn
2025-11-21T23:30:50.871089933Z     from areal.reward.math_parser import process_results
2025-11-21T23:30:50.871090864Z   File "/workspace/AReaL/areal/reward/math_parser.py", line 378
2025-11-21T23:30:50.871093008Z     if "final answer is $" in pred_str and "$. I hope" in pred_str:
2025-11-21T23:30:50.871094010Z     ^^
2025-11-21T23:30:50.871095012Z IndentationError: expected an indented block after 'if' statement on line 377
2025-11-21T23:30:50.871095954Z """
2025-11-21T23:30:50.871097837Z The above exception was the direct cause of the following exception:
2025-11-21T23:30:50.871099661Z Traceback (most recent call last):
2025-11-21T23:30:50.871100593Z   File "/workspace/AReaL/areal/core/async_task_runner.py", line 319, in _run_async_loop
2025-11-21T23:30:50.871101554Z     result = await async_task
2025-11-21T23:30:50.871102596Z              ^^^^^^^^^^^^^^^^
2025-11-21T23:30:50.871103528Z   File "/workspace/AReaL/areal/core/workflow_executor.py", line 367, in _execute_workflow
2025-11-21T23:30:50.871104460Z     traj = await task_input.workflow.arun_episode(
2025-11-21T23:30:50.871105442Z            ^^^^^^^^^^^^^^^^^^^^^^^^^^^^^^^^^^^^^^^
2025-11-21T23:30:50.871106363Z   File "/workspace/AReaL/areal/workflow/rlvr.py", line 93, in arun_episode
2025-11-21T23:30:50.871107315Z     reward = await self.async_reward_fn(
2025-11-21T23:30:50.871108217Z              ^^^^^^^^^^^^^^^^^^^^^^^^^^^
2025-11-21T23:30:50.871109129Z   File "/workspace/AReaL/areal/api/reward_api.py", line 163, in __call__
2025-11-21T23:30:50.871110090Z     raise e
2025-11-21T23:30:50.871111293Z   File "/workspace/AReaL/areal/api/reward_api.py", line 122, in __call__
2025-11-21T23:30:50.871112685Z     reward = await asyncio.wait_for(
2025-11-21T23:30:50.871113627Z              ^^^^^^^^^^^^^^^^^^^^^^^
2025-11-21T23:30:50.871114679Z   File "/usr/lib/python3.12/asyncio/tasks.py", line 520, in wait_for
2025-11-21T23:30:50.871115621Z     return await fut
2025-11-21T23:30:50.871116522Z            ^^^^^^^^^
2025-11-21T23:30:50.871117414Z   File "/workspace/AReaL/areal/reward/math_parser.py", line 378
2025-11-21T23:30:50.871118326Z     if "final answer is $" in pred_str and "$. I hope" in pred_str:
2025-11-21T23:30:50.871119839Z     ^^
2025-11-21T23:30:50.871120750Z IndentationError: expected an indented block after 'if' statement on line 377
2025-11-21T23:30:50.871122013Z [31m20251121-23:30:50.870 [Remote Inference Engine Rank 0] ERROR: AsyncTaskRunner: Task 3 failed with exception: expected an indented block after 'if' statement on line 377 (math_parser.py, line 378) [0m
2025-11-21T23:30:50.871123035Z concurrent.futures.process._RemoteTraceback:
2025-11-21T23:30:50.871123996Z """
2025-11-21T23:30:50.871124878Z Traceback (most recent call last):
2025-11-21T23:30:50.871125820Z   File "/usr/lib/python3.12/concurrent/futures/process.py", line 264, in _process_worker
2025-11-21T23:30:50.871126751Z     r = call_item.fn(*call_item.args, **call_item.kwargs)
2025-11-21T23:30:50.871127673Z         ^^^^^^^^^^^^^^^^^^^^^^^^^^^^^^^^^^^^^^^^^^^^^^^^^
2025-11-21T23:30:50.871128625Z   File "/workspace/AReaL/examples/cloud_gsm8k/gsm8k_grpo_train.py", line 45, in gsm8k_reward_fn
2025-11-21T23:30:50.871129587Z     from areal.reward.math_parser import process_results
2025-11-21T23:30:50.871130508Z   File "/workspace/AReaL/areal/reward/math_parser.py", line 378
2025-11-21T23:30:50.871131440Z     if "final answer is $" in pred_str and "$. I hope" in pred_str:
2025-11-21T23:30:50.871132402Z     ^^
2025-11-21T23:30:50.871133334Z IndentationError: expected an indented block after 'if' statement on line 377
2025-11-21T23:30:50.871134286Z """
2025-11-21T23:30:50.871136079Z The above exception was the direct cause of the following exception:
2025-11-21T23:30:50.871137892Z Traceback (most recent call last):
2025-11-21T23:30:50.871138784Z   File "/workspace/AReaL/areal/core/async_task_runner.py", line 319, in _run_async_loop
2025-11-21T23:30:50.871139726Z     result = await async_task
2025-11-21T23:30:50.871140617Z              ^^^^^^^^^^^^^^^^
2025-11-21T23:30:50.871141519Z   File "/workspace/AReaL/areal/core/workflow_executor.py", line 367, in _execute_workflow
2025-11-21T23:30:50.871142471Z     traj = await task_input.workflow.arun_episode(
2025-11-21T23:30:50.871143353Z            ^^^^^^^^^^^^^^^^^^^^^^^^^^^^^^^^^^^^^^^
2025-11-21T23:30:50.871144324Z   File "/workspace/AReaL/areal/workflow/rlvr.py", line 93, in arun_episode
2025-11-21T23:30:50.871146088Z     reward = await self.async_reward_fn(
2025-11-21T23:30:50.871146989Z              ^^^^^^^^^^^^^^^^^^^^^^^^^^^
2025-11-21T23:30:50.871147921Z   File "/workspace/AReaL/areal/api/reward_api.py", line 163, in __call__
2025-11-21T23:30:50.871148853Z     raise e
2025-11-21T23:30:50.871149795Z   File "/workspace/AReaL/areal/api/reward_api.py", line 122, in __call__
2025-11-21T23:30:50.871150686Z     reward = await asyncio.wait_for(
2025-11-21T23:30:50.871151698Z              ^^^^^^^^^^^^^^^^^^^^^^^
2025-11-21T23:30:50.871152640Z   File "/usr/lib/python3.12/asyncio/tasks.py", line 520, in wait_for
2025-11-21T23:30:50.871153542Z     return await fut
2025-11-21T23:30:50.871154443Z            ^^^^^^^^^
2025-11-21T23:30:50.871155325Z   File "/workspace/AReaL/areal/reward/math_parser.py", line 378
2025-11-21T23:30:50.871156237Z     if "final answer is $" in pred_str and "$. I hope" in pred_str:
2025-11-21T23:30:50.871157148Z     ^^
2025-11-21T23:30:50.871158120Z IndentationError: expected an indented block after 'if' statement on line 377
2025-11-21T23:30:50.957105275Z /workspace/AReaL/areal/reward/math_parser.py:290: SyntaxWarning: invalid escape sequence '\%'
2025-11-21T23:30:50.957114032Z   string = string.replace("\%", "")
2025-11-21T23:30:50.958000359Z [31m20251121-23:30:50.957 Reward API ERROR: Unexpected error in reward computation: expected an indented block after 'if' statement on line 377 (math_parser.py, line 378)[0m
2025-11-21T23:30:50.958252971Z [37m20251121-23:30:50.957 Reward API INFO: Retrying... (attempt 1/4)[0m
2025-11-21T23:30:50.958680812Z /workspace/AReaL/areal/reward/math_parser.py:290: SyntaxWarning: invalid escape sequence '\%'
2025-11-21T23:30:50.958688676Z   string = string.replace("\%", "")
2025-11-21T23:30:50.959552261Z [31m20251121-23:30:50.959 Reward API ERROR: Unexpected error in reward computation: expected an indented block after 'if' statement on line 377 (math_parser.py, line 378)[0m
2025-11-21T23:30:50.959738249Z [37m20251121-23:30:50.959 Reward API INFO: Retrying... (attempt 2/4)[0m
2025-11-21T23:30:50.960254695Z /workspace/AReaL/areal/reward/math_parser.py:290: SyntaxWarning: invalid escape sequence '\%'
2025-11-21T23:30:50.960255757Z   string = string.replace("\%", "")
2025-11-21T23:30:50.961056654Z [31m20251121-23:30:50.961 Reward API ERROR: Unexpected error in reward computation: expected an indented block after 'if' statement on line 377 (math_parser.py, line 378)[0m
2025-11-21T23:30:50.961284541Z [37m20251121-23:30:50.961 Reward API INFO: Retrying... (attempt 3/4)[0m
2025-11-21T23:30:50.961923926Z /workspace/AReaL/areal/reward/math_parser.py:290: SyntaxWarning: invalid escape sequence '\%'
2025-11-21T23:30:50.961925439Z   string = string.replace("\%", "")
2025-11-21T23:30:50.962775398Z [31m20251121-23:30:50.962 Reward API ERROR: Unexpected error in reward computation: expected an indented block after 'if' statement on line 377 (math_parser.py, line 378)[0m
2025-11-21T23:30:50.962974882Z [31m20251121-23:30:50.962 Reward API ERROR: Max retries exceeded for unexpected error.[0m
2025-11-21T23:30:50.962975703Z concurrent.futures.process._RemoteTraceback:
2025-11-21T23:30:50.962976304Z """
2025-11-21T23:30:50.962976865Z Traceback (most recent call last):
2025-11-21T23:30:50.962977346Z   File "/usr/lib/python3.12/concurrent/futures/process.py", line 264, in _process_worker
2025-11-21T23:30:50.962977887Z     r = call_item.fn(*call_item.args, **call_item.kwargs)
2025-11-21T23:30:50.962978879Z         ^^^^^^^^^^^^^^^^^^^^^^^^^^^^^^^^^^^^^^^^^^^^^^^^^
2025-11-21T23:30:50.962979420Z   File "/workspace/AReaL/examples/cloud_gsm8k/gsm8k_grpo_train.py", line 45, in gsm8k_reward_fn
2025-11-21T23:30:50.962979971Z     from areal.reward.math_parser import process_results
2025-11-21T23:30:50.962980482Z   File "/workspace/AReaL/areal/reward/math_parser.py", line 378
2025-11-21T23:30:50.962980963Z     if "final answer is $" in pred_str and "$. I hope" in pred_str:
2025-11-21T23:30:50.962981444Z     ^^
2025-11-21T23:30:50.962981955Z IndentationError: expected an indented block after 'if' statement on line 377
2025-11-21T23:30:50.962982426Z """
2025-11-21T23:30:50.962984930Z The above exception was the direct cause of the following exception:
2025-11-21T23:30:50.962985882Z Traceback (most recent call last):
2025-11-21T23:30:50.962986343Z   File "/workspace/AReaL/areal/api/reward_api.py", line 122, in __call__
2025-11-21T23:30:50.962986824Z     reward = await asyncio.wait_for(
2025-11-21T23:30:50.962987295Z              ^^^^^^^^^^^^^^^^^^^^^^^
2025-11-21T23:30:50.962987736Z   File "/usr/lib/python3.12/asyncio/tasks.py", line 520, in wait_for
2025-11-21T23:30:50.962988247Z     return await fut
2025-11-21T23:30:50.962988788Z            ^^^^^^^^^
2025-11-21T23:30:50.962989258Z   File "/workspace/AReaL/areal/reward/math_parser.py", line 378
2025-11-21T23:30:50.962989719Z     if "final answer is $" in pred_str and "$. I hope" in pred_str:
2025-11-21T23:30:50.962990200Z     ^^
2025-11-21T23:30:50.962990731Z IndentationError: expected an indented block after 'if' statement on line 377
2025-11-21T23:30:50.996306012Z /workspace/AReaL/areal/reward/math_parser.py:290: SyntaxWarning: invalid escape sequence '\%'
2025-11-21T23:30:50.996313436Z   string = string.replace("\%", "")
2025-11-21T23:30:50.997370283Z [31m20251121-23:30:50.997 Reward API ERROR: Unexpected error in reward computation: expected an indented block after 'if' statement on line 377 (math_parser.py, line 378)[0m
2025-11-21T23:30:50.997607376Z [37m20251121-23:30:50.997 Reward API INFO: Retrying... (attempt 1/4)[0m
2025-11-21T23:30:50.998125725Z /workspace/AReaL/areal/reward/math_parser.py:290: SyntaxWarning: invalid escape sequence '\%'
2025-11-21T23:30:50.998132348Z   string = string.replace("\%", "")
2025-11-21T23:30:50.999040376Z [31m20251121-23:30:50.998 Reward API ERROR: Unexpected error in reward computation: expected an indented block after 'if' statement on line 377 (math_parser.py, line 378)[0m
2025-11-21T23:30:50.999346588Z [37m20251121-23:30:50.999 Reward API INFO: Retrying... (attempt 2/4)[0m
2025-11-21T23:30:50.999651719Z /workspace/AReaL/areal/reward/math_parser.py:290: SyntaxWarning: invalid escape sequence '\%'
2025-11-21T23:30:50.999652450Z   string = string.replace("\%", "")
2025-11-21T23:30:51.000515695Z [31m20251121-23:30:51.000 Reward API ERROR: Unexpected error in reward computation: expected an indented block after 'if' statement on line 377 (math_parser.py, line 378)[0m
2025-11-21T23:30:51.005654234Z [37m20251121-23:30:51.000 Reward API INFO: Retrying... (attempt 3/4)[0m
2025-11-21T23:30:51.005656398Z /workspace/AReaL/areal/reward/math_parser.py:290: SyntaxWarning: invalid escape sequence '\%'
2025-11-21T23:30:51.005657600Z   string = string.replace("\%", "")
2025-11-21T23:30:51.005658592Z [31m20251121-23:30:51.001 Reward API ERROR: Unexpected error in reward computation: expected an indented block after 'if' statement on line 377 (math_parser.py, line 378)[0m
2025-11-21T23:30:51.005659794Z [31m20251121-23:30:51.002 Reward API ERROR: Max retries exceeded for unexpected error.[0m
2025-11-21T23:30:51.005660756Z concurrent.futures.process._RemoteTraceback:
2025-11-21T23:30:51.005661858Z """
2025-11-21T23:30:51.005663091Z Traceback (most recent call last):
2025-11-21T23:30:51.005664133Z   File "/usr/lib/python3.12/concurrent/futures/process.py", line 264, in _process_worker
2025-11-21T23:30:51.005665124Z     r = call_item.fn(*call_item.args, **call_item.kwargs)
2025-11-21T23:30:51.005666317Z         ^^^^^^^^^^^^^^^^^^^^^^^^^^^^^^^^^^^^^^^^^^^^^^^^^
2025-11-21T23:30:51.005667248Z   File "/workspace/AReaL/examples/cloud_gsm8k/gsm8k_grpo_train.py", line 45, in gsm8k_reward_fn
2025-11-21T23:30:51.005668170Z     from areal.reward.math_parser import process_results
2025-11-21T23:30:51.005669092Z   File "/workspace/AReaL/areal/reward/math_parser.py", line 378
2025-11-21T23:30:51.005670074Z     if "final answer is $" in pred_str and "$. I hope" in pred_str:
2025-11-21T23:30:51.005671045Z     ^^
2025-11-21T23:30:51.005672037Z IndentationError: expected an indented block after 'if' statement on line 377
2025-11-21T23:30:51.005673089Z """
2025-11-21T23:30:51.005675083Z The above exception was the direct cause of the following exception:
2025-11-21T23:30:51.005676967Z Traceback (most recent call last):
2025-11-21T23:30:51.005681886Z   File "/workspace/AReaL/areal/api/reward_api.py", line 122, in __call__
2025-11-21T23:30:51.005682968Z     reward = await asyncio.wait_for(
2025-11-21T23:30:51.005683900Z              ^^^^^^^^^^^^^^^^^^^^^^^
2025-11-21T23:30:51.005684851Z   File "/usr/lib/python3.12/asyncio/tasks.py", line 520, in wait_for
2025-11-21T23:30:51.005685813Z     return await fut
2025-11-21T23:30:51.005686765Z            ^^^^^^^^^
2025-11-21T23:30:51.005687697Z   File "/workspace/AReaL/areal/reward/math_parser.py", line 378
2025-11-21T23:30:51.005688648Z     if "final answer is $" in pred_str and "$. I hope" in pred_str:
2025-11-21T23:30:51.005689720Z     ^^
2025-11-21T23:30:51.005690702Z IndentationError: expected an indented block after 'if' statement on line 377
2025-11-21T23:30:51.206059341Z /workspace/AReaL/areal/reward/math_parser.py:290: SyntaxWarning: invalid escape sequence '\%'
2025-11-21T23:30:51.206078787Z   string = string.replace("\%", "")
2025-11-21T23:30:51.207129983Z [31m20251121-23:30:51.206 Reward API ERROR: Unexpected error in reward computation: expected an indented block after 'if' statement on line 377 (math_parser.py, line 378)[0m
2025-11-21T23:30:51.207642151Z [37m20251121-23:30:51.207 Reward API INFO: Retrying... (attempt 1/4)[0m
2025-11-21T23:30:51.207909330Z /workspace/AReaL/areal/reward/math_parser.py:290: SyntaxWarning: invalid escape sequence '\%'
2025-11-21T23:30:51.207918828Z   string = string.replace("\%", "")
2025-11-21T23:30:51.208821125Z [31m20251121-23:30:51.208 Reward API ERROR: Unexpected error in reward computation: expected an indented block after 'if' statement on line 377 (math_parser.py, line 378)[0m
2025-11-21T23:30:51.209157464Z [37m20251121-23:30:51.208 Reward API INFO: Retrying... (attempt 2/4)[0m
2025-11-21T23:30:51.209475730Z /workspace/AReaL/areal/reward/math_parser.py:290: SyntaxWarning: invalid escape sequence '\%'
2025-11-21T23:30:51.209477042Z   string = string.replace("\%", "")
2025-11-21T23:30:51.210357338Z [31m20251121-23:30:51.210 Reward API ERROR: Unexpected error in reward computation: expected an indented block after 'if' statement on line 377 (math_parser.py, line 378)[0m
2025-11-21T23:30:51.210558575Z [37m20251121-23:30:51.210 Reward API INFO: Retrying... (attempt 3/4)[0m
2025-11-21T23:30:51.210993458Z /workspace/AReaL/areal/reward/math_parser.py:290: SyntaxWarning: invalid escape sequence '\%'
2025-11-21T23:30:51.210994570Z   string = string.replace("\%", "")
2025-11-21T23:30:51.211874325Z [31m20251121-23:30:51.211 Reward API ERROR: Unexpected error in reward computation: expected an indented block after 'if' statement on line 377 (math_parser.py, line 378)[0m
2025-11-21T23:30:51.212159699Z [31m20251121-23:30:51.211 Reward API ERROR: Max retries exceeded for unexpected error.[0m
2025-11-21T23:30:51.212160450Z concurrent.futures.process._RemoteTraceback:
2025-11-21T23:30:51.212161171Z """
2025-11-21T23:30:51.212161923Z Traceback (most recent call last):
2025-11-21T23:30:51.212162875Z   File "/usr/lib/python3.12/concurrent/futures/process.py", line 264, in _process_worker
2025-11-21T23:30:51.212163386Z     r = call_item.fn(*call_item.args, **call_item.kwargs)
2025-11-21T23:30:51.212164227Z         ^^^^^^^^^^^^^^^^^^^^^^^^^^^^^^^^^^^^^^^^^^^^^^^^^
2025-11-21T23:30:51.212165079Z   File "/workspace/AReaL/examples/cloud_gsm8k/gsm8k_grpo_train.py", line 45, in gsm8k_reward_fn
2025-11-21T23:30:51.212165580Z     from areal.reward.math_parser import process_results
2025-11-21T23:30:51.212166051Z   File "/workspace/AReaL/areal/reward/math_parser.py", line 378
2025-11-21T23:30:51.212166562Z     if "final answer is $" in pred_str and "$. I hope" in pred_str:
2025-11-21T23:30:51.212167363Z     ^^
2025-11-21T23:30:51.212167874Z IndentationError: expected an indented block after 'if' statement on line 377
2025-11-21T23:30:51.212168385Z """
2025-11-21T23:30:51.212169357Z The above exception was the direct cause of the following exception:
2025-11-21T23:30:51.212170339Z Traceback (most recent call last):
2025-11-21T23:30:51.212170809Z   File "/workspace/AReaL/areal/api/reward_api.py", line 122, in __call__
2025-11-21T23:30:51.212171320Z     reward = await asyncio.wait_for(
2025-11-21T23:30:51.212181710Z              ^^^^^^^^^^^^^^^^^^^^^^^
2025-11-21T23:30:51.212182231Z /workspace/AReaL/areal/reward/math_parser.py:290: SyntaxWarning: invalid escape sequence '\%'
2025-11-21T23:30:51.212182712Z   string = string.replace("\%", "")
2025-11-21T23:30:51.212183163Z   File "/usr/lib/python3.12/asyncio/tasks.py", line 520, in wait_for
2025-11-21T23:30:51.212183694Z     return await fut
2025-11-21T23:30:51.212184395Z            ^^^^^^^^^
2025-11-21T23:30:51.212184846Z   File "/workspace/AReaL/areal/reward/math_parser.py", line 378
2025-11-21T23:30:51.212185347Z     if "final answer is $" in pred_str and "$. I hope" in pred_str:
2025-11-21T23:30:51.212185848Z     ^^
2025-11-21T23:30:51.212186308Z IndentationError: expected an indented block after 'if' statement on line 377
2025-11-21T23:30:51.212980464Z [31m20251121-23:30:51.212 Reward API ERROR: Unexpected error in reward computation: expected an indented block after 'if' statement on line 377 (math_parser.py, line 378)[0m
2025-11-21T23:30:51.213325910Z [37m20251121-23:30:51.212 Reward API INFO: Retrying... (attempt 1/4)[0m
2025-11-21T23:30:51.213682947Z /workspace/AReaL/areal/reward/math_parser.py:290: SyntaxWarning: invalid escape sequence '\%'
2025-11-21T23:30:51.213683648Z   string = string.replace("\%", "")
2025-11-21T23:30:51.214552523Z [31m20251121-23:30:51.214 Reward API ERROR: Unexpected error in reward computation: expected an indented block after 'if' statement on line 377 (math_parser.py, line 378)[0m
2025-11-21T23:30:51.214759731Z [37m20251121-23:30:51.214 Reward API INFO: Retrying... (attempt 2/4)[0m
2025-11-21T23:30:51.215267520Z /workspace/AReaL/areal/reward/math_parser.py:290: SyntaxWarning: invalid escape sequence '\%'
2025-11-21T23:30:51.215268081Z   string = string.replace("\%", "")
2025-11-21T23:30:51.216039805Z [31m20251121-23:30:51.215 Reward API ERROR: Unexpected error in reward computation: expected an indented block after 'if' statement on line 377 (math_parser.py, line 378)[0m
2025-11-21T23:30:51.216349774Z [37m20251121-23:30:51.216 Reward API INFO: Retrying... (attempt 3/4)[0m
2025-11-21T23:30:51.216948724Z /workspace/AReaL/areal/reward/math_parser.py:290: SyntaxWarning: invalid escape sequence '\%'
2025-11-21T23:30:51.216949816Z   string = string.replace("\%", "")
2025-11-21T23:30:51.218220683Z [31m20251121-23:30:51.218 Reward API ERROR: Unexpected error in reward computation: expected an indented block after 'if' statement on line 377 (math_parser.py, line 378)[0m
2025-11-21T23:30:51.218485268Z [31m20251121-23:30:51.218 Reward API ERROR: Max retries exceeded for unexpected error.[0m
2025-11-21T23:30:51.218486370Z concurrent.futures.process._RemoteTraceback:
2025-11-21T23:30:51.218486971Z """
2025-11-21T23:30:51.218487632Z Traceback (most recent call last):
2025-11-21T23:30:51.218488173Z   File "/usr/lib/python3.12/concurrent/futures/process.py", line 264, in _process_worker
2025-11-21T23:30:51.218488784Z     r = call_item.fn(*call_item.args, **call_item.kwargs)
2025-11-21T23:30:51.218489386Z         ^^^^^^^^^^^^^^^^^^^^^^^^^^^^^^^^^^^^^^^^^^^^^^^^^
2025-11-21T23:30:51.218489856Z   File "/workspace/AReaL/examples/cloud_gsm8k/gsm8k_grpo_train.py", line 45, in gsm8k_reward_fn
2025-11-21T23:30:51.218490357Z     from areal.reward.math_parser import process_results
2025-11-21T23:30:51.218490858Z   File "/workspace/AReaL/areal/reward/math_parser.py", line 378
2025-11-21T23:30:51.218491329Z     if "final answer is $" in pred_str and "$. I hope" in pred_str:
2025-11-21T23:30:51.218491960Z     ^^
2025-11-21T23:30:51.218492481Z IndentationError: expected an indented block after 'if' statement on line 377
2025-11-21T23:30:51.218493022Z """
2025-11-21T23:30:51.218494024Z The above exception was the direct cause of the following exception:
2025-11-21T23:30:51.218495557Z Traceback (most recent call last):
2025-11-21T23:30:51.218496048Z   File "/workspace/AReaL/areal/api/reward_api.py", line 122, in __call__
2025-11-21T23:30:51.218496609Z     reward = await asyncio.wait_for(
2025-11-21T23:30:51.218497160Z              ^^^^^^^^^^^^^^^^^^^^^^^
2025-11-21T23:30:51.218497621Z   File "/usr/lib/python3.12/asyncio/tasks.py", line 520, in wait_for
2025-11-21T23:30:51.218504333Z     return await fut
2025-11-21T23:30:51.218504975Z            ^^^^^^^^^
2025-11-21T23:30:51.218505456Z   File "/workspace/AReaL/areal/reward/math_parser.py", line 378
2025-11-21T23:30:51.218505947Z     if "final answer is $" in pred_str and "$. I hope" in pred_str:
2025-11-21T23:30:51.218506427Z     ^^
2025-11-21T23:30:51.218506888Z IndentationError: expected an indented block after 'if' statement on line 377
2025-11-21T23:30:51.239830855Z /workspace/AReaL/areal/reward/math_parser.py:290: SyntaxWarning: invalid escape sequence '\%'
2025-11-21T23:30:51.239844140Z   string = string.replace("\%", "")
2025-11-21T23:30:51.240952192Z [31m20251121-23:30:51.240 Reward API ERROR: Unexpected error in reward computation: expected an indented block after 'if' statement on line 377 (math_parser.py, line 378)[0m
2025-11-21T23:30:51.241247264Z [37m20251121-23:30:51.240 Reward API INFO: Retrying... (attempt 1/4)[0m
2025-11-21T23:30:51.241807942Z /workspace/AReaL/areal/reward/math_parser.py:290: SyntaxWarning: invalid escape sequence '\%'
2025-11-21T23:30:51.241809625Z   string = string.replace("\%", "")
2025-11-21T23:30:51.242648194Z [31m20251121-23:30:51.242 Reward API ERROR: Unexpected error in reward computation: expected an indented block after 'if' statement on line 377 (math_parser.py, line 378)[0m
2025-11-21T23:30:51.242940310Z [37m20251121-23:30:51.242 Reward API INFO: Retrying... (attempt 2/4)[0m
2025-11-21T23:30:51.243285726Z /workspace/AReaL/areal/reward/math_parser.py:290: SyntaxWarning: invalid escape sequence '\%'
2025-11-21T23:30:51.243286938Z   string = string.replace("\%", "")
2025-11-21T23:30:51.244108835Z [31m20251121-23:30:51.244 Reward API ERROR: Unexpected error in reward computation: expected an indented block after 'if' statement on line 377 (math_parser.py, line 378)[0m
2025-11-21T23:30:51.244329027Z [37m20251121-23:30:51.244 Reward API INFO: Retrying... (attempt 3/4)[0m
2025-11-21T23:30:51.244756616Z /workspace/AReaL/areal/reward/math_parser.py:290: SyntaxWarning: invalid escape sequence '\%'
2025-11-21T23:30:51.244757498Z   string = string.replace("\%", "")
2025-11-21T23:30:51.245602588Z [31m20251121-23:30:51.245 Reward API ERROR: Unexpected error in reward computation: expected an indented block after 'if' statement on line 377 (math_parser.py, line 378)[0m
2025-11-21T23:30:51.245974263Z [31m20251121-23:30:51.245 Reward API ERROR: Max retries exceeded for unexpected error.[0m
2025-11-21T23:30:51.245975886Z concurrent.futures.process._RemoteTraceback:
2025-11-21T23:30:51.245978361Z """
2025-11-21T23:30:51.245979443Z Traceback (most recent call last):
2025-11-21T23:30:51.245980215Z   File "/usr/lib/python3.12/concurrent/futures/process.py", line 264, in _process_worker
2025-11-21T23:30:51.245981417Z     r = call_item.fn(*call_item.args, **call_item.kwargs)
2025-11-21T23:30:51.245982519Z         ^^^^^^^^^^^^^^^^^^^^^^^^^^^^^^^^^^^^^^^^^^^^^^^^^
2025-11-21T23:30:51.245983280Z   File "/workspace/AReaL/examples/cloud_gsm8k/gsm8k_grpo_train.py", line 45, in gsm8k_reward_fn
2025-11-21T23:30:51.245984312Z     from areal.reward.math_parser import process_results
2025-11-21T23:30:51.245985124Z   File "/workspace/AReaL/areal/reward/math_parser.py", line 378
2025-11-21T23:30:51.245985655Z     if "final answer is $" in pred_str and "$. I hope" in pred_str:
2025-11-21T23:30:51.245986266Z     ^^
2025-11-21T23:30:51.245986777Z IndentationError: expected an indented block after 'if' statement on line 377
2025-11-21T23:30:51.245987288Z """
2025-11-21T23:30:51.245988250Z The above exception was the direct cause of the following exception:
2025-11-21T23:30:51.245989191Z Traceback (most recent call last):
2025-11-21T23:30:51.245989652Z   File "/workspace/AReaL/areal/api/reward_api.py", line 122, in __call__
2025-11-21T23:30:51.245990323Z     reward = await asyncio.wait_for(
2025-11-21T23:30:51.245990774Z              ^^^^^^^^^^^^^^^^^^^^^^^
2025-11-21T23:30:51.245991285Z   File "/usr/lib/python3.12/asyncio/tasks.py", line 520, in wait_for
2025-11-21T23:30:51.245991776Z     return await fut
2025-11-21T23:30:51.245992568Z            ^^^^^^^^^
2025-11-21T23:30:51.245998409Z   File "/workspace/AReaL/areal/reward/math_parser.py", line 378
2025-11-21T23:30:51.245998960Z     if "final answer is $" in pred_str and "$. I hope" in pred_str:
2025-11-21T23:30:51.245999440Z     ^^
2025-11-21T23:30:51.245999911Z IndentationError: expected an indented block after 'if' statement on line 377
2025-11-21T23:30:51.370413150Z [31m20251121-23:30:51.369 [Remote Inference Engine Rank 0] ERROR: AsyncTaskRunner: Task 16 failed with exception: expected an indented block after 'if' statement on line 377 (math_parser.py, line 378) [0m
2025-11-21T23:30:51.370426485Z concurrent.futures.process._RemoteTraceback:
2025-11-21T23:30:51.370427978Z """
2025-11-21T23:30:51.370429270Z Traceback (most recent call last):
2025-11-21T23:30:51.370430282Z   File "/usr/lib/python3.12/concurrent/futures/process.py", line 264, in _process_worker
2025-11-21T23:30:51.370431464Z     r = call_item.fn(*call_item.args, **call_item.kwargs)
2025-11-21T23:30:51.370435462Z         ^^^^^^^^^^^^^^^^^^^^^^^^^^^^^^^^^^^^^^^^^^^^^^^^^
2025-11-21T23:30:51.370436413Z   File "/workspace/AReaL/examples/cloud_gsm8k/gsm8k_grpo_train.py", line 45, in gsm8k_reward_fn
2025-11-21T23:30:51.370437365Z     from areal.reward.math_parser import process_results
2025-11-21T23:30:51.370438377Z   File "/workspace/AReaL/areal/reward/math_parser.py", line 378
2025-11-21T23:30:51.370439299Z     if "final answer is $" in pred_str and "$. I hope" in pred_str:
2025-11-21T23:30:51.370440301Z     ^^
2025-11-21T23:30:51.370441303Z IndentationError: expected an indented block after 'if' statement on line 377
2025-11-21T23:30:51.370442254Z """
2025-11-21T23:30:51.370444248Z The above exception was the direct cause of the following exception:
2025-11-21T23:30:51.370446282Z Traceback (most recent call last):
2025-11-21T23:30:51.370447254Z   File "/workspace/AReaL/areal/core/async_task_runner.py", line 319, in _run_async_loop
2025-11-21T23:30:51.370448215Z     result = await async_task
2025-11-21T23:30:51.370449808Z              ^^^^^^^^^^^^^^^^
2025-11-21T23:30:51.370450730Z   File "/workspace/AReaL/areal/core/workflow_executor.py", line 367, in _execute_workflow
2025-11-21T23:30:51.370451702Z     traj = await task_input.workflow.arun_episode(
2025-11-21T23:30:51.370452634Z            ^^^^^^^^^^^^^^^^^^^^^^^^^^^^^^^^^^^^^^^
2025-11-21T23:30:51.370453555Z   File "/workspace/AReaL/areal/workflow/rlvr.py", line 93, in arun_episode
2025-11-21T23:30:51.370454517Z     reward = await self.async_reward_fn(
2025-11-21T23:30:51.370455499Z              ^^^^^^^^^^^^^^^^^^^^^^^^^^^
2025-11-21T23:30:51.370456401Z   File "/workspace/AReaL/areal/api/reward_api.py", line 163, in __call__
2025-11-21T23:30:51.370457383Z     raise e
2025-11-21T23:30:51.370458334Z   File "/workspace/AReaL/areal/api/reward_api.py", line 122, in __call__
2025-11-21T23:30:51.370459286Z     reward = await asyncio.wait_for(
2025-11-21T23:30:51.370460228Z              ^^^^^^^^^^^^^^^^^^^^^^^
2025-11-21T23:30:51.370461160Z   File "/usr/lib/python3.12/asyncio/tasks.py", line 520, in wait_for
2025-11-21T23:30:51.370462142Z     return await fut
2025-11-21T23:30:51.370463394Z            ^^^^^^^^^
2025-11-21T23:30:51.370464336Z   File "/workspace/AReaL/areal/reward/math_parser.py", line 378
2025-11-21T23:30:51.370465287Z     if "final answer is $" in pred_str and "$. I hope" in pred_str:
2025-11-21T23:30:51.370466229Z     ^^
2025-11-21T23:30:51.370467461Z IndentationError: expected an indented block after 'if' statement on line 377
2025-11-21T23:30:51.371156530Z [31m20251121-23:30:51.370 [Remote Inference Engine Rank 0] ERROR: AsyncTaskRunner: Task 13 failed with exception: expected an indented block after 'if' statement on line 377 (math_parser.py, line 378) [0m
2025-11-21T23:30:51.371168663Z concurrent.futures.process._RemoteTraceback:
2025-11-21T23:30:51.371170176Z """
2025-11-21T23:30:51.371171438Z Traceback (most recent call last):
2025-11-21T23:30:51.371172470Z   File "/usr/lib/python3.12/concurrent/futures/process.py", line 264, in _process_worker
2025-11-21T23:30:51.371173482Z     r = call_item.fn(*call_item.args, **call_item.kwargs)
2025-11-21T23:30:51.371174413Z         ^^^^^^^^^^^^^^^^^^^^^^^^^^^^^^^^^^^^^^^^^^^^^^^^^
2025-11-21T23:30:51.371180585Z   File "/workspace/AReaL/examples/cloud_gsm8k/gsm8k_grpo_train.py", line 45, in gsm8k_reward_fn
2025-11-21T23:30:51.371181587Z     from areal.reward.math_parser import process_results
2025-11-21T23:30:51.371182669Z   File "/workspace/AReaL/areal/reward/math_parser.py", line 378
2025-11-21T23:30:51.371183611Z     if "final answer is $" in pred_str and "$. I hope" in pred_str:
2025-11-21T23:30:51.371184572Z     ^^
2025-11-21T23:30:51.371185594Z IndentationError: expected an indented block after 'if' statement on line 377
2025-11-21T23:30:51.371186546Z """
2025-11-21T23:30:51.371188540Z The above exception was the direct cause of the following exception:
2025-11-21T23:30:51.371190473Z Traceback (most recent call last):
2025-11-21T23:30:51.371192908Z   File "/workspace/AReaL/areal/core/async_task_runner.py", line 319, in _run_async_loop
2025-11-21T23:30:51.371193950Z     result = await async_task
2025-11-21T23:30:51.371194942Z              ^^^^^^^^^^^^^^^^
2025-11-21T23:30:51.371195854Z   File "/workspace/AReaL/areal/core/workflow_executor.py", line 367, in _execute_workflow
2025-11-21T23:30:51.371196946Z     traj = await task_input.workflow.arun_episode(
2025-11-21T23:30:51.371197917Z            ^^^^^^^^^^^^^^^^^^^^^^^^^^^^^^^^^^^^^^^
2025-11-21T23:30:51.371198839Z   File "/workspace/AReaL/areal/workflow/rlvr.py", line 93, in arun_episode
2025-11-21T23:30:51.371199801Z     reward = await self.async_reward_fn(
2025-11-21T23:30:51.371200743Z              ^^^^^^^^^^^^^^^^^^^^^^^^^^^
2025-11-21T23:30:51.371201674Z   File "/workspace/AReaL/areal/api/reward_api.py", line 163, in __call__
2025-11-21T23:30:51.371202636Z     raise e
2025-11-21T23:30:51.371203588Z   File "/workspace/AReaL/areal/api/reward_api.py", line 122, in __call__
2025-11-21T23:30:51.371204540Z     reward = await asyncio.wait_for(
2025-11-21T23:30:51.371205482Z              ^^^^^^^^^^^^^^^^^^^^^^^
2025-11-21T23:30:51.371206433Z   File "/usr/lib/python3.12/asyncio/tasks.py", line 520, in wait_for
2025-11-21T23:30:51.371207425Z     return await fut
2025-11-21T23:30:51.371208357Z            ^^^^^^^^^
2025-11-21T23:30:51.371209299Z   File "/workspace/AReaL/areal/reward/math_parser.py", line 378
2025-11-21T23:30:51.371210240Z     if "final answer is $" in pred_str and "$. I hope" in pred_str:
2025-11-21T23:30:51.371211152Z     ^^
2025-11-21T23:30:51.371212084Z IndentationError: expected an indented block after 'if' statement on line 377
2025-11-21T23:30:51.371213517Z [31m20251121-23:30:51.370 [Remote Inference Engine Rank 0] ERROR: AsyncTaskRunner: Task 1 failed with exception: expected an indented block after 'if' statement on line 377 (math_parser.py, line 378) [0m
2025-11-21T23:30:51.371214549Z concurrent.futures.process._RemoteTraceback:
2025-11-21T23:30:51.371215550Z """
2025-11-21T23:30:51.371217033Z Traceback (most recent call last):
2025-11-21T23:30:51.371218145Z   File "/usr/lib/python3.12/concurrent/futures/process.py", line 264, in _process_worker
2025-11-21T23:30:51.371219097Z     r = call_item.fn(*call_item.args, **call_item.kwargs)
2025-11-21T23:30:51.371220089Z         ^^^^^^^^^^^^^^^^^^^^^^^^^^^^^^^^^^^^^^^^^^^^^^^^^
2025-11-21T23:30:51.371221061Z   File "/workspace/AReaL/examples/cloud_gsm8k/gsm8k_grpo_train.py", line 45, in gsm8k_reward_fn
2025-11-21T23:30:51.371221992Z     from areal.reward.math_parser import process_results
2025-11-21T23:30:51.371222944Z   File "/workspace/AReaL/areal/reward/math_parser.py", line 378
2025-11-21T23:30:51.371223916Z     if "final answer is $" in pred_str and "$. I hope" in pred_str:
2025-11-21T23:30:51.371224848Z     ^^
2025-11-21T23:30:51.371225739Z IndentationError: expected an indented block after 'if' statement on line 377
2025-11-21T23:30:51.371226671Z """
2025-11-21T23:30:51.371228535Z The above exception was the direct cause of the following exception:
2025-11-21T23:30:51.371230318Z Traceback (most recent call last):
2025-11-21T23:30:51.371231290Z   File "/workspace/AReaL/areal/core/async_task_runner.py", line 319, in _run_async_loop
2025-11-21T23:30:51.371232222Z     result = await async_task
2025-11-21T23:30:51.371233153Z              ^^^^^^^^^^^^^^^^
2025-11-21T23:30:51.371235037Z   File "/workspace/AReaL/areal/core/workflow_executor.py", line 367, in _execute_workflow
2025-11-21T23:30:51.371236009Z     traj = await task_input.workflow.arun_episode(
2025-11-21T23:30:51.371236930Z            ^^^^^^^^^^^^^^^^^^^^^^^^^^^^^^^^^^^^^^^
2025-11-21T23:30:51.371237852Z   File "/workspace/AReaL/areal/workflow/rlvr.py", line 93, in arun_episode
2025-11-21T23:30:51.371238764Z     reward = await self.async_reward_fn(
2025-11-21T23:30:51.371239726Z              ^^^^^^^^^^^^^^^^^^^^^^^^^^^
2025-11-21T23:30:51.371240637Z   File "/workspace/AReaL/areal/api/reward_api.py", line 163, in __call__
2025-11-21T23:30:51.371241579Z     raise e
2025-11-21T23:30:51.371242481Z   File "/workspace/AReaL/areal/api/reward_api.py", line 122, in __call__
2025-11-21T23:30:51.371243402Z     reward = await asyncio.wait_for(
2025-11-21T23:30:51.371244314Z              ^^^^^^^^^^^^^^^^^^^^^^^
2025-11-21T23:30:51.371245226Z   File "/usr/lib/python3.12/asyncio/tasks.py", line 520, in wait_for
2025-11-21T23:30:51.371246148Z     return await fut
2025-11-21T23:30:51.371247089Z            ^^^^^^^^^
2025-11-21T23:30:51.371248001Z   File "/workspace/AReaL/areal/reward/math_parser.py", line 378
2025-11-21T23:30:51.371248913Z     if "final answer is $" in pred_str and "$. I hope" in pred_str:
2025-11-21T23:30:51.371249845Z     ^^
2025-11-21T23:30:51.371250726Z IndentationError: expected an indented block after 'if' statement on line 377
2025-11-21T23:30:51.371251818Z [31m20251121-23:30:51.370 [Remote Inference Engine Rank 0] ERROR: AsyncTaskRunner: Task 20 failed with exception: expected an indented block after 'if' statement on line 377 (math_parser.py, line 378) [0m
2025-11-21T23:30:51.371253071Z concurrent.futures.process._RemoteTraceback:
2025-11-21T23:30:51.371254012Z """
2025-11-21T23:30:51.371254994Z Traceback (most recent call last):
2025-11-21T23:30:51.371255916Z   File "/usr/lib/python3.12/concurrent/futures/process.py", line 264, in _process_worker
2025-11-21T23:30:51.371256848Z     r = call_item.fn(*call_item.args, **call_item.kwargs)
2025-11-21T23:30:51.371257779Z         ^^^^^^^^^^^^^^^^^^^^^^^^^^^^^^^^^^^^^^^^^^^^^^^^^
2025-11-21T23:30:51.371258701Z   File "/workspace/AReaL/examples/cloud_gsm8k/gsm8k_grpo_train.py", line 45, in gsm8k_reward_fn
2025-11-21T23:30:51.371260755Z     from areal.reward.math_parser import process_results
2025-11-21T23:30:51.371261717Z   File "/workspace/AReaL/areal/reward/math_parser.py", line 378
2025-11-21T23:30:51.371262699Z     if "final answer is $" in pred_str and "$. I hope" in pred_str:
2025-11-21T23:30:51.371263650Z     ^^
2025-11-21T23:30:51.371264562Z IndentationError: expected an indented block after 'if' statement on line 377
2025-11-21T23:30:51.371265494Z """
2025-11-21T23:30:51.371267267Z The above exception was the direct cause of the following exception:
2025-11-21T23:30:51.371269050Z Traceback (most recent call last):
2025-11-21T23:30:51.371269942Z   File "/workspace/AReaL/areal/core/async_task_runner.py", line 319, in _run_async_loop
2025-11-21T23:30:51.371270874Z     result = await async_task
2025-11-21T23:30:51.371271796Z              ^^^^^^^^^^^^^^^^
2025-11-21T23:30:51.371272687Z   File "/workspace/AReaL/areal/core/workflow_executor.py", line 367, in _execute_workflow
2025-11-21T23:30:51.371273639Z     traj = await task_input.workflow.arun_episode(
2025-11-21T23:30:51.371274561Z            ^^^^^^^^^^^^^^^^^^^^^^^^^^^^^^^^^^^^^^^
2025-11-21T23:30:51.371275442Z   File "/workspace/AReaL/areal/workflow/rlvr.py", line 93, in arun_episode
2025-11-21T23:30:51.371276364Z     reward = await self.async_reward_fn(
2025-11-21T23:30:51.371277286Z              ^^^^^^^^^^^^^^^^^^^^^^^^^^^
2025-11-21T23:30:51.371278248Z   File "/workspace/AReaL/areal/api/reward_api.py", line 163, in __call__
2025-11-21T23:30:51.371279189Z     raise e
2025-11-21T23:30:51.371280111Z   File "/workspace/AReaL/areal/api/reward_api.py", line 122, in __call__
2025-11-21T23:30:51.371281043Z     reward = await asyncio.wait_for(
2025-11-21T23:30:51.371281935Z              ^^^^^^^^^^^^^^^^^^^^^^^
2025-11-21T23:30:51.371282956Z   File "/usr/lib/python3.12/asyncio/tasks.py", line 520, in wait_for
2025-11-21T23:30:51.371283878Z     return await fut
2025-11-21T23:30:51.371285561Z            ^^^^^^^^^
2025-11-21T23:30:51.371286543Z   File "/workspace/AReaL/areal/reward/math_parser.py", line 378
2025-11-21T23:30:51.371287465Z     if "final answer is $" in pred_str and "$. I hope" in pred_str:
2025-11-21T23:30:51.371289449Z     ^^
2025-11-21T23:30:51.371290360Z IndentationError: expected an indented block after 'if' statement on line 377
2025-11-21T23:30:51.371291563Z [31m20251121-23:30:51.370 [Remote Inference Engine Rank 0] ERROR: AsyncTaskRunner: Task 21 failed with exception: expected an indented block after 'if' statement on line 377 (math_parser.py, line 378) [0m
2025-11-21T23:30:51.371292534Z concurrent.futures.process._RemoteTraceback:
2025-11-21T23:30:51.371293476Z """
2025-11-21T23:30:51.371294398Z Traceback (most recent call last):
2025-11-21T23:30:51.371295400Z   File "/usr/lib/python3.12/concurrent/futures/process.py", line 264, in _process_worker
2025-11-21T23:30:51.371296311Z     r = call_item.fn(*call_item.args, **call_item.kwargs)
2025-11-21T23:30:51.371297203Z         ^^^^^^^^^^^^^^^^^^^^^^^^^^^^^^^^^^^^^^^^^^^^^^^^^
2025-11-21T23:30:51.371298125Z   File "/workspace/AReaL/examples/cloud_gsm8k/gsm8k_grpo_train.py", line 45, in gsm8k_reward_fn
2025-11-21T23:30:51.371299026Z     from areal.reward.math_parser import process_results
2025-11-21T23:30:51.371299928Z   File "/workspace/AReaL/areal/reward/math_parser.py", line 378
2025-11-21T23:30:51.371300850Z     if "final answer is $" in pred_str and "$. I hope" in pred_str:
2025-11-21T23:30:51.371301782Z     ^^
2025-11-21T23:30:51.371302713Z IndentationError: expected an indented block after 'if' statement on line 377
2025-11-21T23:30:51.371303635Z """
2025-11-21T23:30:51.371305418Z The above exception was the direct cause of the following exception:
2025-11-21T23:30:51.371307182Z Traceback (most recent call last):
2025-11-21T23:30:51.371308093Z   File "/workspace/AReaL/areal/core/async_task_runner.py", line 319, in _run_async_loop
2025-11-21T23:30:51.371308995Z     result = await async_task
2025-11-21T23:30:51.371309937Z              ^^^^^^^^^^^^^^^^
2025-11-21T23:30:51.371310839Z   File "/workspace/AReaL/areal/core/workflow_executor.py", line 367, in _execute_workflow
2025-11-21T23:30:51.371311780Z     traj = await task_input.workflow.arun_episode(
2025-11-21T23:30:51.371312642Z            ^^^^^^^^^^^^^^^^^^^^^^^^^^^^^^^^^^^^^^^
2025-11-21T23:30:51.371313574Z   File "/workspace/AReaL/areal/workflow/rlvr.py", line 93, in arun_episode
2025-11-21T23:30:51.371314485Z     reward = await self.async_reward_fn(
2025-11-21T23:30:51.371315377Z              ^^^^^^^^^^^^^^^^^^^^^^^^^^^
2025-11-21T23:30:51.371316299Z   File "/workspace/AReaL/areal/api/reward_api.py", line 163, in __call__
2025-11-21T23:30:51.371317271Z     raise e
2025-11-21T23:30:51.371318192Z   File "/workspace/AReaL/areal/api/reward_api.py", line 122, in __call__
2025-11-21T23:30:51.371319104Z     reward = await asyncio.wait_for(
2025-11-21T23:30:51.371320006Z              ^^^^^^^^^^^^^^^^^^^^^^^
2025-11-21T23:30:51.371321028Z   File "/usr/lib/python3.12/asyncio/tasks.py", line 520, in wait_for
2025-11-21T23:30:51.371321949Z     return await fut
2025-11-21T23:30:51.371322841Z            ^^^^^^^^^
2025-11-21T23:30:51.371323753Z   File "/workspace/AReaL/areal/reward/math_parser.py", line 378
2025-11-21T23:30:51.371324725Z     if "final answer is $" in pred_str and "$. I hope" in pred_str:
2025-11-21T23:30:51.371325646Z     ^^
2025-11-21T23:30:51.371326588Z IndentationError: expected an indented block after 'if' statement on line 377
2025-11-21T23:30:51.374292615Z /workspace/AReaL/areal/reward/math_parser.py:290: SyntaxWarning: invalid escape sequence '\%'
2025-11-21T23:30:51.374296311Z   string = string.replace("\%", "")
2025-11-21T23:30:51.375223546Z [31m20251121-23:30:51.375 Reward API ERROR: Unexpected error in reward computation: expected an indented block after 'if' statement on line 377 (math_parser.py, line 378)[0m
2025-11-21T23:30:51.375602124Z [37m20251121-23:30:51.375 Reward API INFO: Retrying... (attempt 1/4)[0m
2025-11-21T23:30:51.375896083Z /workspace/AReaL/areal/reward/math_parser.py:290: SyntaxWarning: invalid escape sequence '\%'
2025-11-21T23:30:51.375900852Z   string = string.replace("\%", "")
2025-11-21T23:30:51.376713432Z [31m20251121-23:30:51.376 Reward API ERROR: Unexpected error in reward computation: expected an indented block after 'if' statement on line 377 (math_parser.py, line 378)[0m
2025-11-21T23:30:51.377107098Z [37m20251121-23:30:51.376 Reward API INFO: Retrying... (attempt 2/4)[0m
2025-11-21T23:30:51.377429230Z /workspace/AReaL/areal/reward/math_parser.py:290: SyntaxWarning: invalid escape sequence '\%'
2025-11-21T23:30:51.377433088Z   string = string.replace("\%", "")
2025-11-21T23:30:51.378177500Z [31m20251121-23:30:51.378 Reward API ERROR: Unexpected error in reward computation: expected an indented block after 'if' statement on line 377 (math_parser.py, line 378)[0m
2025-11-21T23:30:51.378438658Z [37m20251121-23:30:51.378 Reward API INFO: Retrying... (attempt 3/4)[0m
2025-11-21T23:30:51.379004526Z /workspace/AReaL/areal/reward/math_parser.py:290: SyntaxWarning: invalid escape sequence '\%'
2025-11-21T23:30:51.379005408Z   string = string.replace("\%", "")
2025-11-21T23:30:51.379848725Z [31m20251121-23:30:51.379 Reward API ERROR: Unexpected error in reward computation: expected an indented block after 'if' statement on line 377 (math_parser.py, line 378)[0m
2025-11-21T23:30:51.380272758Z [31m20251121-23:30:51.379 Reward API ERROR: Max retries exceeded for unexpected error.[0m
2025-11-21T23:30:51.380273359Z concurrent.futures.process._RemoteTraceback:
2025-11-21T23:30:51.380273920Z """
2025-11-21T23:30:51.380274601Z Traceback (most recent call last):
2025-11-21T23:30:51.380275152Z   File "/usr/lib/python3.12/concurrent/futures/process.py", line 264, in _process_worker
2025-11-21T23:30:51.380275643Z     r = call_item.fn(*call_item.args, **call_item.kwargs)
2025-11-21T23:30:51.380276485Z         ^^^^^^^^^^^^^^^^^^^^^^^^^^^^^^^^^^^^^^^^^^^^^^^^^
2025-11-21T23:30:51.380277216Z   File "/workspace/AReaL/examples/cloud_gsm8k/gsm8k_grpo_train.py", line 45, in gsm8k_reward_fn
2025-11-21T23:30:51.380277907Z     from areal.reward.math_parser import process_results
2025-11-21T23:30:51.380278629Z   File "/workspace/AReaL/areal/reward/math_parser.py", line 378
2025-11-21T23:30:51.380279360Z     if "final answer is $" in pred_str and "$. I hope" in pred_str:
2025-11-21T23:30:51.380280031Z     ^^
2025-11-21T23:30:51.380280723Z IndentationError: expected an indented block after 'if' statement on line 377
2025-11-21T23:30:51.380281454Z """
2025-11-21T23:30:51.380283047Z The above exception was the direct cause of the following exception:
2025-11-21T23:30:51.380284410Z Traceback (most recent call last):
2025-11-21T23:30:51.380285211Z   File "/workspace/AReaL/areal/api/reward_api.py", line 122, in __call__
2025-11-21T23:30:51.380285732Z     reward = await asyncio.wait_for(
2025-11-21T23:30:51.380286223Z              ^^^^^^^^^^^^^^^^^^^^^^^
2025-11-21T23:30:51.380286704Z   File "/usr/lib/python3.12/asyncio/tasks.py", line 520, in wait_for
2025-11-21T23:30:51.380287185Z     return await fut
2025-11-21T23:30:51.380287686Z            ^^^^^^^^^
2025-11-21T23:30:51.380288147Z   File "/workspace/AReaL/areal/reward/math_parser.py", line 378
2025-11-21T23:30:51.380288647Z     if "final answer is $" in pred_str and "$. I hope" in pred_str:
2025-11-21T23:30:51.380289128Z     ^^
2025-11-21T23:30:51.380289599Z IndentationError: expected an indented block after 'if' statement on line 377
2025-11-21T23:30:51.392343150Z /workspace/AReaL/areal/reward/math_parser.py:290: SyntaxWarning: invalid escape sequence '\%'
2025-11-21T23:30:51.392349813Z   string = string.replace("\%", "")
2025-11-21T23:30:51.393206184Z [31m20251121-23:30:51.393 Reward API ERROR: Unexpected error in reward computation: expected an indented block after 'if' statement on line 377 (math_parser.py, line 378)[0m
2025-11-21T23:30:51.393513298Z [37m20251121-23:30:51.393 Reward API INFO: Retrying... (attempt 1/4)[0m
2025-11-21T23:30:51.393835391Z /workspace/AReaL/areal/reward/math_parser.py:290: SyntaxWarning: invalid escape sequence '\%'
2025-11-21T23:30:51.393836202Z   string = string.replace("\%", "")
2025-11-21T23:30:51.394650385Z [31m20251121-23:30:51.394 Reward API ERROR: Unexpected error in reward computation: expected an indented block after 'if' statement on line 377 (math_parser.py, line 378)[0m
2025-11-21T23:30:51.395305900Z [37m20251121-23:30:51.394 Reward API INFO: Retrying... (attempt 2/4)[0m
2025-11-21T23:30:51.395685440Z /workspace/AReaL/areal/reward/math_parser.py:290: SyntaxWarning: invalid escape sequence '\%'
2025-11-21T23:30:51.395689878Z   string = string.replace("\%", "")
2025-11-21T23:30:51.396268851Z [31m20251121-23:30:51.396 Reward API ERROR: Unexpected error in reward computation: expected an indented block after 'if' statement on line 377 (math_parser.py, line 378)[0m
2025-11-21T23:30:51.396592216Z [37m20251121-23:30:51.396 Reward API INFO: Retrying... (attempt 3/4)[0m
2025-11-21T23:30:51.396882749Z /workspace/AReaL/areal/reward/math_parser.py:290: SyntaxWarning: invalid escape sequence '\%'
2025-11-21T23:30:51.396886797Z   string = string.replace("\%", "")
2025-11-21T23:30:51.397716869Z [31m20251121-23:30:51.397 Reward API ERROR: Unexpected error in reward computation: expected an indented block after 'if' statement on line 377 (math_parser.py, line 378)[0m
2025-11-21T23:30:51.397920560Z [31m20251121-23:30:51.397 Reward API ERROR: Max retries exceeded for unexpected error.[0m
2025-11-21T23:30:51.397921792Z concurrent.futures.process._RemoteTraceback:
2025-11-21T23:30:51.397922574Z """
2025-11-21T23:30:51.397923796Z Traceback (most recent call last):
2025-11-21T23:30:51.397924397Z   File "/usr/lib/python3.12/concurrent/futures/process.py", line 264, in _process_worker
2025-11-21T23:30:51.397924998Z     r = call_item.fn(*call_item.args, **call_item.kwargs)
2025-11-21T23:30:51.397925790Z         ^^^^^^^^^^^^^^^^^^^^^^^^^^^^^^^^^^^^^^^^^^^^^^^^^
2025-11-21T23:30:51.397926261Z   File "/workspace/AReaL/examples/cloud_gsm8k/gsm8k_grpo_train.py", line 45, in gsm8k_reward_fn
2025-11-21T23:30:51.397926731Z     from areal.reward.math_parser import process_results
2025-11-21T23:30:51.397927202Z   File "/workspace/AReaL/areal/reward/math_parser.py", line 378
2025-11-21T23:30:51.397927673Z     if "final answer is $" in pred_str and "$. I hope" in pred_str:
2025-11-21T23:30:51.397928184Z     ^^
2025-11-21T23:30:51.397928695Z IndentationError: expected an indented block after 'if' statement on line 377
2025-11-21T23:30:51.397929196Z """
2025-11-21T23:30:51.397930208Z The above exception was the direct cause of the following exception:
2025-11-21T23:30:51.397931170Z Traceback (most recent call last):
2025-11-21T23:30:51.397931661Z   File "/workspace/AReaL/areal/api/reward_api.py", line 122, in __call__
2025-11-21T23:30:51.397932172Z     reward = await asyncio.wait_for(
2025-11-21T23:30:51.397932612Z              ^^^^^^^^^^^^^^^^^^^^^^^
2025-11-21T23:30:51.397933133Z   File "/usr/lib/python3.12/asyncio/tasks.py", line 520, in wait_for
2025-11-21T23:30:51.397933624Z     return await fut
2025-11-21T23:30:51.397934356Z            ^^^^^^^^^
2025-11-21T23:30:51.397934817Z   File "/workspace/AReaL/areal/reward/math_parser.py", line 378
2025-11-21T23:30:51.397935297Z     if "final answer is $" in pred_str and "$. I hope" in pred_str:
2025-11-21T23:30:51.397936440Z     ^^
2025-11-21T23:30:51.397936981Z IndentationError: expected an indented block after 'if' statement on line 377
2025-11-21T23:30:51.423277579Z /workspace/AReaL/areal/reward/math_parser.py:290: SyntaxWarning: invalid escape sequence '\%'
2025-11-21T23:30:51.423287457Z   string = string.replace("\%", "")
2025-11-21T23:30:51.424190366Z [31m20251121-23:30:51.424 Reward API ERROR: Unexpected error in reward computation: expected an indented block after 'if' statement on line 377 (math_parser.py, line 378)[0m
2025-11-21T23:30:51.424463677Z [37m20251121-23:30:51.424 Reward API INFO: Retrying... (attempt 1/4)[0m
2025-11-21T23:30:51.425142106Z /workspace/AReaL/areal/reward/math_parser.py:290: SyntaxWarning: invalid escape sequence '\%'
2025-11-21T23:30:51.425144791Z   string = string.replace("\%", "")
2025-11-21T23:30:51.426079929Z [31m20251121-23:30:51.426 Reward API ERROR: Unexpected error in reward computation: expected an indented block after 'if' statement on line 377 (math_parser.py, line 378)[0m
2025-11-21T23:30:51.426364662Z [37m20251121-23:30:51.426 Reward API INFO: Retrying... (attempt 2/4)[0m
2025-11-21T23:30:51.426953142Z /workspace/AReaL/areal/reward/math_parser.py:290: SyntaxWarning: invalid escape sequence '\%'
2025-11-21T23:30:51.426954274Z   string = string.replace("\%", "")
2025-11-21T23:30:51.427518159Z [31m20251121-23:30:51.427 Reward API ERROR: Unexpected error in reward computation: expected an indented block after 'if' statement on line 377 (math_parser.py, line 378)[0m
2025-11-21T23:30:51.427768547Z [37m20251121-23:30:51.427 Reward API INFO: Retrying... (attempt 3/4)[0m
2025-11-21T23:30:51.428141855Z /workspace/AReaL/areal/reward/math_parser.py:290: SyntaxWarning: invalid escape sequence '\%'
2025-11-21T23:30:51.428142566Z   string = string.replace("\%", "")
2025-11-21T23:30:51.428982968Z [31m20251121-23:30:51.428 Reward API ERROR: Unexpected error in reward computation: expected an indented block after 'if' statement on line 377 (math_parser.py, line 378)[0m
2025-11-21T23:30:51.429292146Z [31m20251121-23:30:51.428 Reward API ERROR: Max retries exceeded for unexpected error.[0m
2025-11-21T23:30:51.429292978Z concurrent.futures.process._RemoteTraceback:
2025-11-21T23:30:51.429293799Z """
2025-11-21T23:30:51.429294631Z Traceback (most recent call last):
2025-11-21T23:30:51.429295502Z   File "/usr/lib/python3.12/concurrent/futures/process.py", line 264, in _process_worker
2025-11-21T23:30:51.429296364Z     r = call_item.fn(*call_item.args, **call_item.kwargs)
2025-11-21T23:30:51.429297075Z         ^^^^^^^^^^^^^^^^^^^^^^^^^^^^^^^^^^^^^^^^^^^^^^^^^
2025-11-21T23:30:51.429297667Z   File "/workspace/AReaL/examples/cloud_gsm8k/gsm8k_grpo_train.py", line 45, in gsm8k_reward_fn
2025-11-21T23:30:51.429298388Z     from areal.reward.math_parser import process_results
2025-11-21T23:30:51.429299069Z   File "/workspace/AReaL/areal/reward/math_parser.py", line 378
2025-11-21T23:30:51.429299580Z     if "final answer is $" in pred_str and "$. I hope" in pred_str:
2025-11-21T23:30:51.429300141Z     ^^
2025-11-21T23:30:51.429300672Z IndentationError: expected an indented block after 'if' statement on line 377
2025-11-21T23:30:51.429301143Z """
2025-11-21T23:30:51.429302125Z The above exception was the direct cause of the following exception:
2025-11-21T23:30:51.429303107Z Traceback (most recent call last):
2025-11-21T23:30:51.429303948Z   File "/workspace/AReaL/areal/api/reward_api.py", line 122, in __call__
2025-11-21T23:30:51.429304449Z     reward = await asyncio.wait_for(
2025-11-21T23:30:51.429304980Z              ^^^^^^^^^^^^^^^^^^^^^^^
2025-11-21T23:30:51.429305451Z   File "/usr/lib/python3.12/asyncio/tasks.py", line 520, in wait_for
2025-11-21T23:30:51.429305932Z     return await fut
2025-11-21T23:30:51.429306403Z            ^^^^^^^^^
2025-11-21T23:30:51.429306884Z   File "/workspace/AReaL/areal/reward/math_parser.py", line 378
2025-11-21T23:30:51.429307355Z     if "final answer is $" in pred_str and "$. I hope" in pred_str:
2025-11-21T23:30:51.429307826Z     ^^
2025-11-21T23:30:51.429308306Z IndentationError: expected an indented block after 'if' statement on line 377
2025-11-21T23:30:51.472071596Z /workspace/AReaL/areal/reward/math_parser.py:290: SyntaxWarning: invalid escape sequence '\%'
2025-11-21T23:30:51.472077868Z   string = string.replace("\%", "")
2025-11-21T23:30:51.473174568Z [31m20251121-23:30:51.473 Reward API ERROR: Unexpected error in reward computation: expected an indented block after 'if' statement on line 377 (math_parser.py, line 378)[0m
2025-11-21T23:30:51.473419857Z [37m20251121-23:30:51.473 Reward API INFO: Retrying... (attempt 1/4)[0m
2025-11-21T23:30:51.473853759Z /workspace/AReaL/areal/reward/math_parser.py:290: SyntaxWarning: invalid escape sequence '\%'
2025-11-21T23:30:51.473858067Z   string = string.replace("\%", "")
2025-11-21T23:30:51.474708517Z [31m20251121-23:30:51.474 Reward API ERROR: Unexpected error in reward computation: expected an indented block after 'if' statement on line 377 (math_parser.py, line 378)[0m
2025-11-21T23:30:51.475286217Z [37m20251121-23:30:51.474 Reward API INFO: Retrying... (attempt 2/4)[0m
2025-11-21T23:30:51.475623428Z /workspace/AReaL/areal/reward/math_parser.py:290: SyntaxWarning: invalid escape sequence '\%'
2025-11-21T23:30:51.475626413Z   string = string.replace("\%", "")
2025-11-21T23:30:51.476201058Z [31m20251121-23:30:51.476 Reward API ERROR: Unexpected error in reward computation: expected an indented block after 'if' statement on line 377 (math_parser.py, line 378)[0m
2025-11-21T23:30:51.476454592Z [37m20251121-23:30:51.476 Reward API INFO: Retrying... (attempt 3/4)[0m
2025-11-21T23:30:51.476833320Z /workspace/AReaL/areal/reward/math_parser.py:290: SyntaxWarning: invalid escape sequence '\%'
2025-11-21T23:30:51.476834202Z   string = string.replace("\%", "")
2025-11-21T23:30:51.477660688Z [31m20251121-23:30:51.477 Reward API ERROR: Unexpected error in reward computation: expected an indented block after 'if' statement on line 377 (math_parser.py, line 378)[0m
2025-11-21T23:30:51.477882302Z [31m20251121-23:30:51.477 Reward API ERROR: Max retries exceeded for unexpected error.[0m
2025-11-21T23:30:51.477883184Z concurrent.futures.process._RemoteTraceback:
2025-11-21T23:30:51.477883715Z """
2025-11-21T23:30:51.477884426Z Traceback (most recent call last):
2025-11-21T23:30:51.477884977Z   File "/usr/lib/python3.12/concurrent/futures/process.py", line 264, in _process_worker
2025-11-21T23:30:51.477885789Z     r = call_item.fn(*call_item.args, **call_item.kwargs)
2025-11-21T23:30:51.477886881Z         ^^^^^^^^^^^^^^^^^^^^^^^^^^^^^^^^^^^^^^^^^^^^^^^^^
2025-11-21T23:30:51.477887341Z   File "/workspace/AReaL/examples/cloud_gsm8k/gsm8k_grpo_train.py", line 45, in gsm8k_reward_fn
2025-11-21T23:30:51.477887852Z     from areal.reward.math_parser import process_results
2025-11-21T23:30:51.477888323Z   File "/workspace/AReaL/areal/reward/math_parser.py", line 378
2025-11-21T23:30:51.477888784Z     if "final answer is $" in pred_str and "$. I hope" in pred_str:
2025-11-21T23:30:51.477889275Z     ^^
2025-11-21T23:30:51.477889776Z IndentationError: expected an indented block after 'if' statement on line 377
2025-11-21T23:30:51.477890307Z """
2025-11-21T23:30:51.477891289Z The above exception was the direct cause of the following exception:
2025-11-21T23:30:51.477892251Z Traceback (most recent call last):
2025-11-21T23:30:51.477892762Z   File "/workspace/AReaL/areal/api/reward_api.py", line 122, in __call__
2025-11-21T23:30:51.477893283Z     reward = await asyncio.wait_for(
2025-11-21T23:30:51.477893753Z              ^^^^^^^^^^^^^^^^^^^^^^^
2025-11-21T23:30:51.477894224Z   File "/usr/lib/python3.12/asyncio/tasks.py", line 520, in wait_for
2025-11-21T23:30:51.477894705Z     return await fut
2025-11-21T23:30:51.477895547Z            ^^^^^^^^^
2025-11-21T23:30:51.477896018Z   File "/workspace/AReaL/areal/reward/math_parser.py", line 378
2025-11-21T23:30:51.477896489Z     if "final answer is $" in pred_str and "$. I hope" in pred_str:
2025-11-21T23:30:51.477896969Z     ^^
2025-11-21T23:30:51.477897460Z IndentationError: expected an indented block after 'if' statement on line 377
2025-11-21T23:30:51.615934887Z /workspace/AReaL/areal/reward/math_parser.py:290: SyntaxWarning: invalid escape sequence '\%'
2025-11-21T23:30:51.615948172Z   string = string.replace("\%", "")
2025-11-21T23:30:51.616896816Z [31m20251121-23:30:51.616 Reward API ERROR: Unexpected error in reward computation: expected an indented block after 'if' statement on line 377 (math_parser.py, line 378)[0m
2025-11-21T23:30:51.617108361Z [37m20251121-23:30:51.616 Reward API INFO: Retrying... (attempt 1/4)[0m
2025-11-21T23:30:51.617842264Z /workspace/AReaL/areal/reward/math_parser.py:290: SyntaxWarning: invalid escape sequence '\%'
2025-11-21T23:30:51.617844868Z   string = string.replace("\%", "")
2025-11-21T23:30:51.618693636Z [31m20251121-23:30:51.618 Reward API ERROR: Unexpected error in reward computation: expected an indented block after 'if' statement on line 377 (math_parser.py, line 378)[0m
2025-11-21T23:30:51.618859155Z [37m20251121-23:30:51.618 Reward API INFO: Retrying... (attempt 2/4)[0m
2025-11-21T23:30:51.619518378Z /workspace/AReaL/areal/reward/math_parser.py:290: SyntaxWarning: invalid escape sequence '\%'
2025-11-21T23:30:51.619519029Z   string = string.replace("\%", "")
2025-11-21T23:30:51.620699888Z [31m20251121-23:30:51.620 Reward API ERROR: Unexpected error in reward computation: expected an indented block after 'if' statement on line 377 (math_parser.py, line 378)[0m
2025-11-21T23:30:51.620980402Z [37m20251121-23:30:51.620 Reward API INFO: Retrying... (attempt 3/4)[0m
2025-11-21T23:30:51.621337861Z /workspace/AReaL/areal/reward/math_parser.py:290: SyntaxWarning: invalid escape sequence '\%'
2025-11-21T23:30:51.621339103Z   string = string.replace("\%", "")
2025-11-21T23:30:51.622190114Z [31m20251121-23:30:51.622 Reward API ERROR: Unexpected error in reward computation: expected an indented block after 'if' statement on line 377 (math_parser.py, line 378)[0m
2025-11-21T23:30:51.622502418Z [31m20251121-23:30:51.622 Reward API ERROR: Max retries exceeded for unexpected error.[0m
2025-11-21T23:30:51.622503100Z concurrent.futures.process._RemoteTraceback:
2025-11-21T23:30:51.622503631Z """
2025-11-21T23:30:51.622504162Z Traceback (most recent call last):
2025-11-21T23:30:51.622504703Z   File "/usr/lib/python3.12/concurrent/futures/process.py", line 264, in _process_worker
2025-11-21T23:30:51.622505234Z     r = call_item.fn(*call_item.args, **call_item.kwargs)
2025-11-21T23:30:51.622505815Z         ^^^^^^^^^^^^^^^^^^^^^^^^^^^^^^^^^^^^^^^^^^^^^^^^^
2025-11-21T23:30:51.622506306Z   File "/workspace/AReaL/examples/cloud_gsm8k/gsm8k_grpo_train.py", line 45, in gsm8k_reward_fn
2025-11-21T23:30:51.622506777Z     from areal.reward.math_parser import process_results
2025-11-21T23:30:51.622507247Z   File "/workspace/AReaL/areal/reward/math_parser.py", line 378
2025-11-21T23:30:51.622507768Z     if "final answer is $" in pred_str and "$. I hope" in pred_str:
2025-11-21T23:30:51.622508269Z     ^^
2025-11-21T23:30:51.622508830Z IndentationError: expected an indented block after 'if' statement on line 377
2025-11-21T23:30:51.622509311Z """
2025-11-21T23:30:51.622510363Z The above exception was the direct cause of the following exception:
2025-11-21T23:30:51.622511355Z Traceback (most recent call last):
2025-11-21T23:30:51.622511866Z   File "/workspace/AReaL/areal/api/reward_api.py", line 122, in __call__
2025-11-21T23:30:51.622512357Z     reward = await asyncio.wait_for(
2025-11-21T23:30:51.622512958Z              ^^^^^^^^^^^^^^^^^^^^^^^
2025-11-21T23:30:51.622513429Z   File "/usr/lib/python3.12/asyncio/tasks.py", line 520, in wait_for
2025-11-21T23:30:51.622513940Z     return await fut
2025-11-21T23:30:51.622514421Z            ^^^^^^^^^
2025-11-21T23:30:51.622514892Z   File "/workspace/AReaL/areal/reward/math_parser.py", line 378
2025-11-21T23:30:51.622515353Z     if "final answer is $" in pred_str and "$. I hope" in pred_str:
2025-11-21T23:30:51.622515833Z     ^^
2025-11-21T23:30:51.622516314Z IndentationError: expected an indented block after 'if' statement on line 377
2025-11-21T23:30:51.624807349Z /workspace/AReaL/areal/reward/math_parser.py:290: SyntaxWarning: invalid escape sequence '\%'
2025-11-21T23:30:51.624813049Z   string = string.replace("\%", "")
2025-11-21T23:30:51.625658741Z [31m20251121-23:30:51.625 Reward API ERROR: Unexpected error in reward computation: expected an indented block after 'if' statement on line 377 (math_parser.py, line 378)[0m
2025-11-21T23:30:51.625907476Z [37m20251121-23:30:51.625 Reward API INFO: Retrying... (attempt 1/4)[0m
2025-11-21T23:30:51.626563122Z /workspace/AReaL/areal/reward/math_parser.py:290: SyntaxWarning: invalid escape sequence '\%'
2025-11-21T23:30:51.626563683Z   string = string.replace("\%", "")
2025-11-21T23:30:51.627436305Z [31m20251121-23:30:51.627 Reward API ERROR: Unexpected error in reward computation: expected an indented block after 'if' statement on line 377 (math_parser.py, line 378)[0m
2025-11-21T23:30:51.627967188Z [37m20251121-23:30:51.627 Reward API INFO: Retrying... (attempt 2/4)[0m
2025-11-21T23:30:51.628280594Z /workspace/AReaL/areal/reward/math_parser.py:290: SyntaxWarning: invalid escape sequence '\%'
2025-11-21T23:30:51.628281245Z   string = string.replace("\%", "")
2025-11-21T23:30:51.628854838Z [31m20251121-23:30:51.628 Reward API ERROR: Unexpected error in reward computation: expected an indented block after 'if' statement on line 377 (math_parser.py, line 378)[0m
2025-11-21T23:30:51.629183823Z [37m20251121-23:30:51.628 Reward API INFO: Retrying... (attempt 3/4)[0m
2025-11-21T23:30:51.629485056Z /workspace/AReaL/areal/reward/math_parser.py:290: SyntaxWarning: invalid escape sequence '\%'
2025-11-21T23:30:51.629489344Z   string = string.replace("\%", "")
2025-11-21T23:30:51.630262149Z [31m20251121-23:30:51.630 Reward API ERROR: Unexpected error in reward computation: expected an indented block after 'if' statement on line 377 (math_parser.py, line 378)[0m
2025-11-21T23:30:51.630501547Z [31m20251121-23:30:51.630 Reward API ERROR: Max retries exceeded for unexpected error.[0m
2025-11-21T23:30:51.630502218Z concurrent.futures.process._RemoteTraceback:
2025-11-21T23:30:51.630502789Z """
2025-11-21T23:30:51.630503270Z Traceback (most recent call last):
2025-11-21T23:30:51.630503771Z   File "/usr/lib/python3.12/concurrent/futures/process.py", line 264, in _process_worker
2025-11-21T23:30:51.630504252Z     r = call_item.fn(*call_item.args, **call_item.kwargs)
2025-11-21T23:30:51.630504733Z         ^^^^^^^^^^^^^^^^^^^^^^^^^^^^^^^^^^^^^^^^^^^^^^^^^
2025-11-21T23:30:51.630505284Z   File "/workspace/AReaL/examples/cloud_gsm8k/gsm8k_grpo_train.py", line 45, in gsm8k_reward_fn
2025-11-21T23:30:51.630505815Z     from areal.reward.math_parser import process_results
2025-11-21T23:30:51.630506276Z   File "/workspace/AReaL/areal/reward/math_parser.py", line 378
2025-11-21T23:30:51.630506747Z     if "final answer is $" in pred_str and "$. I hope" in pred_str:
2025-11-21T23:30:51.630508300Z     ^^
2025-11-21T23:30:51.630508771Z IndentationError: expected an indented block after 'if' statement on line 377
2025-11-21T23:30:51.630509302Z """
2025-11-21T23:30:51.630510213Z The above exception was the direct cause of the following exception:
2025-11-21T23:30:51.630511185Z Traceback (most recent call last):
2025-11-21T23:30:51.630511716Z   File "/workspace/AReaL/areal/api/reward_api.py", line 122, in __call__
2025-11-21T23:30:51.630512197Z     reward = await asyncio.wait_for(
2025-11-21T23:30:51.630512738Z              ^^^^^^^^^^^^^^^^^^^^^^^
2025-11-21T23:30:51.630513209Z   File "/usr/lib/python3.12/asyncio/tasks.py", line 520, in wait_for
2025-11-21T23:30:51.630513680Z     return await fut
2025-11-21T23:30:51.630514201Z            ^^^^^^^^^
2025-11-21T23:30:51.630514722Z   File "/workspace/AReaL/areal/reward/math_parser.py", line 378
2025-11-21T23:30:51.630515203Z     if "final answer is $" in pred_str and "$. I hope" in pred_str:
2025-11-21T23:30:51.630515674Z     ^^
2025-11-21T23:30:51.630516144Z IndentationError: expected an indented block after 'if' statement on line 377
2025-11-21T23:30:51.872276057Z [31m20251121-23:30:51.871 [Remote Inference Engine Rank 0] ERROR: AsyncTaskRunner: Task 10 failed with exception: expected an indented block after 'if' statement on line 377 (math_parser.py, line 378) [0m
2025-11-21T23:30:51.872281807Z concurrent.futures.process._RemoteTraceback:
2025-11-21T23:30:51.872283050Z """
2025-11-21T23:30:51.872284102Z Traceback (most recent call last):
2025-11-21T23:30:51.872285124Z   File "/usr/lib/python3.12/concurrent/futures/process.py", line 264, in _process_worker
2025-11-21T23:30:51.872286165Z     r = call_item.fn(*call_item.args, **call_item.kwargs)
2025-11-21T23:30:51.872287107Z         ^^^^^^^^^^^^^^^^^^^^^^^^^^^^^^^^^^^^^^^^^^^^^^^^^
2025-11-21T23:30:51.872288059Z   File "/workspace/AReaL/examples/cloud_gsm8k/gsm8k_grpo_train.py", line 45, in gsm8k_reward_fn
2025-11-21T23:30:51.872289341Z     from areal.reward.math_parser import process_results
2025-11-21T23:30:51.872290313Z   File "/workspace/AReaL/areal/reward/math_parser.py", line 378
2025-11-21T23:30:51.872291285Z     if "final answer is $" in pred_str and "$. I hope" in pred_str:
2025-11-21T23:30:51.872292267Z     ^^
2025-11-21T23:30:51.872293259Z IndentationError: expected an indented block after 'if' statement on line 377
2025-11-21T23:30:51.872294221Z """
2025-11-21T23:30:51.872296134Z The above exception was the direct cause of the following exception:
2025-11-21T23:30:51.872297927Z Traceback (most recent call last):
2025-11-21T23:30:51.872298899Z   File "/workspace/AReaL/areal/core/async_task_runner.py", line 319, in _run_async_loop
2025-11-21T23:30:51.872302175Z     result = await async_task
2025-11-21T23:30:51.872303548Z              ^^^^^^^^^^^^^^^^
2025-11-21T23:30:51.872304500Z   File "/workspace/AReaL/areal/core/workflow_executor.py", line 367, in _execute_workflow
2025-11-21T23:30:51.872305472Z     traj = await task_input.workflow.arun_episode(
2025-11-21T23:30:51.872306413Z            ^^^^^^^^^^^^^^^^^^^^^^^^^^^^^^^^^^^^^^^
2025-11-21T23:30:51.872307345Z   File "/workspace/AReaL/areal/workflow/rlvr.py", line 93, in arun_episode
2025-11-21T23:30:51.872308297Z     reward = await self.async_reward_fn(
2025-11-21T23:30:51.872309279Z              ^^^^^^^^^^^^^^^^^^^^^^^^^^^
2025-11-21T23:30:51.872310230Z   File "/workspace/AReaL/areal/api/reward_api.py", line 163, in __call__
2025-11-21T23:30:51.872311192Z     raise e
2025-11-21T23:30:51.872312214Z   File "/workspace/AReaL/areal/api/reward_api.py", line 122, in __call__
2025-11-21T23:30:51.872313176Z     reward = await asyncio.wait_for(
2025-11-21T23:30:51.872314128Z              ^^^^^^^^^^^^^^^^^^^^^^^
2025-11-21T23:30:51.872315110Z   File "/usr/lib/python3.12/asyncio/tasks.py", line 520, in wait_for
2025-11-21T23:30:51.872316091Z     return await fut
2025-11-21T23:30:51.872317093Z            ^^^^^^^^^
2025-11-21T23:30:51.872318035Z   File "/workspace/AReaL/areal/reward/math_parser.py", line 378
2025-11-21T23:30:51.872319027Z     if "final answer is $" in pred_str and "$. I hope" in pred_str:
2025-11-21T23:30:51.872319989Z     ^^
2025-11-21T23:30:51.872320951Z IndentationError: expected an indented block after 'if' statement on line 377
2025-11-21T23:30:51.872922095Z [31m20251121-23:30:51.872 [Remote Inference Engine Rank 0] ERROR: AsyncTaskRunner: Task 19 failed with exception: expected an indented block after 'if' statement on line 377 (math_parser.py, line 378) [0m
2025-11-21T23:30:51.872929689Z concurrent.futures.process._RemoteTraceback:
2025-11-21T23:30:51.872931182Z """
2025-11-21T23:30:51.872932514Z Traceback (most recent call last):
2025-11-21T23:30:51.872933546Z   File "/usr/lib/python3.12/concurrent/futures/process.py", line 264, in _process_worker
2025-11-21T23:30:51.872934548Z     r = call_item.fn(*call_item.args, **call_item.kwargs)
2025-11-21T23:30:51.872935520Z         ^^^^^^^^^^^^^^^^^^^^^^^^^^^^^^^^^^^^^^^^^^^^^^^^^
2025-11-21T23:30:51.872936442Z   File "/workspace/AReaL/examples/cloud_gsm8k/gsm8k_grpo_train.py", line 45, in gsm8k_reward_fn
2025-11-21T23:30:51.872937403Z     from areal.reward.math_parser import process_results
2025-11-21T23:30:51.872938686Z   File "/workspace/AReaL/areal/reward/math_parser.py", line 378
2025-11-21T23:30:51.872939698Z     if "final answer is $" in pred_str and "$. I hope" in pred_str:
2025-11-21T23:30:51.872940680Z     ^^
2025-11-21T23:30:51.872941701Z IndentationError: expected an indented block after 'if' statement on line 377
2025-11-21T23:30:51.872942673Z """
2025-11-21T23:30:51.872944847Z The above exception was the direct cause of the following exception:
2025-11-21T23:30:51.872946841Z Traceback (most recent call last):
2025-11-21T23:30:51.872947883Z   File "/workspace/AReaL/areal/core/async_task_runner.py", line 319, in _run_async_loop
2025-11-21T23:30:51.872948895Z     result = await async_task
2025-11-21T23:30:51.872949877Z              ^^^^^^^^^^^^^^^^
2025-11-21T23:30:51.872950859Z   File "/workspace/AReaL/areal/core/workflow_executor.py", line 367, in _execute_workflow
2025-11-21T23:30:51.872951840Z     traj = await task_input.workflow.arun_episode(
2025-11-21T23:30:51.872952782Z            ^^^^^^^^^^^^^^^^^^^^^^^^^^^^^^^^^^^^^^^
2025-11-21T23:30:51.872953724Z   File "/workspace/AReaL/areal/workflow/rlvr.py", line 93, in arun_episode
2025-11-21T23:30:51.872954686Z     reward = await self.async_reward_fn(
2025-11-21T23:30:51.872955698Z              ^^^^^^^^^^^^^^^^^^^^^^^^^^^
2025-11-21T23:30:51.872956699Z   File "/workspace/AReaL/areal/api/reward_api.py", line 163, in __call__
2025-11-21T23:30:51.872957681Z     raise e
2025-11-21T23:30:51.872958653Z   File "/workspace/AReaL/areal/api/reward_api.py", line 122, in __call__
2025-11-21T23:30:51.872959585Z     reward = await asyncio.wait_for(
2025-11-21T23:30:51.872960527Z              ^^^^^^^^^^^^^^^^^^^^^^^
2025-11-21T23:30:51.872966528Z   File "/usr/lib/python3.12/asyncio/tasks.py", line 520, in wait_for
2025-11-21T23:30:51.872967630Z     return await fut
2025-11-21T23:30:51.872968592Z            ^^^^^^^^^
2025-11-21T23:30:51.872969533Z   File "/workspace/AReaL/areal/reward/math_parser.py", line 378
2025-11-21T23:30:51.872970515Z     if "final answer is $" in pred_str and "$. I hope" in pred_str:
2025-11-21T23:30:51.872971497Z     ^^
2025-11-21T23:30:51.872972519Z IndentationError: expected an indented block after 'if' statement on line 377
2025-11-21T23:30:51.872973902Z [31m20251121-23:30:51.872 [Remote Inference Engine Rank 0] ERROR: AsyncTaskRunner: Task 22 failed with exception: expected an indented block after 'if' statement on line 377 (math_parser.py, line 378) [0m
2025-11-21T23:30:51.872974954Z concurrent.futures.process._RemoteTraceback:
2025-11-21T23:30:51.872975935Z """
2025-11-21T23:30:51.872976947Z Traceback (most recent call last):
2025-11-21T23:30:51.872977939Z   File "/usr/lib/python3.12/concurrent/futures/process.py", line 264, in _process_worker
2025-11-21T23:30:51.872978901Z     r = call_item.fn(*call_item.args, **call_item.kwargs)
2025-11-21T23:30:51.872979843Z         ^^^^^^^^^^^^^^^^^^^^^^^^^^^^^^^^^^^^^^^^^^^^^^^^^
2025-11-21T23:30:51.872980795Z   File "/workspace/AReaL/examples/cloud_gsm8k/gsm8k_grpo_train.py", line 45, in gsm8k_reward_fn
2025-11-21T23:30:51.872981726Z     from areal.reward.math_parser import process_results
2025-11-21T23:30:51.872982658Z   File "/workspace/AReaL/areal/reward/math_parser.py", line 378
2025-11-21T23:30:51.872983610Z     if "final answer is $" in pred_str and "$. I hope" in pred_str:
2025-11-21T23:30:51.872984642Z     ^^
2025-11-21T23:30:51.872985624Z IndentationError: expected an indented block after 'if' statement on line 377
2025-11-21T23:30:51.872986585Z """
2025-11-21T23:30:51.872988399Z The above exception was the direct cause of the following exception:
2025-11-21T23:30:51.872990212Z Traceback (most recent call last):
2025-11-21T23:30:51.872991134Z   File "/workspace/AReaL/areal/core/async_task_runner.py", line 319, in _run_async_loop
2025-11-21T23:30:51.872992126Z     result = await async_task
2025-11-21T23:30:51.872993057Z              ^^^^^^^^^^^^^^^^
2025-11-21T23:30:51.872993999Z   File "/workspace/AReaL/areal/core/workflow_executor.py", line 367, in _execute_workflow
2025-11-21T23:30:51.872995252Z     traj = await task_input.workflow.arun_episode(
2025-11-21T23:30:51.872996153Z            ^^^^^^^^^^^^^^^^^^^^^^^^^^^^^^^^^^^^^^^
2025-11-21T23:30:51.872997095Z   File "/workspace/AReaL/areal/workflow/rlvr.py", line 93, in arun_episode
2025-11-21T23:30:51.872998027Z     reward = await self.async_reward_fn(
2025-11-21T23:30:51.872998938Z              ^^^^^^^^^^^^^^^^^^^^^^^^^^^
2025-11-21T23:30:51.872999920Z   File "/workspace/AReaL/areal/api/reward_api.py", line 163, in __call__
2025-11-21T23:30:51.873000902Z     raise e
2025-11-21T23:30:51.873001864Z   File "/workspace/AReaL/areal/api/reward_api.py", line 122, in __call__
2025-11-21T23:30:51.873002786Z     reward = await asyncio.wait_for(
2025-11-21T23:30:51.873003697Z              ^^^^^^^^^^^^^^^^^^^^^^^
2025-11-21T23:30:51.873004609Z   File "/usr/lib/python3.12/asyncio/tasks.py", line 520, in wait_for
2025-11-21T23:30:51.873005531Z     return await fut
2025-11-21T23:30:51.873006463Z            ^^^^^^^^^
2025-11-21T23:30:51.873007414Z   File "/workspace/AReaL/areal/reward/math_parser.py", line 378
2025-11-21T23:30:51.873010370Z     if "final answer is $" in pred_str and "$. I hope" in pred_str:
2025-11-21T23:30:51.873011392Z     ^^
2025-11-21T23:30:51.873012313Z IndentationError: expected an indented block after 'if' statement on line 377
2025-11-21T23:30:51.873013496Z [31m20251121-23:30:51.872 [Remote Inference Engine Rank 0] ERROR: AsyncTaskRunner: Task 23 failed with exception: expected an indented block after 'if' statement on line 377 (math_parser.py, line 378) [0m
2025-11-21T23:30:51.873014588Z concurrent.futures.process._RemoteTraceback:
2025-11-21T23:30:51.873015570Z """
2025-11-21T23:30:51.873016521Z Traceback (most recent call last):
2025-11-21T23:30:51.873017493Z   File "/usr/lib/python3.12/concurrent/futures/process.py", line 264, in _process_worker
2025-11-21T23:30:51.873020359Z     r = call_item.fn(*call_item.args, **call_item.kwargs)
2025-11-21T23:30:51.873021360Z         ^^^^^^^^^^^^^^^^^^^^^^^^^^^^^^^^^^^^^^^^^^^^^^^^^
2025-11-21T23:30:51.873022352Z   File "/workspace/AReaL/examples/cloud_gsm8k/gsm8k_grpo_train.py", line 45, in gsm8k_reward_fn
2025-11-21T23:30:51.873023274Z     from areal.reward.math_parser import process_results
2025-11-21T23:30:51.873024216Z   File "/workspace/AReaL/areal/reward/math_parser.py", line 378
2025-11-21T23:30:51.873025157Z     if "final answer is $" in pred_str and "$. I hope" in pred_str:
2025-11-21T23:30:51.873026099Z     ^^
2025-11-21T23:30:51.873027041Z IndentationError: expected an indented block after 'if' statement on line 377
2025-11-21T23:30:51.873028023Z """
2025-11-21T23:30:51.873029896Z The above exception was the direct cause of the following exception:
2025-11-21T23:30:51.873031750Z Traceback (most recent call last):
2025-11-21T23:30:51.873032662Z   File "/workspace/AReaL/areal/core/async_task_runner.py", line 319, in _run_async_loop
2025-11-21T23:30:51.873033613Z     result = await async_task
2025-11-21T23:30:51.873034575Z              ^^^^^^^^^^^^^^^^
2025-11-21T23:30:51.873035507Z   File "/workspace/AReaL/areal/core/workflow_executor.py", line 367, in _execute_workflow
2025-11-21T23:30:51.873036459Z     traj = await task_input.workflow.arun_episode(
2025-11-21T23:30:51.873037380Z            ^^^^^^^^^^^^^^^^^^^^^^^^^^^^^^^^^^^^^^^
2025-11-21T23:30:51.873038372Z   File "/workspace/AReaL/areal/workflow/rlvr.py", line 93, in arun_episode
2025-11-21T23:30:51.873039334Z     reward = await self.async_reward_fn(
2025-11-21T23:30:51.873040266Z              ^^^^^^^^^^^^^^^^^^^^^^^^^^^
2025-11-21T23:30:51.873041197Z   File "/workspace/AReaL/areal/api/reward_api.py", line 163, in __call__
2025-11-21T23:30:51.873042189Z     raise e
2025-11-21T23:30:51.873043121Z   File "/workspace/AReaL/areal/api/reward_api.py", line 122, in __call__
2025-11-21T23:30:51.873044053Z     reward = await asyncio.wait_for(
2025-11-21T23:30:51.873044965Z              ^^^^^^^^^^^^^^^^^^^^^^^
2025-11-21T23:30:51.873045946Z   File "/usr/lib/python3.12/asyncio/tasks.py", line 520, in wait_for
2025-11-21T23:30:51.873046878Z     return await fut
2025-11-21T23:30:51.873047800Z            ^^^^^^^^^
2025-11-21T23:30:51.873048702Z   File "/workspace/AReaL/areal/reward/math_parser.py", line 378
2025-11-21T23:30:51.873050445Z     if "final answer is $" in pred_str and "$. I hope" in pred_str:
2025-11-21T23:30:51.873051467Z     ^^
2025-11-21T23:30:51.873052418Z IndentationError: expected an indented block after 'if' statement on line 377
2025-11-21T23:30:51.873572641Z [31m20251121-23:30:51.872 [Remote Inference Engine Rank 0] ERROR: AsyncTaskRunner: Task 8 failed with exception: expected an indented block after 'if' statement on line 377 (math_parser.py, line 378) [0m
2025-11-21T23:30:51.873574355Z concurrent.futures.process._RemoteTraceback:
2025-11-21T23:30:51.873574845Z """
2025-11-21T23:30:51.873575366Z Traceback (most recent call last):
2025-11-21T23:30:51.873576018Z   File "/usr/lib/python3.12/concurrent/futures/process.py", line 264, in _process_worker
2025-11-21T23:30:51.873576529Z     r = call_item.fn(*call_item.args, **call_item.kwargs)
2025-11-21T23:30:51.873577009Z         ^^^^^^^^^^^^^^^^^^^^^^^^^^^^^^^^^^^^^^^^^^^^^^^^^
2025-11-21T23:30:51.873577470Z   File "/workspace/AReaL/examples/cloud_gsm8k/gsm8k_grpo_train.py", line 45, in gsm8k_reward_fn
2025-11-21T23:30:51.873577991Z     from areal.reward.math_parser import process_results
2025-11-21T23:30:51.873578502Z   File "/workspace/AReaL/areal/reward/math_parser.py", line 378
2025-11-21T23:30:51.873578973Z     if "final answer is $" in pred_str and "$. I hope" in pred_str:
2025-11-21T23:30:51.873579945Z     ^^
2025-11-21T23:30:51.873580456Z IndentationError: expected an indented block after 'if' statement on line 377
2025-11-21T23:30:51.873580987Z """
2025-11-21T23:30:51.873581929Z The above exception was the direct cause of the following exception:
2025-11-21T23:30:51.873583291Z Traceback (most recent call last):
2025-11-21T23:30:51.873583782Z   File "/workspace/AReaL/areal/core/async_task_runner.py", line 319, in _run_async_loop
2025-11-21T23:30:51.873585315Z     result = await async_task
2025-11-21T23:30:51.873585846Z              ^^^^^^^^^^^^^^^^
2025-11-21T23:30:51.873586307Z   File "/workspace/AReaL/areal/core/workflow_executor.py", line 367, in _execute_workflow
2025-11-21T23:30:51.873586848Z     traj = await task_input.workflow.arun_episode(
2025-11-21T23:30:51.873587339Z            ^^^^^^^^^^^^^^^^^^^^^^^^^^^^^^^^^^^^^^^
2025-11-21T23:30:51.873587820Z   File "/workspace/AReaL/areal/workflow/rlvr.py", line 93, in arun_episode
2025-11-21T23:30:51.873588291Z     reward = await self.async_reward_fn(
2025-11-21T23:30:51.873588761Z              ^^^^^^^^^^^^^^^^^^^^^^^^^^^
2025-11-21T23:30:51.873589222Z   File "/workspace/AReaL/areal/api/reward_api.py", line 163, in __call__
2025-11-21T23:30:51.873589723Z     raise e
2025-11-21T23:30:51.873590214Z   File "/workspace/AReaL/areal/api/reward_api.py", line 122, in __call__
2025-11-21T23:30:51.873590725Z     reward = await asyncio.wait_for(
2025-11-21T23:30:51.873591196Z              ^^^^^^^^^^^^^^^^^^^^^^^
2025-11-21T23:30:51.873591667Z   File "/usr/lib/python3.12/asyncio/tasks.py", line 520, in wait_for
2025-11-21T23:30:51.873592138Z     return await fut
2025-11-21T23:30:51.873592609Z            ^^^^^^^^^
2025-11-21T23:30:51.873593059Z   File "/workspace/AReaL/areal/reward/math_parser.py", line 378
2025-11-21T23:30:51.873593540Z     if "final answer is $" in pred_str and "$. I hope" in pred_str:
2025-11-21T23:30:51.873594061Z     ^^
2025-11-21T23:30:51.873594542Z IndentationError: expected an indented block after 'if' statement on line 377
2025-11-21T23:30:51.873595234Z [31m20251121-23:30:51.872 [Remote Inference Engine Rank 0] ERROR: AsyncTaskRunner: Task 18 failed with exception: expected an indented block after 'if' statement on line 377 (math_parser.py, line 378) [0m
2025-11-21T23:30:51.873595855Z concurrent.futures.process._RemoteTraceback:
2025-11-21T23:30:51.873596366Z """
2025-11-21T23:30:51.873596827Z Traceback (most recent call last):
2025-11-21T23:30:51.873597297Z   File "/usr/lib/python3.12/concurrent/futures/process.py", line 264, in _process_worker
2025-11-21T23:30:51.873597798Z     r = call_item.fn(*call_item.args, **call_item.kwargs)
2025-11-21T23:30:51.873598269Z         ^^^^^^^^^^^^^^^^^^^^^^^^^^^^^^^^^^^^^^^^^^^^^^^^^
2025-11-21T23:30:51.873598740Z   File "/workspace/AReaL/examples/cloud_gsm8k/gsm8k_grpo_train.py", line 45, in gsm8k_reward_fn
2025-11-21T23:30:51.873599401Z     from areal.reward.math_parser import process_results
2025-11-21T23:30:51.873599862Z   File "/workspace/AReaL/areal/reward/math_parser.py", line 378
2025-11-21T23:30:51.873600333Z     if "final answer is $" in pred_str and "$. I hope" in pred_str:
2025-11-21T23:30:51.873600804Z     ^^
2025-11-21T23:30:51.873601255Z IndentationError: expected an indented block after 'if' statement on line 377
2025-11-21T23:30:51.873601756Z """
2025-11-21T23:30:51.873602667Z The above exception was the direct cause of the following exception:
2025-11-21T23:30:51.873603579Z Traceback (most recent call last):
2025-11-21T23:30:51.873604050Z   File "/workspace/AReaL/areal/core/async_task_runner.py", line 319, in _run_async_loop
2025-11-21T23:30:51.873604561Z     result = await async_task
2025-11-21T23:30:51.873605022Z              ^^^^^^^^^^^^^^^^
2025-11-21T23:30:51.873605553Z   File "/workspace/AReaL/areal/core/workflow_executor.py", line 367, in _execute_workflow
2025-11-21T23:30:51.873606224Z     traj = await task_input.workflow.arun_episode(
2025-11-21T23:30:51.873606675Z            ^^^^^^^^^^^^^^^^^^^^^^^^^^^^^^^^^^^^^^^
2025-11-21T23:30:51.873607136Z   File "/workspace/AReaL/areal/workflow/rlvr.py", line 93, in arun_episode
2025-11-21T23:30:51.873607597Z     reward = await self.async_reward_fn(
2025-11-21T23:30:51.873608058Z              ^^^^^^^^^^^^^^^^^^^^^^^^^^^
2025-11-21T23:30:51.873608528Z   File "/workspace/AReaL/areal/api/reward_api.py", line 163, in __call__
2025-11-21T23:30:51.873608999Z     raise e
2025-11-21T23:30:51.873609480Z   File "/workspace/AReaL/areal/api/reward_api.py", line 122, in __call__
2025-11-21T23:30:51.873609941Z     reward = await asyncio.wait_for(
2025-11-21T23:30:51.873610392Z              ^^^^^^^^^^^^^^^^^^^^^^^
2025-11-21T23:30:51.873611404Z   File "/usr/lib/python3.12/asyncio/tasks.py", line 520, in wait_for
2025-11-21T23:30:51.873611875Z     return await fut
2025-11-21T23:30:51.873612336Z            ^^^^^^^^^
2025-11-21T23:30:51.873612796Z   File "/workspace/AReaL/areal/reward/math_parser.py", line 378
2025-11-21T23:30:51.873613267Z     if "final answer is $" in pred_str and "$. I hope" in pred_str:
2025-11-21T23:30:51.873613758Z     ^^
2025-11-21T23:30:51.873614219Z IndentationError: expected an indented block after 'if' statement on line 377